Component: ARM Compiler 5.06 update 6 (build 750) Tool: armlink [4d35ed]

==============================================================================

Section Cross References

    main.o(i.USART1_IRQHandler) refers to stm32f4xx_usart.o(i.USART_GetITStatus) for USART_GetITStatus
    main.o(i.USART1_IRQHandler) refers to stm32f4xx_usart.o(i.USART_ClearITPendingBit) for USART_ClearITPendingBit
    main.o(i.USART1_IRQHandler) refers to stm32f4xx_usart.o(i.USART_ReceiveData) for USART_ReceiveData
    main.o(i.USART1_IRQHandler) refers to rt_memclr.o(.text) for __aeabi_memclr
    main.o(i.USART1_IRQHandler) refers to main.o(.data) for g_count
    main.o(i.USART1_IRQHandler) refers to main.o(.bss) for g_buffer
    main.o(i.USART3_IRQHandler) refers to stm32f4xx_usart.o(i.USART_GetITStatus) for USART_GetITStatus
    main.o(i.USART3_IRQHandler) refers to stm32f4xx_usart.o(i.USART_ClearITPendingBit) for USART_ClearITPendingBit
    main.o(i.USART3_IRQHandler) refers to stm32f4xx_usart.o(i.USART_ReceiveData) for USART_ReceiveData
    main.o(i.USART3_IRQHandler) refers to rt_memclr.o(.text) for __aeabi_memclr
    main.o(i.USART3_IRQHandler) refers to main.o(.data) for g_count
    main.o(i.USART3_IRQHandler) refers to main.o(.bss) for g_buffer
    main.o(i.app_BLUE) refers to _printf_percent.o(.ARM.Collect$$_printf_percent$$00000000) for _printf_percent
    main.o(i.app_BLUE) refers to _printf_s.o(.ARM.Collect$$_printf_percent$$00000014) for _printf_s
    main.o(i.app_BLUE) refers to _printf_str.o(.text) for _printf_str
    main.o(i.app_BLUE) refers to _printf_d.o(.ARM.Collect$$_printf_percent$$00000009) for _printf_d
    main.o(i.app_BLUE) refers to _printf_dec.o(.text) for _printf_int_dec
    main.o(i.app_BLUE) refers to noretval__2printf.o(.text) for __2printf
    main.o(i.app_BLUE) refers to stm32f4xx_gpio.o(i.GPIO_ToggleBits) for GPIO_ToggleBits
    main.o(i.app_BLUE) refers to strncmp.o(.text) for strncmp
    main.o(i.app_BLUE) refers to strtok.o(.text) for strtok
    main.o(i.app_BLUE) refers to atoi.o(.text) for atoi
    main.o(i.app_BLUE) refers to noretval__2sprintf.o(.text) for __2sprintf
    main.o(i.app_BLUE) refers to iic.o(i.At24c02_Write_Page) for At24c02_Write_Page
    main.o(i.app_BLUE) refers to strcmpv7m.o(.text) for strcmp
    main.o(i.app_BLUE) refers to pwm.o(i.cat_start) for cat_start
    main.o(i.app_BLUE) refers to pwm.o(i.cat_stop) for cat_stop
    main.o(i.app_BLUE) refers to pwm.o(i.cat_Advance) for cat_Advance
    main.o(i.app_BLUE) refers to pwm.o(i.cat_Backoff) for cat_Backoff
    main.o(i.app_BLUE) refers to pwm.o(i.cat_AdvanceLeft) for cat_AdvanceLeft
    main.o(i.app_BLUE) refers to pwm.o(i.cat_BackoffLeft) for cat_BackoffLeft
    main.o(i.app_BLUE) refers to pwm.o(i.cat_AdvanceRight) for cat_AdvanceRight
    main.o(i.app_BLUE) refers to pwm.o(i.cat_BackoffRight) for cat_BackoffRight
    main.o(i.app_BLUE) refers to pwm.o(i.cat_Leftss) for cat_Leftss
    main.o(i.app_BLUE) refers to pwm.o(i.cat_Rightss) for cat_Rightss
    main.o(i.app_BLUE) refers to rt_memclr.o(.text) for __aeabi_memclr
    main.o(i.app_BLUE) refers to delay.o(i.delay_ms) for delay_ms
    main.o(i.app_BLUE) refers to delay.o(i.delay_s) for delay_s
    main.o(i.app_BLUE) refers to main.o(.data) for g_flag
    main.o(i.app_BLUE) refers to main.o(.bss) for g_rxbuffer
    main.o(i.app_LED) refers to noretval__2printf.o(.text) for __2printf
    main.o(i.app_LED) refers to stm32f4xx_gpio.o(i.GPIO_ToggleBits) for GPIO_ToggleBits
    main.o(i.app_LED) refers to delay.o(i.delay_s) for delay_s
    main.o(i.app_LeftLED) refers to stm32f4xx_gpio.o(i.GPIO_ToggleBits) for GPIO_ToggleBits
    main.o(i.app_LeftLED) refers to delay.o(i.delay_ms) for delay_ms
    main.o(i.app_LeftLED) refers to main.o(.data) for catPdLR
    main.o(i.app_OLED) refers to _printf_percent.o(.ARM.Collect$$_printf_percent$$00000000) for _printf_percent
    main.o(i.app_OLED) refers to _printf_d.o(.ARM.Collect$$_printf_percent$$00000009) for _printf_d
    main.o(i.app_OLED) refers to _printf_dec.o(.text) for _printf_int_dec
    main.o(i.app_OLED) refers to _printf_s.o(.ARM.Collect$$_printf_percent$$00000014) for _printf_s
    main.o(i.app_OLED) refers to _printf_str.o(.text) for _printf_str
    main.o(i.app_OLED) refers to noretval__2printf.o(.text) for __2printf
    main.o(i.app_OLED) refers to oled_i2c.o(i.OLED_Fill) for OLED_Fill
    main.o(i.app_OLED) refers to sr04.o(i.Get_Sr04_Value) for Get_Sr04_Value
    main.o(i.app_OLED) refers to delay.o(i.delay_ms) for delay_ms
    main.o(i.app_OLED) refers to noretval__2sprintf.o(.text) for __2sprintf
    main.o(i.app_OLED) refers to oled_i2c.o(i.OLED_ShowCN) for OLED_ShowCN
    main.o(i.app_OLED) refers to oled_i2c.o(i.OLED_ShowStr) for OLED_ShowStr
    main.o(i.app_OLED) refers to iic.o(i.At24c02_Read_Data) for At24c02_Read_Data
    main.o(i.app_OLED) refers to atoi.o(.text) for atoi
    main.o(i.app_OLED) refers to printf.o(i.fpd) for fpd
    main.o(i.app_OLED) refers to delay.o(i.delay_s) for delay_s
[...]
    prvInsertTimerInActiveList               0x0800339d   Thumb Code    80  timers.o(i.prvInsertTimerInActiveList)
    i.prvIsQueueEmpty                        0x080033f4   Section        0  queue.o(i.prvIsQueueEmpty)
    prvIsQueueEmpty                          0x080033f5   Thumb Code    26  queue.o(i.prvIsQueueEmpty)
    i.prvIsQueueFull                         0x0800340e   Section        0  queue.o(i.prvIsQueueFull)
    prvIsQueueFull                           0x0800340f   Thumb Code    30  queue.o(i.prvIsQueueFull)
    i.prvProcessExpiredTimer                 0x0800342c   Section        0  timers.o(i.prvProcessExpiredTimer)
    prvProcessExpiredTimer                   0x0800342d   Thumb Code    94  timers.o(i.prvProcessExpiredTimer)
    i.prvProcessReceivedCommands             0x08003490   Section        0  timers.o(i.prvProcessReceivedCommands)
    prvProcessReceivedCommands               0x08003491   Thumb Code   242  timers.o(i.prvProcessReceivedCommands)
    i.prvProcessTimerOrBlockTask             0x08003588   Section        0  timers.o(i.prvProcessTimerOrBlockTask)
    prvProcessTimerOrBlockTask               0x08003589   Thumb Code   102  timers.o(i.prvProcessTimerOrBlockTask)
    i.prvResetNextTaskUnblockTime            0x080035fc   Section        0  tasks.o(i.prvResetNextTaskUnblockTime)
    prvResetNextTaskUnblockTime              0x080035fd   Thumb Code    42  tasks.o(i.prvResetNextTaskUnblockTime)
    i.prvSampleTimeNow                       0x08003630   Section        0  timers.o(i.prvSampleTimeNow)
    prvSampleTimeNow                         0x08003631   Thumb Code    40  timers.o(i.prvSampleTimeNow)
    i.prvSwitchTimerLists                    0x0800365c   Section        0  timers.o(i.prvSwitchTimerLists)
    prvSwitchTimerLists                      0x0800365d   Thumb Code   150  timers.o(i.prvSwitchTimerLists)
    i.prvTaskExitError                       0x080036fc   Section        0  port.o(i.prvTaskExitError)
    prvTaskExitError                         0x080036fd   Thumb Code    60  port.o(i.prvTaskExitError)
    i.prvTimerTask                           0x0800373c   Section        0  timers.o(i.prvTimerTask)
    prvTimerTask                             0x0800373d   Thumb Code    26  timers.o(i.prvTimerTask)
    i.prvUnlockQueue                         0x08003756   Section        0  queue.o(i.prvUnlockQueue)
    prvUnlockQueue                           0x08003757   Thumb Code   126  queue.o(i.prvUnlockQueue)
    i.pvPortMalloc                           0x080037d4   Section        0  heap_4.o(i.pvPortMalloc)
    i.pvTaskIncrementMutexHeldCount          0x08003910   Section        0  tasks.o(i.pvTaskIncrementMutexHeldCount)
    i.pxPortInitialiseStack                  0x08003930   Section        0  port.o(i.pxPortInitialiseStack)
    i.sg90_Init                              0x0800395c   Section        0  sg90.o(i.sg90_Init)
    i.sg90_up                                0x08003990   Section        0  sg90.o(i.sg90_up)
    i.sss                                    0x08003a54   Section        0  sg90.o(i.sss)
    i.uxListRemove                           0x08003a64   Section        0  list.o(i.uxListRemove)
    i.vListInitialise                        0x08003a8c   Section        0  list.o(i.vListInitialise)
    i.vListInitialiseItem                    0x08003aa6   Section        0  list.o(i.vListInitialiseItem)
    i.vListInsert                            0x08003aac   Section        0  list.o(i.vListInsert)
    i.vListInsertEnd                         0x08003ae0   Section        0  list.o(i.vListInsertEnd)
    i.vPortEnterCritical                     0x08003af8   Section        0  port.o(i.vPortEnterCritical)
    i.vPortExitCritical                      0x08003b4c   Section        0  port.o(i.vPortExitCritical)
    i.vPortFree                              0x08003b88   Section        0  heap_4.o(i.vPortFree)
    i.vPortSetupTimerInterrupt               0x08003c1c   Section        0  port.o(i.vPortSetupTimerInterrupt)
    i.vPortValidateInterruptPriority         0x08003c3c   Section        0  port.o(i.vPortValidateInterruptPriority)
    i.vQueueAddToRegistry                    0x08003cb4   Section        0  queue.o(i.vQueueAddToRegistry)
    i.vQueueWaitForMessageRestricted         0x08003ce0   Section        0  queue.o(i.vQueueWaitForMessageRestricted)
    i.vTaskDelay                             0x08003d2c   Section        0  tasks.o(i.vTaskDelay)
    i.vTaskMissedYield                       0x08003d88   Section        0  tasks.o(i.vTaskMissedYield)
    i.vTaskPlaceOnEventList                  0x08003d94   Section        0  tasks.o(i.vTaskPlaceOnEventList)
    i.vTaskPlaceOnEventListRestricted        0x08003dcc   Section        0  tasks.o(i.vTaskPlaceOnEventListRestricted)
    i.vTaskPriorityInherit                   0x08003e0c   Section        0  tasks.o(i.vTaskPriorityInherit)
    i.vTaskSetTimeOutState                   0x08003ebc   Section        0  tasks.o(i.vTaskSetTimeOutState)
    i.vTaskStartScheduler                    0x08003eec   Section        0  tasks.o(i.vTaskStartScheduler)
    i.vTaskSuspendAll                        0x08003f80   Section        0  tasks.o(i.vTaskSuspendAll)
    i.vTaskSwitchContext                     0x08003f90   Section        0  tasks.o(i.vTaskSwitchContext)
    i.xPortStartScheduler                    0x0800401c   Section        0  port.o(i.xPortStartScheduler)
    i.xQueueGenericCreate                    0x08004158   Section        0  queue.o(i.xQueueGenericCreate)
    i.xQueueGenericReceive                   0x080041b0   Section        0  queue.o(i.xQueueGenericReceive)
    i.xQueueGenericReset                     0x08004374   Section        0  queue.o(i.xQueueGenericReset)
    i.xQueueGenericSend                      0x0800440c   Section        0  queue.o(i.xQueueGenericSend)
    i.xQueueGenericSendFromISR               0x080045b4   Section        0  queue.o(i.xQueueGenericSendFromISR)
    i.xTaskCheckForTimeOut                   0x080046ac   Section        0  tasks.o(i.xTaskCheckForTimeOut)
    i.xTaskCreate                            0x08004738   Section        0  tasks.o(i.xTaskCreate)
    i.xTaskGetSchedulerState                 0x08004798   Section        0  tasks.o(i.xTaskGetSchedulerState)
    i.xTaskGetTickCount                      0x080047b8   Section        0  tasks.o(i.xTaskGetTickCount)
    i.xTaskIncrementTick                     0x080047c4   Section        0  tasks.o(i.xTaskIncrementTick)
    i.xTaskPriorityDisinherit                0x0800490c   Section        0  tasks.o(i.xTaskPriorityDisinherit)
    i.xTaskRemoveFromEventList               0x080049d4   Section        0  tasks.o(i.xTaskRemoveFromEventList)
    i.xTaskResumeAll                         0x08004a6c   Section        0  tasks.o(i.xTaskResumeAll)
    i.xTimerCreateTimerTask                  0x08004b70   Section        0  timers.o(i.xTimerCreateTimerTask)
    i.xTimerGenericCommand                   0x08004bc8   Section        0  timers.o(i.xTimerGenericCommand)
    locale$$code                             0x08004c4c   Section       44  lc_ctype_c.o(locale$$code)
    x$fpl$fpinit                             0x08004c78   Section       10  fpinit.o(x$fpl$fpinit)
    $v0                                      0x08004c78   Number         0  fpinit.o(x$fpl$fpinit)
    .constdata                               0x08004c82   Section     2072  oled_i2c.o(.constdata)
    locale$$data                             0x080054cc   Section      272  lc_ctype_c.o(locale$$data)
    __lcctype_c_name                         0x080054d0   Data           2  lc_ctype_c.o(locale$$data)
    __lcctype_c_start                        0x080054d8   Data           0  lc_ctype_c.o(locale$$data)
    __lcctype_c_end                          0x080055dc   Data           0  lc_ctype_c.o(locale$$data)
    .data                                    0x10000000   Section       60  main.o(.data)
    app_init_handle                          0x10000020   Data           4  main.o(.data)
    app_OLED_handle                          0x10000024   Data           4  main.o(.data)
    app_LED_handle                           0x10000028   Data           4  main.o(.data)
    app_BLUE_handle                          0x1000002c   Data           4  main.o(.data)
    app_SG90_handle                          0x10000030   Data           4  main.o(.data)
    app_LeftLED_handle                       0x10000034   Data           4  main.o(.data)
    app_RightLED_handle                      0x10000038   Data           4  main.o(.data)
    .data                                    0x1000003c   Section        8  printf.o(.data)
    .data                                    0x10000044   Section     1504  oled_i2c.o(.data)
    .data                                    0x10000624   Section       60  tasks.o(.data)
    pxDelayedTaskList                        0x10000628   Data           4  tasks.o(.data)
    pxOverflowDelayedTaskList                0x1000062c   Data           4  tasks.o(.data)
    uxDeletedTasksWaitingCleanUp             0x10000630   Data           4  tasks.o(.data)
    uxCurrentNumberOfTasks                   0x10000634   Data           4  tasks.o(.data)
    xTickCount                               0x10000638   Data           4  tasks.o(.data)
    uxTopReadyPriority                       0x1000063c   Data           4  tasks.o(.data)
    xSchedulerRunning                        0x10000640   Data           4  tasks.o(.data)
    uxPendedTicks                            0x10000644   Data           4  tasks.o(.data)
    xYieldPending                            0x10000648   Data           4  tasks.o(.data)
    xNumOfOverflows                          0x1000064c   Data           4  tasks.o(.data)
    uxTaskNumber                             0x10000650   Data           4  tasks.o(.data)
    xNextTaskUnblockTime                     0x10000654   Data           4  tasks.o(.data)
    xIdleTaskHandle                          0x10000658   Data           4  tasks.o(.data)
    uxSchedulerSuspended                     0x1000065c   Data           4  tasks.o(.data)
    .data                                    0x10000660   Section       20  timers.o(.data)
    pxCurrentTimerList                       0x10000660   Data           4  timers.o(.data)
    pxOverflowTimerList                      0x10000664   Data           4  timers.o(.data)
    xTimerQueue                              0x10000668   Data           4  timers.o(.data)
    xTimerTaskHandle                         0x1000066c   Data           4  timers.o(.data)
    xLastTime                                0x10000670   Data           4  timers.o(.data)
    .data                                    0x10000674   Section       12  port.o(.data)
    uxCriticalNesting                        0x10000674   Data           4  port.o(.data)
    ucMaxSysCallPriority                     0x10000678   Data           1  port.o(.data)
    ulMaxPRIGROUPValue                       0x1000067c   Data           4  port.o(.data)
    .data                                    0x10000680   Section       24  heap_4.o(.data)
    xStart                                   0x10000680   Data           8  heap_4.o(.data)
    pxEnd                                    0x10000688   Data           4  heap_4.o(.data)
    xFreeBytesRemaining                      0x1000068c   Data           4  heap_4.o(.data)
    xMinimumEverFreeBytesRemaining           0x10000690   Data           4  heap_4.o(.data)
    xBlockAllocatedBit                       0x10000694   Data           4  heap_4.o(.data)
    .data                                    0x10000698   Section       16  stm32f4xx_rcc.o(.data)
    APBAHBPrescTable                         0x10000698   Data          16  stm32f4xx_rcc.o(.data)
    .data                                    0x100006a8   Section       20  system_stm32f4xx.o(.data)
    .data                                    0x100006bc   Section        4  strtok.o(.data)
    _strtok_saves1                           0x100006bc   Data           4  strtok.o(.data)
    .bss                                     0x100006c0   Section       64  main.o(.bss)
    .bss                                     0x10000700   Section       64  queue.o(.bss)
    .bss                                     0x10000740   Section      200  tasks.o(.bss)
    pxReadyTasksLists                        0x10000740   Data         100  tasks.o(.bss)
    xDelayedTaskList1                        0x100007a4   Data          20  tasks.o(.bss)
    xDelayedTaskList2                        0x100007b8   Data          20  tasks.o(.bss)
    xPendingReadyList                        0x100007cc   Data          20  tasks.o(.bss)
    xTasksWaitingTermination                 0x100007e0   Data          20  tasks.o(.bss)
    xSuspendedTaskList                       0x100007f4   Data          20  tasks.o(.bss)
    .bss                                     0x10000808   Section       40  timers.o(.bss)
    xActiveTimerList1                        0x10000808   Data          20  timers.o(.bss)
    xActiveTimerList2                        0x1000081c   Data          20  timers.o(.bss)
    .bss                                     0x10000830   Section       96  libspace.o(.bss)
    HEAP                                     0x10000890   Section      512  startup_stm32f40_41xxx.o(HEAP)
    Heap_Mem                                 0x10000890   Data         512  startup_stm32f40_41xxx.o(HEAP)
    STACK                                    0x10000a90   Section     1024  startup_stm32f40_41xxx.o(STACK)
    Stack_Mem                                0x10000a90   Data        1024  startup_stm32f40_41xxx.o(STACK)
    __initial_sp                             0x10000e90   Data           0  startup_stm32f40_41xxx.o(STACK)
    .bss                                     0x20000000   Section    131072  heap_4.o(.bss)
    ucHeap                                   0x20000000   Data       131072  heap_4.o(.bss)

    Global Symbols

    Symbol Name                              Value     Ov Type        Size  Object(Section)

    BuildAttributes$$THM_ISAv4$E$P$D$K$B$S$7EM$VFPi3$EXTD16$VFPS$VFMA$PE$A:L22UL41UL21$X:L11$S22US41US21$IEEE1$IW$USESV6$~STKCKD$USESV7$~SHL$OSPACE$ROPI$EBA8$UX$STANDARDLIB$REQ8$PRES8$EABIv2 0x00000000   Number         0  anon$$obj.o ABSOLUTE
    __ARM_use_no_argv                        0x00000000   Number         0  main.o ABSOLUTE
    __ARM_exceptions_init                     - Undefined Weak Reference
    __alloca_initialize                       - Undefined Weak Reference
    __arm_preinit_                            - Undefined Weak Reference
    __cpp_initialize__aeabi_                  - Undefined Weak Reference
    __cxa_finalize                            - Undefined Weak Reference
    __sigvec_lookup                           - Undefined Weak Reference
    _atexit_init                              - Undefined Weak Reference
    _call_atexit_fns                          - Undefined Weak Reference
    _clock_init                               - Undefined Weak Reference
    _fp_trap_init                             - Undefined Weak Reference
    _fp_trap_shutdown                         - Undefined Weak Reference
    _get_lc_collate                           - Undefined Weak Reference
    _get_lc_monetary                          - Undefined Weak Reference
    _get_lc_numeric                           - Undefined Weak Reference
    _get_lc_time                              - Undefined Weak Reference
    _getenv_init                              - Undefined Weak Reference
    _handle_redirection                       - Undefined Weak Reference
    _init_alloc                               - Undefined Weak Reference
    _init_user_alloc                          - Undefined Weak Reference
    _initio                                   - Undefined Weak Reference
    _mutex_acquire                            - Undefined Weak Reference
    _mutex_release                            - Undefined Weak Reference
    _printf_mbtowc                            - Undefined Weak Reference
    _printf_post_padding                      - Undefined Weak Reference
    _printf_pre_padding                       - Undefined Weak Reference
    _printf_truncate_signed                   - Undefined Weak Reference
    _printf_truncate_unsigned                 - Undefined Weak Reference
    _rand_init                                - Undefined Weak Reference
    _signal_finish                            - Undefined Weak Reference
    _signal_init                              - Undefined Weak Reference
    _terminate_alloc                          - Undefined Weak Reference
    _terminate_user_alloc                     - Undefined Weak Reference
    _terminateio                              - Undefined Weak Reference
    __Vectors_Size                           0x00000188   Number         0  startup_stm32f40_41xxx.o ABSOLUTE
    __Vectors                                0x08000000   Data           4  startup_stm32f40_41xxx.o(RESET)
    __Vectors_End                            0x08000188   Data           0  startup_stm32f40_41xxx.o(RESET)
    __main                                   0x08000189   Thumb Code     8  __main.o(!!!main)
    __scatterload                            0x08000191   Thumb Code     0  __scatter.o(!!!scatter)
    __scatterload_rt2                        0x08000191   Thumb Code    44  __scatter.o(!!!scatter)
    __scatterload_rt2_thumb_only             0x08000191   Thumb Code     0  __scatter.o(!!!scatter)
    __scatterload_null                       0x0800019f   Thumb Code     0  __scatter.o(!!!scatter)
    __decompress                             0x080001c5   Thumb Code    90  __dczerorl2.o(!!dczerorl2)
    __decompress1                            0x080001c5   Thumb Code     0  __dczerorl2.o(!!dczerorl2)
    __scatterload_zeroinit                   0x08000221   Thumb Code    28  __scatter_zi.o(!!handler_zi)
    _printf_d                                0x0800023d   Thumb Code     0  _printf_d.o(.ARM.Collect$$_printf_percent$$00000009)
    _printf_percent                          0x0800023d   Thumb Code     0  _printf_percent.o(.ARM.Collect$$_printf_percent$$00000000)
    _printf_s                                0x08000243   Thumb Code     0  _printf_s.o(.ARM.Collect$$_printf_percent$$00000014)
    _printf_percent_end                      0x08000249   Thumb Code     0  _printf_percent_end.o(.ARM.Collect$$_printf_percent$$00000017)
    __rt_lib_init                            0x0800024d   Thumb Code     0  libinit.o(.ARM.Collect$$libinit$$00000000)
    __rt_lib_init_fp_1                       0x0800024f   Thumb Code     0  libinit2.o(.ARM.Collect$$libinit$$00000001)
    __rt_lib_init_heap_1                     0x08000253   Thumb Code     0  libinit2.o(.ARM.Collect$$libinit$$0000000A)
    __rt_lib_init_lc_common                  0x08000253   Thumb Code     0  libinit2.o(.ARM.Collect$$libinit$$0000000F)
    __rt_lib_init_preinit_1                  0x08000253   Thumb Code     0  libinit2.o(.ARM.Collect$$libinit$$00000004)
    __rt_lib_init_rand_1                     0x08000253   Thumb Code     0  libinit2.o(.ARM.Collect$$libinit$$0000000E)
    __rt_lib_init_user_alloc_1               0x08000253   Thumb Code     0  libinit2.o(.ARM.Collect$$libinit$$0000000C)
    __rt_lib_init_lc_collate_1               0x08000259   Thumb Code     0  libinit2.o(.ARM.Collect$$libinit$$00000011)
    __rt_lib_init_lc_ctype_2                 0x08000259   Thumb Code     0  libinit2.o(.ARM.Collect$$libinit$$00000012)
    __rt_lib_init_alloca_1                   0x08000265   Thumb Code     0  libinit2.o(.ARM.Collect$$libinit$$0000002E)
    __rt_lib_init_argv_1                     0x08000265   Thumb Code     0  libinit2.o(.ARM.Collect$$libinit$$0000002C)
    __rt_lib_init_atexit_1                   0x08000265   Thumb Code     0  libinit2.o(.ARM.Collect$$libinit$$0000001B)
    __rt_lib_init_clock_1                    0x08000265   Thumb Code     0  libinit2.o(.ARM.Collect$$libinit$$00000021)
    __rt_lib_init_cpp_1                      0x08000265   Thumb Code     0  libinit2.o(.ARM.Collect$$libinit$$00000032)
    __rt_lib_init_exceptions_1               0x08000265   Thumb Code     0  libinit2.o(.ARM.Collect$$libinit$$00000030)
    __rt_lib_init_fp_trap_1                  0x08000265   Thumb Code     0  libinit2.o(.ARM.Collect$$libinit$$0000001F)
    __rt_lib_init_getenv_1                   0x08000265   Thumb Code     0  libinit2.o(.ARM.Collect$$libinit$$00000023)
    __rt_lib_init_lc_ctype_1                 0x08000265   Thumb Code     0  libinit2.o(.ARM.Collect$$libinit$$00000013)
    __rt_lib_init_lc_monetary_1              0x08000265   Thumb Code     0  libinit2.o(.ARM.Collect$$libinit$$00000015)
    __rt_lib_init_lc_numeric_1               0x08000265   Thumb Code     0  libinit2.o(.ARM.Collect$$libinit$$00000017)
    __rt_lib_init_lc_time_1                  0x08000265   Thumb Code     0  libinit2.o(.ARM.Collect$$libinit$$00000019)
    __rt_lib_init_return                     0x08000265   Thumb Code     0  libinit2.o(.ARM.Collect$$libinit$$00000033)
    __rt_lib_init_signal_1                   0x08000265   Thumb Code     0  libinit2.o(.ARM.Collect$$libinit$$0000001D)
    __rt_lib_init_stdio_1                    0x08000265   Thumb Code     0  libinit2.o(.ARM.Collect$$libinit$$00000025)
    __rt_lib_shutdown                        0x08000267   Thumb Code     0  libshutdown.o(.ARM.Collect$$libshutdown$$00000000)
    __rt_lib_shutdown_cpp_1                  0x08000269   Thumb Code     0  libshutdown2.o(.ARM.Collect$$libshutdown$$00000002)
    __rt_lib_shutdown_fp_trap_1              0x08000269   Thumb Code     0  libshutdown2.o(.ARM.Collect$$libshutdown$$00000007)
    __rt_lib_shutdown_heap_1                 0x08000269   Thumb Code     0  libshutdown2.o(.ARM.Collect$$libshutdown$$0000000F)
    __rt_lib_shutdown_return                 0x08000269   Thumb Code     0  libshutdown2.o(.ARM.Collect$$libshutdown$$00000010)
    __rt_lib_shutdown_signal_1               0x08000269   Thumb Code     0  libshutdown2.o(.ARM.Collect$$libshutdown$$0000000A)
    __rt_lib_shutdown_stdio_1                0x08000269   Thumb Code     0  libshutdown2.o(.ARM.Collect$$libshutdown$$00000004)
    __rt_lib_shutdown_user_alloc_1           0x08000269   Thumb Code     0  libshutdown2.o(.ARM.Collect$$libshutdown$$0000000C)
    __rt_entry                               0x0800026b   Thumb Code     0  __rtentry.o(.ARM.Collect$$rtentry$$00000000)
    __rt_entry_presh_1                       0x0800026b   Thumb Code     0  __rtentry2.o(.ARM.Collect$$rtentry$$00000002)
    __rt_entry_sh                            0x0800026b   Thumb Code     0  __rtentry4.o(.ARM.Collect$$rtentry$$00000004)
    __rt_entry_li                            0x08000271   Thumb Code     0  __rtentry2.o(.ARM.Collect$$rtentry$$0000000A)
    __rt_entry_postsh_1                      0x08000271   Thumb Code     0  __rtentry2.o(.ARM.Collect$$rtentry$$00000009)
    __rt_entry_main                          0x08000275   Thumb Code     0  __rtentry2.o(.ARM.Collect$$rtentry$$0000000D)
    __rt_entry_postli_1                      0x08000275   Thumb Code     0  __rtentry2.o(.ARM.Collect$$rtentry$$0000000C)
    __rt_exit                                0x0800027d   Thumb Code     0  rtexit.o(.ARM.Collect$$rtexit$$00000000)
    __rt_exit_ls                             0x0800027f   Thumb Code     0  rtexit2.o(.ARM.Collect$$rtexit$$00000003)
    __rt_exit_prels_1                        0x0800027f   Thumb Code     0  rtexit2.o(.ARM.Collect$$rtexit$$00000002)
    __rt_exit_exit                           0x08000283   Thumb Code     0  rtexit2.o(.ARM.Collect$$rtexit$$00000004)
    SVC_Handler                              0x08000289   Thumb Code    28  port.o(.emb_text)
    __asm___6_port_c_39a90d8d__prvStartFirstTask 0x080002a9   Thumb Code    28  port.o(.emb_text)
    __asm___6_port_c_39a90d8d__prvEnableVFP  0x080002c9   Thumb Code    16  port.o(.emb_text)
    PendSV_Handler                           0x080002dd   Thumb Code    88  port.o(.emb_text)
    vPortGetIPSR                             0x08000339   Thumb Code     6  port.o(.emb_text)
    Reset_Handler                            0x08000341   Thumb Code     8  startup_stm32f40_41xxx.o(.text)
    NMI_Handler                              0x08000349   Thumb Code     2  startup_stm32f40_41xxx.o(.text)
    HardFault_Handler                        0x0800034b   Thumb Code     2  startup_stm32f40_41xxx.o(.text)
    MemManage_Handler                        0x0800034d   Thumb Code     2  startup_stm32f40_41xxx.o(.text)
    BusFault_Handler                         0x0800034f   Thumb Code     2  startup_stm32f40_41xxx.o(.text)
    UsageFault_Handler                       0x08000351   Thumb Code     2  startup_stm32f40_41xxx.o(.text)
    DebugMon_Handler                         0x08000355   Thumb Code     2  startup_stm32f40_41xxx.o(.text)
    ADC_IRQHandler                           0x0800035b   Thumb Code     0  startup_stm32f40_41xxx.o(.text)
    CAN1_RX0_IRQHandler                      0x0800035b   Thumb Code     0  startup_stm32f40_41xxx.o(.text)
    CAN1_RX1_IRQHandler                      0x0800035b   Thumb Code     0  startup_stm32f40_41xxx.o(.text)
    CAN1_SCE_IRQHandler                      0x0800035b   Thumb Code     0  startup_stm32f40_41xxx.o(.text)
    CAN1_TX_IRQHandler                       0x0800035b   Thumb Code     0  startup_stm32f40_41xxx.o(.text)
    CAN2_RX0_IRQHandler                      0x0800035b   Thumb Code     0  startup_stm32f40_41xxx.o(.text)
    CAN2_RX1_IRQHandler                      0x0800035b   Thumb Code     0  startup_stm32f40_41xxx.o(.text)
    CAN2_SCE_IRQHandler                      0x0800035b   Thumb Code     0  startup_stm32f40_41xxx.o(.text)
    CAN2_TX_IRQHandler                       0x0800035b   Thumb Code     0  startup_stm32f40_41xxx.o(.text)
    CRYP_IRQHandler                          0x0800035b   Thumb Code     0  startup_stm32f40_41xxx.o(.text)
    DCMI_IRQHandler                          0x0800035b   Thumb Code     0  startup_stm32f40_41xxx.o(.text)
    DMA1_Stream0_IRQHandler                  0x0800035b   Thumb Code     0  startup_stm32f40_41xxx.o(.text)
    DMA1_Stream1_IRQHandler                  0x0800035b   Thumb Code     0  startup_stm32f40_41xxx.o(.text)
    DMA1_Stream2_IRQHandler                  0x0800035b   Thumb Code     0  startup_stm32f40_41xxx.o(.text)
    DMA1_Stream3_IRQHandler                  0x0800035b   Thumb Code     0  startup_stm32f40_41xxx.o(.text)
    DMA1_Stream4_IRQHandler                  0x0800035b   Thumb Code     0  startup_stm32f40_41xxx.o(.text)
    DMA1_Stream5_IRQHandler                  0x0800035b   Thumb Code     0  startup_stm32f40_41xxx.o(.text)
    DMA1_Stream6_IRQHandler                  0x0800035b   Thumb Code     0  startup_stm32f40_41xxx.o(.text)
    DMA1_Stream7_IRQHandler                  0x0800035b   Thumb Code     0  startup_stm32f40_41xxx.o(.text)
    DMA2_Stream0_IRQHandler                  0x0800035b   Thumb Code     0  startup_stm32f40_41xxx.o(.text)
    DMA2_Stream1_IRQHandler                  0x0800035b   Thumb Code     0  startup_stm32f40_41xxx.o(.text)
    DMA2_Stream2_IRQHandler                  0x0800035b   Thumb Code     0  startup_stm32f40_41xxx.o(.text)
    DMA2_Stream3_IRQHandler                  0x0800035b   Thumb Code     0  startup_stm32f40_41xxx.o(.text)
    DMA2_Stream4_IRQHandler                  0x0800035b   Thumb Code     0  startup_stm32f40_41xxx.o(.text)
    DMA2_Stream5_IRQHandler                  0x0800035b   Thumb Code     0  startup_stm32f40_41xxx.o(.text)
    DMA2_Stream6_IRQHandler                  0x0800035b   Thumb Code     0  startup_stm32f40_41xxx.o(.text)
    DMA2_Stream7_IRQHandler                  0x0800035b   Thumb Code     0  startup_stm32f40_41xxx.o(.text)
    ETH_IRQHandler                           0x0800035b   Thumb Code     0  startup_stm32f40_41xxx.o(.text)
    ETH_WKUP_IRQHandler                      0x0800035b   Thumb Code     0  startup_stm32f40_41xxx.o(.text)
    EXTI0_IRQHandler                         0x0800035b   Thumb Code     0  startup_stm32f40_41xxx.o(.text)
    EXTI15_10_IRQHandler                     0x0800035b   Thumb Code     0  startup_stm32f40_41xxx.o(.text)
    EXTI1_IRQHandler                         0x0800035b   Thumb Code     0  startup_stm32f40_41xxx.o(.text)
    EXTI2_IRQHandler                         0x0800035b   Thumb Code     0  startup_stm32f40_41xxx.o(.text)
    EXTI3_IRQHandler                         0x0800035b   Thumb Code     0  startup_stm32f40_41xxx.o(.text)
    EXTI4_IRQHandler                         0x0800035b   Thumb Code     0  startup_stm32f40_41xxx.o(.text)
    EXTI9_5_IRQHandler                       0x0800035b   Thumb Code     0  startup_stm32f40_41xxx.o(.text)
    FLASH_IRQHandler                         0x0800035b   Thumb Code     0  startup_stm32f40_41xxx.o(.text)
    FPU_IRQHandler                           0x0800035b   Thumb Code     0  startup_stm32f40_41xxx.o(.text)
    FSMC_IRQHandler                          0x0800035b   Thumb Code     0  startup_stm32f40_41xxx.o(.text)
    HASH_RNG_IRQHandler                      0x0800035b   Thumb Code     0  startup_stm32f40_41xxx.o(.text)
    I2C1_ER_IRQHandler                       0x0800035b   Thumb Code     0  startup_stm32f40_41xxx.o(.text)
    I2C1_EV_IRQHandler                       0x0800035b   Thumb Code     0  startup_stm32f40_41xxx.o(.text)
    I2C2_ER_IRQHandler                       0x0800035b   Thumb Code     0  startup_stm32f40_41xxx.o(.text)
    I2C2_EV_IRQHandler                       0x0800035b   Thumb Code     0  startup_stm32f40_41xxx.o(.text)
    I2C3_ER_IRQHandler                       0x0800035b   Thumb Code     0  startup_stm32f40_41xxx.o(.text)
    I2C3_EV_IRQHandler                       0x0800035b   Thumb Code     0  startup_stm32f40_41xxx.o(.text)
    OTG_FS_IRQHandler                        0x0800035b   Thumb Code     0  startup_stm32f40_41xxx.o(.text)
    OTG_FS_WKUP_IRQHandler                   0x0800035b   Thumb Code     0  startup_stm32f40_41xxx.o(.text)
    OTG_HS_EP1_IN_IRQHandler                 0x0800035b   Thumb Code     0  startup_stm32f40_41xxx.o(.text)
    OTG_HS_EP1_OUT_IRQHandler                0x0800035b   Thumb Code     0  startup_stm32f40_41xxx.o(.text)
    OTG_HS_IRQHandler                        0x0800035b   Thumb Code     0  startup_stm32f40_41xxx.o(.text)
    OTG_HS_WKUP_IRQHandler                   0x0800035b   Thumb Code     0  startup_stm32f40_41xxx.o(.text)
    PVD_IRQHandler                           0x0800035b   Thumb Code     0  startup_stm32f40_41xxx.o(.text)
    RCC_IRQHandler                           0x0800035b   Thumb Code     0  startup_stm32f40_41xxx.o(.text)
    RTC_Alarm_IRQHandler                     0x0800035b   Thumb Code     0  startup_stm32f40_41xxx.o(.text)
    RTC_WKUP_IRQHandler                      0x0800035b   Thumb Code     0  startup_stm32f40_41xxx.o(.text)
    SDIO_IRQHandler                          0x0800035b   Thumb Code     0  startup_stm32f40_41xxx.o(.text)
    SPI1_IRQHandler                          0x0800035b   Thumb Code     0  startup_stm32f40_41xxx.o(.text)
    SPI2_IRQHandler                          0x0800035b   Thumb Code     0  startup_stm32f40_41xxx.o(.text)
    SPI3_IRQHandler                          0x0800035b   Thumb Code     0  startup_stm32f40_41xxx.o(.text)
    TAMP_STAMP_IRQHandler                    0x0800035b   Thumb Code     0  startup_stm32f40_41xxx.o(.text)
    TIM1_BRK_TIM9_IRQHandler                 0x0800035b   Thumb Code     0  startup_stm32f40_41xxx.o(.text)
    TIM1_CC_IRQHandler                       0x0800035b   Thumb Code     0  startup_stm32f40_41xxx.o(.text)
    TIM1_TRG_COM_TIM11_IRQHandler            0x0800035b   Thumb Code     0  startup_stm32f40_41xxx.o(.text)
    TIM1_UP_TIM10_IRQHandler                 0x0800035b   Thumb Code     0  startup_stm32f40_41xxx.o(.text)
    TIM2_IRQHandler                          0x0800035b   Thumb Code     0  startup_stm32f40_41xxx.o(.text)
    TIM3_IRQHandler                          0x0800035b   Thumb Code     0  startup_stm32f40_41xxx.o(.text)
    TIM4_IRQHandler                          0x0800035b   Thumb Code     0  startup_stm32f40_41xxx.o(.text)
    TIM5_IRQHandler                          0x0800035b   Thumb Code     0  startup_stm32f40_41xxx.o(.text)
    TIM6_DAC_IRQHandler                      0x0800035b   Thumb Code     0  startup_stm32f40_41xxx.o(.text)
    TIM7_IRQHandler                          0x0800035b   Thumb Code     0  startup_stm32f40_41xxx.o(.text)
    TIM8_BRK_TIM12_IRQHandler                0x0800035b   Thumb Code     0  startup_stm32f40_41xxx.o(.text)
    TIM8_CC_IRQHandler                       0x0800035b   Thumb Code     0  startup_stm32f40_41xxx.o(.text)
    TIM8_TRG_COM_TIM14_IRQHandler            0x0800035b   Thumb Code     0  startup_stm32f40_41xxx.o(.text)
    TIM8_UP_TIM13_IRQHandler                 0x0800035b   Thumb Code     0  startup_stm32f40_41xxx.o(.text)
    UART4_IRQHandler                         0x0800035b   Thumb Code     0  startup_stm32f40_41xxx.o(.text)
    UART5_IRQHandler                         0x0800035b   Thumb Code     0  startup_stm32f40_41xxx.o(.text)
    USART2_IRQHandler                        0x0800035b   Thumb Code     0  startup_stm32f40_41xxx.o(.text)
    USART6_IRQHandler                        0x0800035b   Thumb Code     0  startup_stm32f40_41xxx.o(.text)
    WWDG_IRQHandler                          0x0800035b   Thumb Code     0  startup_stm32f40_41xxx.o(.text)
    __user_initial_stackheap                 0x0800035d   Thumb Code     0  startup_stm32f40_41xxx.o(.text)
    __use_no_semihosting                     0x08000381   Thumb Code     2  use_no_semi_2.o(.text)
    __2printf                                0x08000385   Thumb Code    20  noretval__2printf.o(.text)
    __2sprintf                               0x0800039d   Thumb Code    34  noretval__2sprintf.o(.text)
    __printf                                 0x080003c5   Thumb Code   104  __printf.o(.text)
    _printf_str                              0x0800042d   Thumb Code    82  _printf_str.o(.text)
    _printf_int_dec                          0x08000481   Thumb Code   104  _printf_dec.o(.text)
    atoi                                     0x080004f9   Thumb Code    26  atoi.o(.text)
    strtok                                   0x08000515   Thumb Code     6  strtok.o(.text)
    strncmp                                  0x08000521   Thumb Code   150  strncmp.o(.text)
    __aeabi_memcpy                           0x080005b7   Thumb Code     0  rt_memcpy_v6.o(.text)
    __rt_memcpy                              0x080005b7   Thumb Code   138  rt_memcpy_v6.o(.text)
    _memcpy_lastbytes                        0x0800061d   Thumb Code     0  rt_memcpy_v6.o(.text)
    __aeabi_memset                           0x08000641   Thumb Code    16  aeabi_memset.o(.text)
    __aeabi_memclr                           0x08000651   Thumb Code     0  rt_memclr.o(.text)
    __rt_memclr                              0x08000651   Thumb Code    68  rt_memclr.o(.text)
    _memset                                  0x08000655   Thumb Code     0  rt_memclr.o(.text)
    strcmp                                   0x08000695   Thumb Code   128  strcmpv7m.o(.text)
    __use_two_region_memory                  0x08000715   Thumb Code     2  heapauxi.o(.text)
    __rt_heap_escrow$2region                 0x08000717   Thumb Code     2  heapauxi.o(.text)
    __rt_heap_expand$2region                 0x08000719   Thumb Code     2  heapauxi.o(.text)
    __I$use$semihosting                      0x0800071b   Thumb Code     0  use_no_semi.o(.text)
    __use_no_semihosting_swi                 0x0800071b   Thumb Code     2  use_no_semi.o(.text)
    __aeabi_errno_addr                       0x0800071d   Thumb Code     8  rt_errno_addr_intlibspace.o(.text)
    __errno$intlibspace                      0x0800071d   Thumb Code     0  rt_errno_addr_intlibspace.o(.text)
    __rt_errno_addr$intlibspace              0x0800071d   Thumb Code     0  rt_errno_addr_intlibspace.o(.text)
    _printf_int_common                       0x08000725   Thumb Code   178  _printf_intcommon.o(.text)
    _printf_char_common                      0x080007e3   Thumb Code    32  _printf_char_common.o(.text)
    _sputc                                   0x08000809   Thumb Code    10  _sputc.o(.text)
    _printf_cs_common                        0x08000813   Thumb Code    20  _printf_char.o(.text)
    _printf_char                             0x08000827   Thumb Code    16  _printf_char.o(.text)
    _printf_string                           0x08000837   Thumb Code     8  _printf_char.o(.text)
    _printf_char_file                        0x08000841   Thumb Code    32  _printf_char_file.o(.text)
    strtol                                   0x08000865   Thumb Code   112  strtol.o(.text)
    __strtok_internal                        0x080008d5   Thumb Code    64  strtok_int.o(.text)
    __aeabi_memcpy4                          0x08000919   Thumb Code     0  rt_memcpy_w.o(.text)
    __aeabi_memcpy8                          0x08000919   Thumb Code     0  rt_memcpy_w.o(.text)
    __rt_memcpy_w                            0x08000919   Thumb Code   100  rt_memcpy_w.o(.text)
    _memcpy_lastbytes_aligned                0x08000961   Thumb Code     0  rt_memcpy_w.o(.text)
    __aeabi_memclr4                          0x0800097d   Thumb Code     0  rt_memclr_w.o(.text)
    __aeabi_memclr8                          0x0800097d   Thumb Code     0  rt_memclr_w.o(.text)
    __rt_memclr_w                            0x0800097d   Thumb Code    78  rt_memclr_w.o(.text)
    _memset_w                                0x08000981   Thumb Code     0  rt_memclr_w.o(.text)
    __user_libspace                          0x080009cd   Thumb Code     8  libspace.o(.text)
    __user_perproc_libspace                  0x080009cd   Thumb Code     0  libspace.o(.text)
    __user_perthread_libspace                0x080009cd   Thumb Code     0  libspace.o(.text)
    __rt_ctype_table                         0x080009d5   Thumb Code    16  rt_ctype_table.o(.text)
    _strtoul                                 0x080009e5   Thumb Code   158  _strtoul.o(.text)
    ferror                                   0x08000a83   Thumb Code     8  ferror.o(.text)
    strcspn                                  0x08000a8b   Thumb Code    32  strcspn.o(.text)
    strspn                                   0x08000aab   Thumb Code    28  strspn.o(.text)
    __user_setup_stackheap                   0x08000ac7   Thumb Code    74  sys_stackheap_outer.o(.text)
    __rt_locale                              0x08000b11   Thumb Code     8  rt_locale_intlibspace.o(.text)
    _chval                                   0x08000b19   Thumb Code    28  _chval.o(.text)
    exit                                     0x08000b35   Thumb Code    18  exit.o(.text)
    At24c02_Read_Data                        0x08000b49   Thumb Code   136  iic.o(i.At24c02_Read_Data)
    At24c02_Write_Page                       0x08000be1   Thumb Code   116  iic.o(i.At24c02_Write_Page)
    Bluetooth_Init                           0x08000c95   Thumb Code   170  bluetooth.o(i.Bluetooth_Init)
    GPIO_Init                                0x08000d49   Thumb Code   144  stm32f4xx_gpio.o(i.GPIO_Init)
    GPIO_PinAFConfig                         0x08000dd9   Thumb Code    70  stm32f4xx_gpio.o(i.GPIO_PinAFConfig)
    GPIO_ResetBits                           0x08000e1f   Thumb Code     4  stm32f4xx_gpio.o(i.GPIO_ResetBits)
    GPIO_SetBits                             0x08000e23   Thumb Code     4  stm32f4xx_gpio.o(i.GPIO_SetBits)
    GPIO_ToggleBits                          0x08000e27   Thumb Code     8  stm32f4xx_gpio.o(i.GPIO_ToggleBits)
    Get_Sr04_Value                           0x08000e31   Thumb Code   142  sr04.o(i.Get_Sr04_Value)
    I2C_Configuration                        0x08000ec9   Thumb Code    70  oled_i2c.o(i.I2C_Configuration)
    I2C_WriteByte                            0x08000f19   Thumb Code    90  oled_i2c.o(i.I2C_WriteByte)
    Iic_Init                                 0x08000f85   Thumb Code    58  iic.o(i.Iic_Init)
    Iic_Recv_Ack                             0x08000fcd   Thumb Code    62  iic.o(i.Iic_Recv_Ack)
    Iic_Recv_Byte                            0x08001015   Thumb Code    76  iic.o(i.Iic_Recv_Byte)
    Iic_Sda_Mode                             0x08001069   Thumb Code    40  iic.o(i.Iic_Sda_Mode)
    Iic_Send_Ack                             0x08001095   Thumb Code    64  iic.o(i.Iic_Send_Ack)
    Iic_Send_Byte                            0x080010dd   Thumb Code    86  iic.o(i.Iic_Send_Byte)
    Iic_Start                                0x0800113d   Thumb Code    50  iic.o(i.Iic_Start)
    Iic_Stop                                 0x08001179   Thumb Code    48  iic.o(i.Iic_Stop)
    Led_Init                                 0x080011b1   Thumb Code   132  led.o(i.Led_Init)
    NVIC_Init                                0x0800123d   Thumb Code   106  misc.o(i.NVIC_Init)
    OLED_CLS                                 0x080012b5   Thumb Code    10  oled_i2c.o(i.OLED_CLS)
    OLED_Fill                                0x080012bf   Thumb Code    58  oled_i2c.o(i.OLED_Fill)
    OLED_Iic_OLED_SDA_Mode                   0x080012f9   Thumb Code    40  oled_i2c.o(i.OLED_Iic_OLED_SDA_Mode)
    OLED_Iic_Recv_Ack                        0x08001325   Thumb Code    58  oled_i2c.o(i.OLED_Iic_Recv_Ack)
    OLED_Iic_Send_Byte                       0x0800136d   Thumb Code    80  oled_i2c.o(i.OLED_Iic_Send_Byte)
    OLED_Iic_Start                           0x080013c9   Thumb Code    48  oled_i2c.o(i.OLED_Iic_Start)
    OLED_Iic_Stop                            0x08001409   Thumb Code    48  oled_i2c.o(i.OLED_Iic_Stop)
    OLED_Init                                0x08001441   Thumb Code   178  oled_i2c.o(i.OLED_Init)
    OLED_SetPos                              0x080014f3   Thumb Code    40  oled_i2c.o(i.OLED_SetPos)
    OLED_ShowCN                              0x0800151d   Thumb Code    80  oled_i2c.o(i.OLED_ShowCN)
    OLED_ShowStr                             0x08001571   Thumb Code   228  oled_i2c.o(i.OLED_ShowStr)
    Pwm_one_Init                             0x0800165d   Thumb Code   508  pwm.o(i.Pwm_one_Init)
    RCC_AHB1PeriphClockCmd                   0x08001871   Thumb Code    26  stm32f4xx_rcc.o(i.RCC_AHB1PeriphClockCmd)
    RCC_APB1PeriphClockCmd                   0x08001891   Thumb Code    26  stm32f4xx_rcc.o(i.RCC_APB1PeriphClockCmd)
    RCC_APB2PeriphClockCmd                   0x080018b1   Thumb Code    26  stm32f4xx_rcc.o(i.RCC_APB2PeriphClockCmd)
    RCC_GetClocksFreq                        0x080018d1   Thumb Code   214  stm32f4xx_rcc.o(i.RCC_GetClocksFreq)
    Sr04_Init                                0x08001aa5   Thumb Code   124  sr04.o(i.Sr04_Init)
    SysTick_Handler                          0x08001b25   Thumb Code    46  port.o(i.SysTick_Handler)
    SystemInit                               0x08001b59   Thumb Code    88  system_stm32f4xx.o(i.SystemInit)
    TIM_ARRPreloadConfig                     0x08001bc1   Thumb Code    24  stm32f4xx_tim.o(i.TIM_ARRPreloadConfig)
    TIM_Cmd                                  0x08001bd9   Thumb Code    24  stm32f4xx_tim.o(i.TIM_Cmd)
    TIM_OC1Init                              0x08001bf1   Thumb Code   114  stm32f4xx_tim.o(i.TIM_OC1Init)
    TIM_OC1PreloadConfig                     0x08001c6d   Thumb Code    18  stm32f4xx_tim.o(i.TIM_OC1PreloadConfig)
    TIM_OC2Init                              0x08001c81   Thumb Code   154  stm32f4xx_tim.o(i.TIM_OC2Init)
    TIM_OC2PreloadConfig                     0x08001d25   Thumb Code    26  stm32f4xx_tim.o(i.TIM_OC2PreloadConfig)
    TIM_OC3Init                              0x08001d41   Thumb Code   150  stm32f4xx_tim.o(i.TIM_OC3Init)
    TIM_OC3PreloadConfig                     0x08001de1   Thumb Code    18  stm32f4xx_tim.o(i.TIM_OC3PreloadConfig)
    TIM_OC4Init                              0x08001df5   Thumb Code   112  stm32f4xx_tim.o(i.TIM_OC4Init)
    TIM_OC4PreloadConfig                     0x08001e6d   Thumb Code    26  stm32f4xx_tim.o(i.TIM_OC4PreloadConfig)
    TIM_SetCompare1                          0x08001e87   Thumb Code     4  stm32f4xx_tim.o(i.TIM_SetCompare1)
    TIM_SetCompare2                          0x08001e8b   Thumb Code     4  stm32f4xx_tim.o(i.TIM_SetCompare2)
    TIM_SetCompare3                          0x08001e8f   Thumb Code     4  stm32f4xx_tim.o(i.TIM_SetCompare3)
    TIM_SetCompare4                          0x08001e93   Thumb Code     4  stm32f4xx_tim.o(i.TIM_SetCompare4)
    TIM_TimeBaseInit                         0x08001e99   Thumb Code   104  stm32f4xx_tim.o(i.TIM_TimeBaseInit)
    USART1_IRQHandler                        0x08001f1d   Thumb Code   134  main.o(i.USART1_IRQHandler)
    USART3_IRQHandler                        0x08001fbd   Thumb Code   134  main.o(i.USART3_IRQHandler)
    USART_ClearITPendingBit                  0x0800205d   Thumb Code    30  stm32f4xx_usart.o(i.USART_ClearITPendingBit)
    USART_Cmd                                0x0800207b   Thumb Code    24  stm32f4xx_usart.o(i.USART_Cmd)
    USART_GetFlagStatus                      0x08002093   Thumb Code    26  stm32f4xx_usart.o(i.USART_GetFlagStatus)
    USART_GetITStatus                        0x080020ad   Thumb Code    84  stm32f4xx_usart.o(i.USART_GetITStatus)
    USART_ITConfig                           0x08002101   Thumb Code    74  stm32f4xx_usart.o(i.USART_ITConfig)
    USART_Init                               0x0800214d   Thumb Code   204  stm32f4xx_usart.o(i.USART_Init)
    USART_ReceiveData                        0x08002221   Thumb Code    10  stm32f4xx_usart.o(i.USART_ReceiveData)
    USART_SendData                           0x0800222b   Thumb Code     8  stm32f4xx_usart.o(i.USART_SendData)
    Usart1_Init                              0x08002235   Thumb Code   164  usart.o(i.Usart1_Init)
    WriteCmd                                 0x080022e1   Thumb Code    14  oled_i2c.o(i.WriteCmd)
    WriteDat                                 0x080022ef   Thumb Code    14  oled_i2c.o(i.WriteDat)
    _sys_exit                                0x080022fd   Thumb Code     6  printf.o(i._sys_exit)
    cat_Advance                              0x080029c9   Thumb Code    70  pwm.o(i.cat_Advance)
    cat_AdvanceLeft                          0x08002a1d   Thumb Code    78  pwm.o(i.cat_AdvanceLeft)
    cat_AdvanceRight                         0x08002a79   Thumb Code    78  pwm.o(i.cat_AdvanceRight)
    cat_Backoff                              0x08002ad5   Thumb Code    70  pwm.o(i.cat_Backoff)
    cat_BackoffLeft                          0x08002b29   Thumb Code    78  pwm.o(i.cat_BackoffLeft)
    cat_BackoffRight                         0x08002b85   Thumb Code    78  pwm.o(i.cat_BackoffRight)
    cat_Leftss                               0x08002be1   Thumb Code    76  pwm.o(i.cat_Leftss)
    cat_Rightss                              0x08002c39   Thumb Code    76  pwm.o(i.cat_Rightss)
    cat_start                                0x08002c91   Thumb Code    74  pwm.o(i.cat_start)
    cat_stop                                 0x08002ce9   Thumb Code    68  pwm.o(i.cat_stop)
    delay_ms                                 0x08002d39   Thumb Code    12  delay.o(i.delay_ms)
    delay_s                                  0x08002d45   Thumb Code    18  delay.o(i.delay_s)
    delay_us                                 0x08002d59   Thumb Code    90  delay.o(i.delay_us)
    fpd                                      0x08002dbd   Thumb Code     6  printf.o(i.fpd)
    fputc                                    0x08002dc9   Thumb Code    70  printf.o(i.fputc)
    main                                     0x08002e1d   Thumb Code    30  main.o(i.main)
    pvPortMalloc                             0x080037d5   Thumb Code   296  heap_4.o(i.pvPortMalloc)
    pvTaskIncrementMutexHeldCount            0x08003911   Thumb Code    26  tasks.o(i.pvTaskIncrementMutexHeldCount)
    pxPortInitialiseStack                    0x08003931   Thumb Code    38  port.o(i.pxPortInitialiseStack)
    sg90_Init                                0x0800395d   Thumb Code    48  sg90.o(i.sg90_Init)
    sg90_up                                  0x08003991   Thumb Code   188  sg90.o(i.sg90_up)
    sss                                      0x08003a55   Thumb Code    16  sg90.o(i.sss)
    uxListRemove                             0x08003a65   Thumb Code    40  list.o(i.uxListRemove)
    vListInitialise                          0x08003a8d   Thumb Code    26  list.o(i.vListInitialise)
    vListInitialiseItem                      0x08003aa7   Thumb Code     6  list.o(i.vListInitialiseItem)
    vListInsert                              0x08003aad   Thumb Code    52  list.o(i.vListInsert)
    vListInsertEnd                           0x08003ae1   Thumb Code    24  list.o(i.vListInsertEnd)
    vPortEnterCritical                       0x08003af9   Thumb Code    76  port.o(i.vPortEnterCritical)
    vPortExitCritical                        0x08003b4d   Thumb Code    56  port.o(i.vPortExitCritical)
    vPortFree                                0x08003b89   Thumb Code   140  heap_4.o(i.vPortFree)
    vPortSetupTimerInterrupt                 0x08003c1d   Thumb Code    26  port.o(i.vPortSetupTimerInterrupt)
    vPortValidateInterruptPriority           0x08003c3d   Thumb Code   106  port.o(i.vPortValidateInterruptPriority)
    vQueueAddToRegistry                      0x08003cb5   Thumb Code    38  queue.o(i.vQueueAddToRegistry)
    vQueueWaitForMessageRestricted           0x08003ce1   Thumb Code    74  queue.o(i.vQueueWaitForMessageRestricted)
    vTaskDelay                               0x08003d2d   Thumb Code    82  tasks.o(i.vTaskDelay)
    vTaskMissedYield                         0x08003d89   Thumb Code     8  tasks.o(i.vTaskMissedYield)
    vTaskPlaceOnEventList                    0x08003d95   Thumb Code    52  tasks.o(i.vTaskPlaceOnEventList)
    vTaskPlaceOnEventListRestricted          0x08003dcd   Thumb Code    60  tasks.o(i.vTaskPlaceOnEventListRestricted)
    vTaskPriorityInherit                     0x08003e0d   Thumb Code   164  tasks.o(i.vTaskPriorityInherit)
    vTaskSetTimeOutState                     0x08003ebd   Thumb Code    38  tasks.o(i.vTaskSetTimeOutState)
    vTaskStartScheduler                      0x08003eed   Thumb Code   118  tasks.o(i.vTaskStartScheduler)
    vTaskSuspendAll                          0x08003f81   Thumb Code    12  tasks.o(i.vTaskSuspendAll)
    vTaskSwitchContext                       0x08003f91   Thumb Code   118  tasks.o(i.vTaskSwitchContext)
    xPortStartScheduler                      0x0800401d   Thumb Code   288  port.o(i.xPortStartScheduler)
    xQueueGenericCreate                      0x08004159   Thumb Code    88  queue.o(i.xQueueGenericCreate)
    xQueueGenericReceive                     0x080041b1   Thumb Code   446  queue.o(i.xQueueGenericReceive)
    xQueueGenericReset                       0x08004375   Thumb Code   146  queue.o(i.xQueueGenericReset)
    xQueueGenericSend                        0x0800440d   Thumb Code   420  queue.o(i.xQueueGenericSend)
    xQueueGenericSendFromISR                 0x080045b5   Thumb Code   248  queue.o(i.xQueueGenericSendFromISR)
    xTaskCheckForTimeOut                     0x080046ad   Thumb Code   132  tasks.o(i.xTaskCheckForTimeOut)
    xTaskCreate                              0x08004739   Thumb Code    96  tasks.o(i.xTaskCreate)
    xTaskGetSchedulerState                   0x08004799   Thumb Code    24  tasks.o(i.xTaskGetSchedulerState)
    xTaskGetTickCount                        0x080047b9   Thumb Code     6  tasks.o(i.xTaskGetTickCount)
    xTaskIncrementTick                       0x080047c5   Thumb Code   282  tasks.o(i.xTaskIncrementTick)
    xTaskPriorityDisinherit                  0x0800490d   Thumb Code   188  tasks.o(i.xTaskPriorityDisinherit)
    xTaskRemoveFromEventList                 0x080049d5   Thumb Code   128  tasks.o(i.xTaskRemoveFromEventList)
    xTaskResumeAll                           0x08004a6d   Thumb Code   224  tasks.o(i.xTaskResumeAll)
    xTimerCreateTimerTask                    0x08004b71   Thumb Code    66  timers.o(i.xTimerCreateTimerTask)
    xTimerGenericCommand                     0x08004bc9   Thumb Code   126  timers.o(i.xTimerGenericCommand)
    _get_lc_ctype                            0x08004c4d   Thumb Code    44  lc_ctype_c.o(locale$$code)
    _fp_init                                 0x08004c79   Thumb Code    10  fpinit.o(x$fpl$fpinit)
    __fplib_config_fpu_vfp                   0x08004c81   Thumb Code     0  fpinit.o(x$fpl$fpinit)
    __fplib_config_pureend_doubles           0x08004c81   Thumb Code     0  fpinit.o(x$fpl$fpinit)
    F6x8                                     0x08004c82   Data         552  oled_i2c.o(.constdata)
    F8X16                                    0x08004eaa   Data        1520  oled_i2c.o(.constdata)
    Region$$Table$$Base                      0x0800549c   Number         0  anon$$obj.o(Region$$Table)
    Region$$Table$$Limit                     0x080054cc   Number         0  anon$$obj.o(Region$$Table)
    __ctype                                  0x080054d9   Data           0  lc_ctype_c.o(locale$$data)
    g_flag                                   0x10000000   Data           1  main.o(.data)
    rx_i                                     0x10000001   Data           1  main.o(.data)
    g_count                                  0x10000002   Data           1  main.o(.data)
    catPd                                    0x10000003   Data           1  main.o(.data)
    catPdto                                  0x10000004   Data           1  main.o(.data)
    catPdtou                                 0x10000005   Data           1  main.o(.data)
    catSum                                   0x10000008   Data           4  main.o(.data)
    catSumMax                                0x1000000c   Data           4  main.o(.data)
    catSumto                                 0x10000010   Data           4  main.o(.data)
    catSumtoPd                               0x10000014   Data           4  main.o(.data)
    catPdLR                                  0x10000018   Data           4  main.o(.data)
    sg90Up                                   0x1000001c   Data           4  main.o(.data)
    ppdd                                     0x1000003c   Data           4  printf.o(.data)
    __stdout                                 0x10000040   Data           4  printf.o(.data)
    F16x16                                   0x10000044   Data         480  oled_i2c.o(.data)
    BMP1                                     0x10000224   Data        1024  oled_i2c.o(.data)
    pxCurrentTCB                             0x10000624   Data           4  tasks.o(.data)
    SystemCoreClock                          0x100006a8   Data           4  system_stm32f4xx.o(.data)
    AHBPrescTable                            0x100006ac   Data          16  system_stm32f4xx.o(.data)
    g_buffer                                 0x100006c0   Data          32  main.o(.bss)
    g_rxbuffer                               0x100006e0   Data          32  main.o(.bss)
    xQueueRegistry                           0x10000700   Data          64  queue.o(.bss)
    __libspace_start                         0x10000830   Data          96  libspace.o(.bss)
    __temporary_stack_top$libspace           0x10000890   Data           0  libspace.o(.bss)



==============================================================================

Memory Map of the image

  Image Entry point : 0x08000189

  Load Region LR_IROM1 (Base: 0x08000000, Size: 0x00005c9c, Max: 0x00080000, ABSOLUTE, COMPRESSED[0x000058c4])

    Execution Region ER_IROM1 (Exec base: 0x08000000, Load base: 0x08000000, Size: 0x000055dc, Max: 0x00080000, ABSOLUTE)

    Exec Addr    Load Addr    Size         Type   Attr      Idx    E Section Name        Object

    0x08000000   0x08000000   0x00000188   Data   RO         3041    RESET               startup_stm32f40_41xxx.o
    0x08000188   0x08000188   0x00000008   Code   RO         3145  * !!!main             c_w.l(__main.o)
    0x08000190   0x08000190   0x00000034   Code   RO         3350    !!!scatter          c_w.l(__scatter.o)
    0x080001c4   0x080001c4   0x0000005a   Code   RO         3348    !!dczerorl2         c_w.l(__dczerorl2.o)
    0x0800021e   0x0800021e   0x00000002   PAD
    0x08000220   0x08000220   0x0000001c   Code   RO         3352    !!handler_zi        c_w.l(__scatter_zi.o)
    0x0800023c   0x0800023c   0x00000000   Code   RO         3127    .ARM.Collect$$_printf_percent$$00000000  c_w.l(_printf_percent.o)
    0x0800023c   0x0800023c   0x00000006   Code   RO         3126    .ARM.Collect$$_printf_percent$$00000009  c_w.l(_printf_d.o)
    0x08000242   0x08000242   0x00000006   Code   RO         3125    .ARM.Collect$$_printf_percent$$00000014  c_w.l(_printf_s.o)
    0x08000248   0x08000248   0x00000004   Code   RO         3165    .ARM.Collect$$_printf_percent$$00000017  c_w.l(_printf_percent_end.o)
    0x0800024c   0x0800024c   0x00000002   Code   RO         3225    .ARM.Collect$$libinit$$00000000  c_w.l(libinit.o)
    0x0800024e   0x0800024e   0x00000004   Code   RO         3228    .ARM.Collect$$libinit$$00000001  c_w.l(libinit2.o)
    0x08000252   0x08000252   0x00000000   Code   RO         3231    .ARM.Collect$$libinit$$00000004  c_w.l(libinit2.o)
    0x08000252   0x08000252   0x00000000   Code   RO         3234    .ARM.Collect$$libinit$$0000000A  c_w.l(libinit2.o)
    0x08000252   0x08000252   0x00000000   Code   RO         3236    .ARM.Collect$$libinit$$0000000C  c_w.l(libinit2.o)
    0x08000252   0x08000252   0x00000000   Code   RO         3238    .ARM.Collect$$libinit$$0000000E  c_w.l(libinit2.o)
    0x08000252   0x08000252   0x00000006   Code   RO         3239    .ARM.Collect$$libinit$$0000000F  c_w.l(libinit2.o)
    0x08000258   0x08000258   0x00000000   Code   RO         3241    .ARM.Collect$$libinit$$00000011  c_w.l(libinit2.o)
    0x08000258   0x08000258   0x0000000c   Code   RO         3242    .ARM.Collect$$libinit$$00000012  c_w.l(libinit2.o)
    0x08000264   0x08000264   0x00000000   Code   RO         3243    .ARM.Collect$$libinit$$00000013  c_w.l(libinit2.o)
    0x08000264   0x08000264   0x00000000   Code   RO         3245    .ARM.Collect$$libinit$$00000015  c_w.l(libinit2.o)
    0x08000264   0x08000264   0x00000000   Code   RO         3247    .ARM.Collect$$libinit$$00000017  c_w.l(libinit2.o)
    0x08000264   0x08000264   0x00000000   Code   RO         3249    .ARM.Collect$$libinit$$00000019  c_w.l(libinit2.o)
    0x08000264   0x08000264   0x00000000   Code   RO         3251    .ARM.Collect$$libinit$$0000001B  c_w.l(libinit2.o)
    0x08000264   0x08000264   0x00000000   Code   RO         3253    .ARM.Collect$$libinit$$0000001D  c_w.l(libinit2.o)
    0x08000264   0x08000264   0x00000000   Code   RO         3255    .ARM.Collect$$libinit$$0000001F  c_w.l(libinit2.o)
    0x08000264   0x08000264   0x00000000   Code   RO         3257    .ARM.Collect$$libinit$$00000021  c_w.l(libinit2.o)
    0x08000264   0x08000264   0x00000000   Code   RO         3259    .ARM.Collect$$libinit$$00000023  c_w.l(libinit2.o)
    0x08000264   0x08000264   0x00000000   Code   RO         3261    .ARM.Collect$$libinit$$00000025  c_w.l(libinit2.o)
    0x08000264   0x08000264   0x00000000   Code   RO         3265    .ARM.Collect$$libinit$$0000002C  c_w.l(libinit2.o)
    0x08000264   0x08000264   0x00000000   Code   RO         3267    .ARM.Collect$$libinit$$0000002E  c_w.l(libinit2.o)
    0x08000264   0x08000264   0x00000000   Code   RO         3269    .ARM.Collect$$libinit$$00000030  c_w.l(libinit2.o)
    0x08000264   0x08000264   0x00000000   Code   RO         3271    .ARM.Collect$$libinit$$00000032  c_w.l(libinit2.o)
    0x08000264   0x08000264   0x00000002   Code   RO         3272    .ARM.Collect$$libinit$$00000033  c_w.l(libinit2.o)
    0x08000266   0x08000266   0x00000002   Code   RO         3290    .ARM.Collect$$libshutdown$$00000000  c_w.l(libshutdown.o)
    0x08000268   0x08000268   0x00000000   Code   RO         3300    .ARM.Collect$$libshutdown$$00000002  c_w.l(libshutdown2.o)
    0x08000268   0x08000268   0x00000000   Code   RO         3302    .ARM.Collect$$libshutdown$$00000004  c_w.l(libshutdown2.o)
    0x08000268   0x08000268   0x00000000   Code   RO         3305    .ARM.Collect$$libshutdown$$00000007  c_w.l(libshutdown2.o)
    0x08000268   0x08000268   0x00000000   Code   RO         3308    .ARM.Collect$$libshutdown$$0000000A  c_w.l(libshutdown2.o)
    0x08000268   0x08000268   0x00000000   Code   RO         3310    .ARM.Collect$$libshutdown$$0000000C  c_w.l(libshutdown2.o)
    0x08000268   0x08000268   0x00000000   Code   RO         3313    .ARM.Collect$$libshutdown$$0000000F  c_w.l(libshutdown2.o)
    0x08000268   0x08000268   0x00000002   Code   RO         3314    .ARM.Collect$$libshutdown$$00000010  c_w.l(libshutdown2.o)
    0x0800026a   0x0800026a   0x00000000   Code   RO         3149    .ARM.Collect$$rtentry$$00000000  c_w.l(__rtentry.o)
    0x0800026a   0x0800026a   0x00000000   Code   RO         3178    .ARM.Collect$$rtentry$$00000002  c_w.l(__rtentry2.o)
    0x0800026a   0x0800026a   0x00000006   Code   RO         3190    .ARM.Collect$$rtentry$$00000004  c_w.l(__rtentry4.o)
    0x08000270   0x08000270   0x00000000   Code   RO         3180    .ARM.Collect$$rtentry$$00000009  c_w.l(__rtentry2.o)
    0x08000270   0x08000270   0x00000004   Code   RO         3181    .ARM.Collect$$rtentry$$0000000A  c_w.l(__rtentry2.o)
    0x08000274   0x08000274   0x00000000   Code   RO         3183    .ARM.Collect$$rtentry$$0000000C  c_w.l(__rtentry2.o)
    0x08000274   0x08000274   0x00000008   Code   RO         3184    .ARM.Collect$$rtentry$$0000000D  c_w.l(__rtentry2.o)
    0x0800027c   0x0800027c   0x00000002   Code   RO         3226    .ARM.Collect$$rtexit$$00000000  c_w.l(rtexit.o)
    0x0800027e   0x0800027e   0x00000000   Code   RO         3274    .ARM.Collect$$rtexit$$00000002  c_w.l(rtexit2.o)
    0x0800027e   0x0800027e   0x00000004   Code   RO         3275    .ARM.Collect$$rtexit$$00000003  c_w.l(rtexit2.o)
    0x08000282   0x08000282   0x00000006   Code   RO         3276    .ARM.Collect$$rtexit$$00000004  c_w.l(rtexit2.o)
    0x08000288   0x08000288   0x000000b6   Code   RO         1547    .emb_text           port.o
    0x0800033e   0x0800033e   0x00000002   PAD
    0x08000340   0x08000340   0x00000040   Code   RO         3042    .text               startup_stm32f40_41xxx.o
    0x08000380   0x08000380   0x00000002   Code   RO         3089    .text               c_w.l(use_no_semi_2.o)
    0x08000382   0x08000382   0x00000002   PAD
    0x08000384   0x08000384   0x00000018   Code   RO         3095    .text               c_w.l(noretval__2printf.o)
    0x0800039c   0x0800039c   0x00000028   Code   RO         3097    .text               c_w.l(noretval__2sprintf.o)
    0x080003c4   0x080003c4   0x00000068   Code   RO         3099    .text               c_w.l(__printf.o)
    0x0800042c   0x0800042c   0x00000052   Code   RO         3101    .text               c_w.l(_printf_str.o)
    0x0800047e   0x0800047e   0x00000002   PAD
    0x08000480   0x08000480   0x00000078   Code   RO         3103    .text               c_w.l(_printf_dec.o)
    0x080004f8   0x080004f8   0x0000001a   Code   RO         3128    .text               c_w.l(atoi.o)
    0x08000512   0x08000512   0x00000002   PAD
    0x08000514   0x08000514   0x0000000c   Code   RO         3130    .text               c_w.l(strtok.o)
    0x08000520   0x08000520   0x00000096   Code   RO         3133    .text               c_w.l(strncmp.o)
    0x080005b6   0x080005b6   0x0000008a   Code   RO         3135    .text               c_w.l(rt_memcpy_v6.o)
    0x08000640   0x08000640   0x00000010   Code   RO         3137    .text               c_w.l(aeabi_memset.o)
    0x08000650   0x08000650   0x00000044   Code   RO         3139    .text               c_w.l(rt_memclr.o)
    0x08000694   0x08000694   0x00000080   Code   RO         3141    .text               c_w.l(strcmpv7m.o)
    0x08000714   0x08000714   0x00000006   Code   RO         3143    .text               c_w.l(heapauxi.o)
    0x0800071a   0x0800071a   0x00000002   Code   RO         3147    .text               c_w.l(use_no_semi.o)
    0x0800071c   0x0800071c   0x00000008   Code   RO         3153    .text               c_w.l(rt_errno_addr_intlibspace.o)
    0x08000724   0x08000724   0x000000b2   Code   RO         3155    .text               c_w.l(_printf_intcommon.o)
    0x080007d6   0x080007d6   0x00000002   PAD
    0x080007d8   0x080007d8   0x00000030   Code   RO         3157    .text               c_w.l(_printf_char_common.o)
    0x08000808   0x08000808   0x0000000a   Code   RO         3159    .text               c_w.l(_sputc.o)
    0x08000812   0x08000812   0x0000002c   Code   RO         3161    .text               c_w.l(_printf_char.o)
    0x0800083e   0x0800083e   0x00000002   PAD
    0x08000840   0x08000840   0x00000024   Code   RO         3163    .text               c_w.l(_printf_char_file.o)
    0x08000864   0x08000864   0x00000070   Code   RO         3166    .text               c_w.l(strtol.o)
    0x080008d4   0x080008d4   0x00000044   Code   RO         3168    .text               c_w.l(strtok_int.o)
    0x08000918   0x08000918   0x00000064   Code   RO         3170    .text               c_w.l(rt_memcpy_w.o)
    0x0800097c   0x0800097c   0x0000004e   Code   RO         3172    .text               c_w.l(rt_memclr_w.o)
    0x080009ca   0x080009ca   0x00000002   PAD
    0x080009cc   0x080009cc   0x00000008   Code   RO         3174    .text               c_w.l(libspace.o)
    0x080009d4   0x080009d4   0x00000010   Code   RO         3192    .text               c_w.l(rt_ctype_table.o)
    0x080009e4   0x080009e4   0x0000009e   Code   RO         3196    .text               c_w.l(_strtoul.o)
    0x08000a82   0x08000a82   0x00000008   Code   RO         3198    .text               c_w.l(ferror.o)
    0x08000a8a   0x08000a8a   0x00000020   Code   RO         3202    .text               c_w.l(strcspn.o)
    0x08000aaa   0x08000aaa   0x0000001c   Code   RO         3204    .text               c_w.l(strspn.o)
    0x08000ac6   0x08000ac6   0x0000004a   Code   RO         3206    .text               c_w.l(sys_stackheap_outer.o)
    0x08000b10   0x08000b10   0x00000008   Code   RO         3211    .text               c_w.l(rt_locale_intlibspace.o)
    0x08000b18   0x08000b18   0x0000001c   Code   RO         3213    .text               c_w.l(_chval.o)
    0x08000b34   0x08000b34   0x00000012   Code   RO         3218    .text               c_w.l(exit.o)
    0x08000b46   0x08000b46   0x00000002   PAD
    0x08000b48   0x08000b48   0x00000098   Code   RO          656    i.At24c02_Read_Data  iic.o
    0x08000be0   0x08000be0   0x000000b4   Code   RO          657    i.At24c02_Write_Page  iic.o
    0x08000c94   0x08000c94   0x000000b4   Code   RO          453    i.Bluetooth_Init    bluetooth.o
    0x08000d48   0x08000d48   0x00000090   Code   RO         1791    i.GPIO_Init         stm32f4xx_gpio.o
    0x08000dd8   0x08000dd8   0x00000046   Code   RO         1792    i.GPIO_PinAFConfig  stm32f4xx_gpio.o
    0x08000e1e   0x08000e1e   0x00000004   Code   RO         1798    i.GPIO_ResetBits    stm32f4xx_gpio.o
    0x08000e22   0x08000e22   0x00000004   Code   RO         1799    i.GPIO_SetBits      stm32f4xx_gpio.o
    0x08000e26   0x08000e26   0x00000008   Code   RO         1801    i.GPIO_ToggleBits   stm32f4xx_gpio.o
    0x08000e2e   0x08000e2e   0x00000002   PAD
    0x08000e30   0x08000e30   0x00000098   Code   RO          352    i.Get_Sr04_Value    sr04.o
    0x08000ec8   0x08000ec8   0x00000050   Code   RO          477    i.I2C_Configuration  oled_i2c.o
    0x08000f18   0x08000f18   0x0000006c   Code   RO          478    i.I2C_WriteByte     oled_i2c.o
    0x08000f84   0x08000f84   0x00000048   Code   RO          658    i.Iic_Init          iic.o
    0x08000fcc   0x08000fcc   0x00000048   Code   RO          659    i.Iic_Recv_Ack      iic.o
    0x08001014   0x08001014   0x00000054   Code   RO          660    i.Iic_Recv_Byte     iic.o
    0x08001068   0x08001068   0x0000002c   Code   RO          661    i.Iic_Sda_Mode      iic.o
    0x08001094   0x08001094   0x00000048   Code   RO          662    i.Iic_Send_Ack      iic.o
    0x080010dc   0x080010dc   0x00000060   Code   RO          663    i.Iic_Send_Byte     iic.o
    0x0800113c   0x0800113c   0x0000003c   Code   RO          664    i.Iic_Start         iic.o
    0x08001178   0x08001178   0x00000038   Code   RO          665    i.Iic_Stop          iic.o
    0x080011b0   0x080011b0   0x0000008c   Code   RO          202    i.Led_Init          led.o
    0x0800123c   0x0800123c   0x00000078   Code   RO         1676    i.NVIC_Init         misc.o
    0x080012b4   0x080012b4   0x0000000a   Code   RO          479    i.OLED_CLS          oled_i2c.o
    0x080012be   0x080012be   0x0000003a   Code   RO          481    i.OLED_Fill         oled_i2c.o
    0x080012f8   0x080012f8   0x0000002c   Code   RO          482    i.OLED_Iic_OLED_SDA_Mode  oled_i2c.o
    0x08001324   0x08001324   0x00000048   Code   RO          483    i.OLED_Iic_Recv_Ack  oled_i2c.o
    0x0800136c   0x0800136c   0x0000005c   Code   RO          486    i.OLED_Iic_Send_Byte  oled_i2c.o
    0x080013c8   0x080013c8   0x00000040   Code   RO          487    i.OLED_Iic_Start    oled_i2c.o
    0x08001408   0x08001408   0x00000038   Code   RO          488    i.OLED_Iic_Stop     oled_i2c.o
    0x08001440   0x08001440   0x000000b2   Code   RO          489    i.OLED_Init         oled_i2c.o
    0x080014f2   0x080014f2   0x00000028   Code   RO          492    i.OLED_SetPos       oled_i2c.o
    0x0800151a   0x0800151a   0x00000002   PAD
    0x0800151c   0x0800151c   0x00000054   Code   RO          493    i.OLED_ShowCN       oled_i2c.o
    0x08001570   0x08001570   0x000000ec   Code   RO          494    i.OLED_ShowStr      oled_i2c.o
    0x0800165c   0x0800165c   0x00000214   Code   RO          268    i.Pwm_one_Init      pwm.o
    0x08001870   0x08001870   0x00000020   Code   RO         1892    i.RCC_AHB1PeriphClockCmd  stm32f4xx_rcc.o
    0x08001890   0x08001890   0x00000020   Code   RO         1901    i.RCC_APB1PeriphClockCmd  stm32f4xx_rcc.o
    0x080018b0   0x080018b0   0x00000020   Code   RO         1904    i.RCC_APB2PeriphClockCmd  stm32f4xx_rcc.o
    0x080018d0   0x080018d0   0x000000e8   Code   RO         1913    i.RCC_GetClocksFreq  stm32f4xx_rcc.o
    0x080019b8   0x080019b8   0x000000ec   Code   RO         3049    i.SetSysClock       system_stm32f4xx.o
    0x08001aa4   0x08001aa4   0x00000080   Code   RO          353    i.Sr04_Init         sr04.o
    0x08001b24   0x08001b24   0x00000034   Code   RO         1548    i.SysTick_Handler   port.o
    0x08001b58   0x08001b58   0x00000068   Code   RO         3051    i.SystemInit        system_stm32f4xx.o
    0x08001bc0   0x08001bc0   0x00000018   Code   RO         2288    i.TIM_ARRPreloadConfig  stm32f4xx_tim.o
    0x08001bd8   0x08001bd8   0x00000018   Code   RO         2300    i.TIM_Cmd           stm32f4xx_tim.o
    0x08001bf0   0x08001bf0   0x0000007c   Code   RO         2329    i.TIM_OC1Init       stm32f4xx_tim.o
    0x08001c6c   0x08001c6c   0x00000012   Code   RO         2332    i.TIM_OC1PreloadConfig  stm32f4xx_tim.o
    0x08001c7e   0x08001c7e   0x00000002   PAD
    0x08001c80   0x08001c80   0x000000a4   Code   RO         2334    i.TIM_OC2Init       stm32f4xx_tim.o
    0x08001d24   0x08001d24   0x0000001a   Code   RO         2337    i.TIM_OC2PreloadConfig  stm32f4xx_tim.o
    0x08001d3e   0x08001d3e   0x00000002   PAD
    0x08001d40   0x08001d40   0x000000a0   Code   RO         2339    i.TIM_OC3Init       stm32f4xx_tim.o
    0x08001de0   0x08001de0   0x00000012   Code   RO         2342    i.TIM_OC3PreloadConfig  stm32f4xx_tim.o
    0x08001df2   0x08001df2   0x00000002   PAD
    0x08001df4   0x08001df4   0x00000078   Code   RO         2344    i.TIM_OC4Init       stm32f4xx_tim.o
    0x08001e6c   0x08001e6c   0x0000001a   Code   RO         2346    i.TIM_OC4PreloadConfig  stm32f4xx_tim.o
    0x08001e86   0x08001e86   0x00000004   Code   RO         2362    i.TIM_SetCompare1   stm32f4xx_tim.o
    0x08001e8a   0x08001e8a   0x00000004   Code   RO         2363    i.TIM_SetCompare2   stm32f4xx_tim.o
    0x08001e8e   0x08001e8e   0x00000004   Code   RO         2364    i.TIM_SetCompare3   stm32f4xx_tim.o
    0x08001e92   0x08001e92   0x00000004   Code   RO         2365    i.TIM_SetCompare4   stm32f4xx_tim.o
    0x08001e96   0x08001e96   0x00000002   PAD
    0x08001e98   0x08001e98   0x00000084   Code   RO         2372    i.TIM_TimeBaseInit  stm32f4xx_tim.o
    0x08001f1c   0x08001f1c   0x000000a0   Code   RO            4    i.USART1_IRQHandler  main.o
    0x08001fbc   0x08001fbc   0x000000a0   Code   RO            5    i.USART3_IRQHandler  main.o
    0x0800205c   0x0800205c   0x0000001e   Code   RO         2851    i.USART_ClearITPendingBit  stm32f4xx_usart.o
    0x0800207a   0x0800207a   0x00000018   Code   RO         2854    i.USART_Cmd         stm32f4xx_usart.o
    0x08002092   0x08002092   0x0000001a   Code   RO         2857    i.USART_GetFlagStatus  stm32f4xx_usart.o
    0x080020ac   0x080020ac   0x00000054   Code   RO         2858    i.USART_GetITStatus  stm32f4xx_usart.o
    0x08002100   0x08002100   0x0000004a   Code   RO         2860    i.USART_ITConfig    stm32f4xx_usart.o
    0x0800214a   0x0800214a   0x00000002   PAD
    0x0800214c   0x0800214c   0x000000d4   Code   RO         2861    i.USART_Init        stm32f4xx_usart.o
    0x08002220   0x08002220   0x0000000a   Code   RO         2868    i.USART_ReceiveData  stm32f4xx_usart.o
    0x0800222a   0x0800222a   0x00000008   Code   RO         2871    i.USART_SendData    stm32f4xx_usart.o
    0x08002232   0x08002232   0x00000002   PAD
    0x08002234   0x08002234   0x000000ac   Code   RO          382    i.Usart1_Init       usart.o
    0x080022e0   0x080022e0   0x0000000e   Code   RO          495    i.WriteCmd          oled_i2c.o
    0x080022ee   0x080022ee   0x0000000e   Code   RO          496    i.WriteDat          oled_i2c.o
    0x080022fc   0x080022fc   0x00000006   Code   RO          410    i._sys_exit         printf.o
    0x08002302   0x08002302   0x00000002   PAD
    0x08002304   0x08002304   0x0000041c   Code   RO            6    i.app_BLUE          main.o
    0x08002720   0x08002720   0x00000030   Code   RO            7    i.app_LED           main.o
    0x08002750   0x08002750   0x00000164   Code   RO            9    i.app_OLED          main.o
    0x080028b4   0x080028b4   0x00000028   Code   RO           11    i.app_SG90          main.o
    0x080028dc   0x080028dc   0x000000ec   Code   RO           12    i.app_init          main.o
    0x080029c8   0x080029c8   0x00000054   Code   RO          269    i.cat_Advance       pwm.o
    0x08002a1c   0x08002a1c   0x0000005c   Code   RO          270    i.cat_AdvanceLeft   pwm.o
    0x08002a78   0x08002a78   0x0000005c   Code   RO          271    i.cat_AdvanceRight  pwm.o
    0x08002ad4   0x08002ad4   0x00000054   Code   RO          272    i.cat_Backoff       pwm.o
    0x08002b28   0x08002b28   0x0000005c   Code   RO          273    i.cat_BackoffLeft   pwm.o
    0x08002b84   0x08002b84   0x0000005c   Code   RO          274    i.cat_BackoffRight  pwm.o
    0x08002be0   0x08002be0   0x00000058   Code   RO          275    i.cat_Leftss        pwm.o
    0x08002c38   0x08002c38   0x00000058   Code   RO          276    i.cat_Rightss       pwm.o
    0x08002c90   0x08002c90   0x00000058   Code   RO          277    i.cat_start         pwm.o
    0x08002ce8   0x08002ce8   0x00000050   Code   RO          278    i.cat_stop          pwm.o
    0x08002d38   0x08002d38   0x0000000c   Code   RO          226    i.delay_ms          delay.o
    0x08002d44   0x08002d44   0x00000012   Code   RO          227    i.delay_s           delay.o
    0x08002d56   0x08002d56   0x00000002   PAD
    0x08002d58   0x08002d58   0x00000064   Code   RO          228    i.delay_us          delay.o
    0x08002dbc   0x08002dbc   0x0000000c   Code   RO          411    i.fpd               printf.o
    0x08002dc8   0x08002dc8   0x00000054   Code   RO          412    i.fputc             printf.o
    0x08002e1c   0x08002e1c   0x00000034   Code   RO           13    i.main              main.o
    0x08002e50   0x08002e50   0x00000098   Code   RO         1080    i.prvAddCurrentTaskToDelayedList  tasks.o
    0x08002ee8   0x08002ee8   0x000000b8   Code   RO         1081    i.prvAddNewTaskToReadyList  tasks.o
    0x08002fa0   0x08002fa0   0x00000064   Code   RO         1417    i.prvCheckForValidListAndQueue  timers.o
    0x08003004   0x08003004   0x00000064   Code   RO         1082    i.prvCheckTasksWaitingTermination  tasks.o
    0x08003068   0x08003068   0x0000002a   Code   RO          879    i.prvCopyDataFromQueue  queue.o
    0x08003092   0x08003092   0x0000007c   Code   RO          880    i.prvCopyDataToQueue  queue.o
    0x0800310e   0x0800310e   0x00000012   Code   RO         1083    i.prvDeleteTCB      tasks.o
    0x08003120   0x08003120   0x00000028   Code   RO         1418    i.prvGetNextExpireTime  timers.o
    0x08003148   0x08003148   0x0000007c   Code   RO         1624    i.prvHeapInit       heap_4.o
    0x080031c4   0x080031c4   0x00000028   Code   RO         1084    i.prvIdleTask       tasks.o
    0x080031ec   0x080031ec   0x0000002a   Code   RO          882    i.prvInitialiseNewQueue  queue.o
    0x08003216   0x08003216   0x000000b4   Code   RO         1085    i.prvInitialiseNewTask  tasks.o
    0x080032ca   0x080032ca   0x00000002   PAD
    0x080032cc   0x080032cc   0x00000068   Code   RO         1086    i.prvInitialiseTaskLists  tasks.o
    0x08003334   0x08003334   0x00000068   Code   RO         1625    i.prvInsertBlockIntoFreeList  heap_4.o
    0x0800339c   0x0800339c   0x00000058   Code   RO         1420    i.prvInsertTimerInActiveList  timers.o
    0x080033f4   0x080033f4   0x0000001a   Code   RO          883    i.prvIsQueueEmpty   queue.o
    0x0800340e   0x0800340e   0x0000001e   Code   RO          884    i.prvIsQueueFull    queue.o
    0x0800342c   0x0800342c   0x00000064   Code   RO         1421    i.prvProcessExpiredTimer  timers.o
    0x08003490   0x08003490   0x000000f8   Code   RO         1422    i.prvProcessReceivedCommands  timers.o
    0x08003588   0x08003588   0x00000074   Code   RO         1423    i.prvProcessTimerOrBlockTask  timers.o
    0x080035fc   0x080035fc   0x00000034   Code   RO         1088    i.prvResetNextTaskUnblockTime  tasks.o
    0x08003630   0x08003630   0x0000002c   Code   RO         1424    i.prvSampleTimeNow  timers.o
    0x0800365c   0x0800365c   0x000000a0   Code   RO         1425    i.prvSwitchTimerLists  timers.o
    0x080036fc   0x080036fc   0x00000040   Code   RO         1549    i.prvTaskExitError  port.o
    0x0800373c   0x0800373c   0x0000001a   Code   RO         1426    i.prvTimerTask      timers.o
    0x08003756   0x08003756   0x0000007e   Code   RO          885    i.prvUnlockQueue    queue.o
    0x080037d4   0x080037d4   0x0000013c   Code   RO         1626    i.pvPortMalloc      heap_4.o
    0x08003910   0x08003910   0x00000020   Code   RO         1091    i.pvTaskIncrementMutexHeldCount  tasks.o
    0x08003930   0x08003930   0x0000002c   Code   RO         1550    i.pxPortInitialiseStack  port.o
    0x0800395c   0x0800395c   0x00000034   Code   RO          620    i.sg90_Init         sg90.o
    0x08003990   0x08003990   0x000000c4   Code   RO          621    i.sg90_up           sg90.o
    0x08003a54   0x08003a54   0x00000010   Code   RO          622    i.sss               sg90.o
    0x08003a64   0x08003a64   0x00000028   Code   RO          842    i.uxListRemove      list.o
    0x08003a8c   0x08003a8c   0x0000001a   Code   RO          843    i.vListInitialise   list.o
    0x08003aa6   0x08003aa6   0x00000006   Code   RO          844    i.vListInitialiseItem  list.o
    0x08003aac   0x08003aac   0x00000034   Code   RO          845    i.vListInsert       list.o
    0x08003ae0   0x08003ae0   0x00000018   Code   RO          846    i.vListInsertEnd    list.o
    0x08003af8   0x08003af8   0x00000054   Code   RO         1552    i.vPortEnterCritical  port.o
    0x08003b4c   0x08003b4c   0x0000003c   Code   RO         1553    i.vPortExitCritical  port.o
    0x08003b88   0x08003b88   0x00000094   Code   RO         1627    i.vPortFree         heap_4.o
    0x08003c1c   0x08003c1c   0x00000020   Code   RO         1554    i.vPortSetupTimerInterrupt  port.o
    0x08003c3c   0x08003c3c   0x00000078   Code   RO         1555    i.vPortValidateInterruptPriority  port.o
    0x08003cb4   0x08003cb4   0x0000002c   Code   RO          891    i.vQueueAddToRegistry  queue.o
    0x08003ce0   0x08003ce0   0x0000004a   Code   RO          895    i.vQueueWaitForMessageRestricted  queue.o
    0x08003d2a   0x08003d2a   0x00000002   PAD
    0x08003d2c   0x08003d2c   0x0000005c   Code   RO         1099    i.vTaskDelay        tasks.o
    0x08003d88   0x08003d88   0x0000000c   Code   RO         1104    i.vTaskMissedYield  tasks.o
    0x08003d94   0x08003d94   0x00000038   Code   RO         1106    i.vTaskPlaceOnEventList  tasks.o
    0x08003dcc   0x08003dcc   0x00000040   Code   RO         1107    i.vTaskPlaceOnEventListRestricted  tasks.o
    0x08003e0c   0x08003e0c   0x000000b0   Code   RO         1109    i.vTaskPriorityInherit  tasks.o
    0x08003ebc   0x08003ebc   0x00000030   Code   RO         1113    i.vTaskSetTimeOutState  tasks.o
    0x08003eec   0x08003eec   0x00000094   Code   RO         1114    i.vTaskStartScheduler  tasks.o
    0x08003f80   0x08003f80   0x00000010   Code   RO         1116    i.vTaskSuspendAll   tasks.o
    0x08003f90   0x08003f90   0x0000008c   Code   RO         1117    i.vTaskSwitchContext  tasks.o
    0x0800401c   0x0800401c   0x0000013c   Code   RO         1556    i.xPortStartScheduler  port.o
    0x08004158   0x08004158   0x00000058   Code   RO          898    i.xQueueGenericCreate  queue.o
    0x080041b0   0x080041b0   0x000001c4   Code   RO          899    i.xQueueGenericReceive  queue.o
    0x08004374   0x08004374   0x00000098   Code   RO          900    i.xQueueGenericReset  queue.o
    0x0800440c   0x0800440c   0x000001a8   Code   RO          901    i.xQueueGenericSend  queue.o
    0x080045b4   0x080045b4   0x000000f8   Code   RO          902    i.xQueueGenericSendFromISR  queue.o
    0x080046ac   0x080046ac   0x0000008c   Code   RO         1118    i.xTaskCheckForTimeOut  tasks.o
    0x08004738   0x08004738   0x00000060   Code   RO         1119    i.xTaskCreate       tasks.o
    0x08004798   0x08004798   0x00000020   Code   RO         1123    i.xTaskGetSchedulerState  tasks.o
    0x080047b8   0x080047b8   0x0000000c   Code   RO         1124    i.xTaskGetTickCount  tasks.o
    0x080047c4   0x080047c4   0x00000148   Code   RO         1126    i.xTaskIncrementTick  tasks.o
    0x0800490c   0x0800490c   0x000000c8   Code   RO         1129    i.xTaskPriorityDisinherit  tasks.o
    0x080049d4   0x080049d4   0x00000098   Code   RO         1130    i.xTaskRemoveFromEventList  tasks.o
    0x08004a6c   0x08004a6c   0x00000104   Code   RO         1132    i.xTaskResumeAll    tasks.o
    0x08004b70   0x08004b70   0x00000058   Code   RO         1430    i.xTimerCreateTimerTask  timers.o
    0x08004bc8   0x08004bc8   0x00000084   Code   RO         1431    i.xTimerGenericCommand  timers.o
    0x08004c4c   0x08004c4c   0x0000002c   Code   RO         3216    locale$$code        c_w.l(lc_ctype_c.o)
    0x08004c78   0x08004c78   0x0000000a   Code   RO         3282    x$fpl$fpinit        fz_wm.l(fpinit.o)
    0x08004c82   0x08004c82   0x00000818   Data   RO          497    .constdata          oled_i2c.o
    0x0800549a   0x0800549a   0x00000002   PAD
    0x0800549c   0x0800549c   0x00000030   Data   RO         3346    Region$$Table       anon$$obj.o
    0x080054cc   0x080054cc   0x00000110   Data   RO         3215    locale$$data        c_w.l(lc_ctype_c.o)


    Execution Region RW_IRAM2 (Exec base: 0x10000000, Load base: 0x080055dc, Size: 0x00000e90, Max: 0x00010000, ABSOLUTE, COMPRESSED[0x000002e8])

    Exec Addr    Load Addr    Size         Type   Attr      Idx    E Section Name        Object

    0x10000000   COMPRESSED   0x0000003c   Data   RW           15    .data               main.o
    0x1000003c   COMPRESSED   0x00000008   Data   RW          413    .data               printf.o
    0x10000044   COMPRESSED   0x000005e0   Data   RW          498    .data               oled_i2c.o
    0x10000624   COMPRESSED   0x0000003c   Data   RW         1135    .data               tasks.o
    0x10000660   COMPRESSED   0x00000014   Data   RW         1437    .data               timers.o
    0x10000674   COMPRESSED   0x0000000c   Data   RW         1557    .data               port.o
    0x10000680   COMPRESSED   0x00000018   Data   RW         1632    .data               heap_4.o
    0x10000698   COMPRESSED   0x00000010   Data   RW         1944    .data               stm32f4xx_rcc.o
    0x100006a8   COMPRESSED   0x00000014   Data   RW         3052    .data               system_stm32f4xx.o
    0x100006bc   COMPRESSED   0x00000004   Data   RW         3131    .data               c_w.l(strtok.o)
    0x100006c0        -       0x00000040   Zero   RW           14    .bss                main.o
    0x10000700        -       0x00000040   Zero   RW          910    .bss                queue.o
    0x10000740        -       0x000000c8   Zero   RW         1134    .bss                tasks.o
    0x10000808        -       0x00000028   Zero   RW         1436    .bss                timers.o
    0x10000830        -       0x00000060   Zero   RW         3175    .bss                c_w.l(libspace.o)
    0x10000890        -       0x00000200   Zero   RW         3040    HEAP                startup_stm32f40_41xxx.o
    0x10000a90        -       0x00000400   Zero   RW         3039    STACK               startup_stm32f40_41xxx.o


    Execution Region RW_IRAM1 (Exec base: 0x20000000, Load base: 0x080055dc, Size: 0x00020000, Max: 0x00020000, ABSOLUTE)

    Exec Addr    Load Addr    Size         Type   Attr      Idx    E Section Name        Object

    0x20000000        -       0x00020000   Zero   RW         1631    .bss                heap_4.o


==============================================================================

Image component sizes


      Code (inc. data)   RO Data    RW Data    ZI Data      Debug   Object Name

       180         10          0          0          0        661   bluetooth.o
       130         10          0          0          0       1608   delay.o
         0          0          0          0          0      11664   event_groups.o
       692         62          0         24     131072       4307   heap_4.o
       888        152          0          0          0       5956   iic.o
       140          8          0          0          0        527   led.o
       148          0          0          0          0       3138   list.o
      2104        532          0         60         64     315400   main.o
       120         14          0          0          0       1288   misc.o
      1150         94       2072       1504          0       9056   oled_i2c.o
       954         92          0         12          0      11321   port.o
       102         20          0          8          0       3309   printf.o
      1412        158          0          0          0       5939   pwm.o
      1872         22          0          0         64      15537   queue.o
       264         12          0          0          0       1588   sg90.o
       280         14          0          0          0       1277   sr04.o
        64         26        392          0       1536        848   startup_stm32f40_41xxx.o
       230          0          0          0          0       3937   stm32f4xx_gpio.o
       328         36          0         16          0       5051   stm32f4xx_rcc.o
       852         66          0          0          0      11000   stm32f4xx_tim.o
       468          8          0          0          0       6795   stm32f4xx_usart.o
       340         32          0         20          0       1977   system_stm32f4xx.o
      2834        368          0         60        200      21493   tasks.o
      1142        118          0         20         40      16883   timers.o
       172          8          0          0          0        710   usart.o

    ----------------------------------------------------------------------
     16892       1862       2514       1724     132976     461270   Object Totals
         0          0         48          0          0          0   (incl. Generated)
        26          0          2          0          0          0   (incl. Padding)

    ----------------------------------------------------------------------

      Code (inc. data)   RO Data    RW Data    ZI Data      Debug   Library Member Name

        90          0          0          0          0          0   __dczerorl2.o
         8          0          0          0          0         68   __main.o
       104          0          0          0          0         84   __printf.o
         0          0          0          0          0          0   __rtentry.o
        12          0          0          0          0          0   __rtentry2.o
         6          0          0          0          0          0   __rtentry4.o
        52          8          0          0          0          0   __scatter.o
        28          0          0          0          0          0   __scatter_zi.o
        28          0          0          0          0         68   _chval.o
        44          0          0          0          0        108   _printf_char.o
        48          6          0          0          0         96   _printf_char_common.o
        36          4          0          0          0         80   _printf_char_file.o
         6          0          0          0          0          0   _printf_d.o
       120         16          0          0          0         92   _printf_dec.o
       178          0          0          0          0         88   _printf_intcommon.o
         0          0          0          0          0          0   _printf_percent.o
         4          0          0          0          0          0   _printf_percent_end.o
         6          0          0          0          0          0   _printf_s.o
        82          0          0          0          0         80   _printf_str.o
        10          0          0          0          0         68   _sputc.o
       158          0          0          0          0         92   _strtoul.o
        16          0          0          0          0         68   aeabi_memset.o
        26          0          0          0          0         80   atoi.o
        18          0          0          0          0         80   exit.o
         8          0          0          0          0         68   ferror.o
         6          0          0          0          0        152   heapauxi.o
        44         10        272          0          0         76   lc_ctype_c.o
         2          0          0          0          0          0   libinit.o
        24          0          0          0          0          0   libinit2.o
         2          0          0          0          0          0   libshutdown.o
         2          0          0          0          0          0   libshutdown2.o
         8          4          0          0         96         68   libspace.o
        24          4          0          0          0         84   noretval__2printf.o
        40          6          0          0          0         84   noretval__2sprintf.o
        16          4          0          0          0         76   rt_ctype_table.o
         8          4          0          0          0         68   rt_errno_addr_intlibspace.o
         8          4          0          0          0         68   rt_locale_intlibspace.o
        68          0          0          0          0         68   rt_memclr.o
        78          0          0          0          0         80   rt_memclr_w.o
       138          0          0          0          0         68   rt_memcpy_v6.o
       100          0          0          0          0         80   rt_memcpy_w.o
         2          0          0          0          0          0   rtexit.o
        10          0          0          0          0          0   rtexit2.o
       128          0          0          0          0         68   strcmpv7m.o
        32          0          0          0          0         80   strcspn.o
       150          0          0          0          0         80   strncmp.o
        28          0          0          0          0         80   strspn.o
        12          6          0          4          0         68   strtok.o
        68          4          0          0          0         84   strtok_int.o
       112          0          0          0          0         88   strtol.o
        74          0          0          0          0         80   sys_stackheap_outer.o
         2          0          0          0          0         68   use_no_semi.o
         2          0          0          0          0         68   use_no_semi_2.o
        10          0          0          0          0        116   fpinit.o

    ----------------------------------------------------------------------
      2302         80        272          4         96       3072   Library Totals
        16          0          0          0          0          0   (incl. Padding)

    ----------------------------------------------------------------------

      Code (inc. data)   RO Data    RW Data    ZI Data      Debug   Library Name

      2276         80        272          4         96       2956   c_w.l
        10          0          0          0          0        116   fz_wm.l

    ----------------------------------------------------------------------
      2302         80        272          4         96       3072   Library Totals

    ----------------------------------------------------------------------

==============================================================================


      Code (inc. data)   RO Data    RW Data    ZI Data      Debug   

     19194       1942       2786       1728     133072     446926   Grand Totals
     19194       1942       2786        744     133072     446926   ELF Image Totals (compressed)
     19194       1942       2786        744          0          0   ROM Totals

==============================================================================

    Total RO  Size (Code + RO Data)                21980 (  21.46kB)
    Total RW  Size (RW Data + ZI Data)            134800 ( 131.64kB)
    Total ROM Size (Code + RO Data + RW Data)      22724 (  22.19kB)

==============================================================================

