Component: ARM Compiler 5.06 update 6 (build 750) Tool: armlink [4d35ed]

==============================================================================

Section Cross References

    main.o(i.TIM2_IRQHandler) refers to stm32f4xx_tim.o(i.TIM_GetITStatus) for TIM_GetITStatus
    main.o(i.TIM2_IRQHandler) refers to ch2o.o(i.ch2oInit) for ch2oInit
    main.o(i.TIM2_IRQHandler) refers to ch2o.o(i.co2Init) for co2Init
    main.o(i.TIM2_IRQHandler) refers to ch2o.o(i.tvocInit) for tvocInit
    main.o(i.TIM2_IRQHandler) refers to stm32f4xx_tim.o(i.TIM_ClearITPendingBit) for TIM_ClearITPendingBit
    main.o(i.TIM2_IRQHandler) refers to main.o(.data) for time
    main.o(i.USART1_IRQHandler) refers to stm32f4xx_usart.o(i.USART_GetITStatus) for USART_GetITStatus
    main.o(i.USART1_IRQHandler) refers to stm32f4xx_usart.o(i.USART_ClearITPendingBit) for USART_ClearITPendingBit
    main.o(i.USART1_IRQHandler) refers to stm32f4xx_usart.o(i.USART_ReceiveData) for USART_ReceiveData
    main.o(i.USART1_IRQHandler) refers to rt_memclr.o(.text) for __aeabi_memclr
    main.o(i.USART1_IRQHandler) refers to main.o(.data) for g_count
    main.o(i.USART1_IRQHandler) refers to main.o(.bss) for g_buffer
    main.o(i.main) refers to _printf_percent.o(.ARM.Collect$$_printf_percent$$00000000) for _printf_percent
    main.o(i.main) refers to _printf_f.o(.ARM.Collect$$_printf_percent$$00000003) for _printf_f
    main.o(i.main) refers to printf1.o(x$fpl$printf1) for _printf_fp_dec
    main.o(i.main) refers to _printf_d.o(.ARM.Collect$$_printf_percent$$00000009) for _printf_d
    main.o(i.main) refers to _printf_dec.o(.text) for _printf_int_dec
    main.o(i.main) refers to pwm.o(i.Pwm_Init) for Pwm_Init
    main.o(i.main) refers to bluetooth.o(i.Bluetooth_Init) for Bluetooth_Init
    main.o(i.main) refers to hcsr04.o(i.Hcsr04_Init) for Hcsr04_Init
    main.o(i.main) refers to led.o(i.Led_Init) for Led_Init
    main.o(i.main) refers to tim3.o(i.Tim3_Init) for Tim3_Init
    main.o(i.main) refers to dht11.o(i.Dht11_Init) for Dht11_Init
    main.o(i.main) refers to ch2o.o(i.Ch2o_Init) for Ch2o_Init
    main.o(i.main) refers to beep.o(i.beep_Init) for beep_Init
    main.o(i.main) refers to iic.o(i.Iic_Init) for Iic_Init
    main.o(i.main) refers to oled_i2c.o(i.I2C_Configuration) for I2C_Configuration
    main.o(i.main) refers to oled_i2c.o(i.OLED_Init) for OLED_Init
    main.o(i.main) refers to ch2o.o(i.CheckSum) for CheckSum
    main.o(i.main) refers to delay.o(i.delay_ms) for delay_ms
    main.o(i.main) refers to ch2o.o(i.ch2oInit) for ch2oInit
    main.o(i.main) refers to ch2o.o(i.co2Init) for co2Init
    main.o(i.main) refers to ch2o.o(i.tvocInit) for tvocInit
    main.o(i.main) refers to oled_i2c.o(i.OLED_Fill) for OLED_Fill
    main.o(i.main) refers to oled_i2c.o(i.OLED_ShowStr) for OLED_ShowStr
    main.o(i.main) refers to f2d.o(x$fpl$f2d) for __aeabi_f2d
    main.o(i.main) refers to noretval__2sprintf.o(.text) for __2sprintf
    main.o(i.main) refers to dht11.o(i.Dht11_Date) for Dht11_Date
    main.o(i.main) refers to hcsr04.o(i.Get_Hcsr04_Value) for Get_Hcsr04_Value
    main.o(i.main) refers to rt_memclr_w.o(.text) for __aeabi_memclr4
    main.o(i.main) refers to noretval__2printf.o(.text) for __2printf
    main.o(i.main) refers to drleqf.o(x$fpl$drleqf) for __aeabi_cdrcmple
    main.o(i.main) refers to stm32f4xx_gpio.o(i.GPIO_ResetBits) for GPIO_ResetBits
    main.o(i.main) refers to stm32f4xx_tim.o(i.TIM_SetCompare1) for TIM_SetCompare1
    main.o(i.main) refers to stm32f4xx_tim.o(i.TIM_SetCompare3) for TIM_SetCompare3
    main.o(i.main) refers to stm32f4xx_gpio.o(i.GPIO_SetBits) for GPIO_SetBits
    main.o(i.main) refers to strcmpv7m.o(.text) for strcmp
    main.o(i.main) refers to stm32f4xx_gpio.o(i.GPIO_ToggleBits) for GPIO_ToggleBits
    main.o(i.main) refers to stm32f4xx_gpio.o(i.GPIO_ReadOutputDataBit) for GPIO_ReadOutputDataBit
    main.o(i.main) refers to rt_memclr.o(.text) for __aeabi_memclr
    main.o(i.main) refers to delay.o(i.delay_s) for delay_s
    main.o(i.main) refers to main.o(.data) for ch2o
    main.o(i.main) refers to main.o(.bss) for g_rxbuffer
    pwm.o(i.Pwm_Init) refers to stm32f4xx_rcc.o(i.RCC_APB1PeriphClockCmd) for RCC_APB1PeriphClockCmd
    pwm.o(i.Pwm_Init) refers to stm32f4xx_rcc.o(i.RCC_AHB1PeriphClockCmd) for RCC_AHB1PeriphClockCmd
    pwm.o(i.Pwm_Init) refers to stm32f4xx_gpio.o(i.GPIO_Init) for GPIO_Init
    pwm.o(i.Pwm_Init) refers to stm32f4xx_gpio.o(i.GPIO_PinAFConfig) for GPIO_PinAFConfig
    pwm.o(i.Pwm_Init) refers to stm32f4xx_tim.o(i.TIM_TimeBaseInit) for TIM_TimeBaseInit
    pwm.o(i.Pwm_Init) refers to stm32f4xx_tim.o(i.TIM_OC1Init) for TIM_OC1Init
    pwm.o(i.Pwm_Init) refers to stm32f4xx_tim.o(i.TIM_OC2Init) for TIM_OC2Init
    pwm.o(i.Pwm_Init) refers to stm32f4xx_tim.o(i.TIM_OC3Init) for TIM_OC3Init
    pwm.o(i.Pwm_Init) refers to stm32f4xx_tim.o(i.TIM_OC4Init) for TIM_OC4Init
    pwm.o(i.Pwm_Init) refers to stm32f4xx_tim.o(i.TIM_OC1PreloadConfig) for TIM_OC1PreloadConfig
[...]
    MYCODE\\iic.c                            0x00000000   Number         0  iic.o ABSOLUTE
    MYCODE\\led.c                            0x00000000   Number         0  led.o ABSOLUTE
    MYCODE\\main.c                           0x00000000   Number         0  main.o ABSOLUTE
    MYCODE\\printf.c                         0x00000000   Number         0  printf.o ABSOLUTE
    MYCODE\\pwm.c                            0x00000000   Number         0  pwm.o ABSOLUTE
    MYCODE\\tim3.c                           0x00000000   Number         0  tim3.o ABSOLUTE
    MYCODE\beep.c                            0x00000000   Number         0  beep.o ABSOLUTE
    MYCODE\bluetooth.c                       0x00000000   Number         0  bluetooth.o ABSOLUTE
    MYCODE\ch2o.c                            0x00000000   Number         0  ch2o.o ABSOLUTE
    MYCODE\delay.c                           0x00000000   Number         0  delay.o ABSOLUTE
    MYCODE\dht11.c                           0x00000000   Number         0  dht11.o ABSOLUTE
    MYCODE\hcsr04.c                          0x00000000   Number         0  hcsr04.o ABSOLUTE
    MYCODE\iic.c                             0x00000000   Number         0  iic.o ABSOLUTE
    MYCODE\led.c                             0x00000000   Number         0  led.o ABSOLUTE
    MYCODE\main.c                            0x00000000   Number         0  main.o ABSOLUTE
    MYCODE\printf.c                          0x00000000   Number         0  printf.o ABSOLUTE
    MYCODE\pwm.c                             0x00000000   Number         0  pwm.o ABSOLUTE
    MYCODE\tim3.c                            0x00000000   Number         0  tim3.o ABSOLUTE
    RTE\Device\STM32F407ZE\startup_stm32f40_41xxx.s 0x00000000   Number         0  startup_stm32f40_41xxx.o ABSOLUTE
    RTE\Device\STM32F407ZE\system_stm32f4xx.c 0x00000000   Number         0  system_stm32f4xx.o ABSOLUTE
    RTE\\Device\\STM32F407ZE\\system_stm32f4xx.c 0x00000000   Number         0  system_stm32f4xx.o ABSOLUTE
    dc.s                                     0x00000000   Number         0  dc.o ABSOLUTE
    RESET                                    0x08000000   Section      392  startup_stm32f40_41xxx.o(RESET)
    !!!main                                  0x08000188   Section        8  __main.o(!!!main)
    !!!scatter                               0x08000190   Section       52  __scatter.o(!!!scatter)
    !!handler_copy                           0x080001c4   Section       26  __scatter_copy.o(!!handler_copy)
    !!handler_zi                             0x080001e0   Section       28  __scatter_zi.o(!!handler_zi)
    .ARM.Collect$$_printf_percent$$00000000  0x080001fc   Section        0  _printf_percent.o(.ARM.Collect$$_printf_percent$$00000000)
    .ARM.Collect$$_printf_percent$$00000003  0x080001fc   Section        6  _printf_f.o(.ARM.Collect$$_printf_percent$$00000003)
    .ARM.Collect$$_printf_percent$$00000009  0x08000202   Section        6  _printf_d.o(.ARM.Collect$$_printf_percent$$00000009)
    .ARM.Collect$$_printf_percent$$00000017  0x08000208   Section        4  _printf_percent_end.o(.ARM.Collect$$_printf_percent$$00000017)
    .ARM.Collect$$libinit$$00000000          0x0800020c   Section        2  libinit.o(.ARM.Collect$$libinit$$00000000)
    .ARM.Collect$$libinit$$00000001          0x0800020e   Section        4  libinit2.o(.ARM.Collect$$libinit$$00000001)
    .ARM.Collect$$libinit$$00000004          0x08000212   Section        0  libinit2.o(.ARM.Collect$$libinit$$00000004)
    .ARM.Collect$$libinit$$0000000A          0x08000212   Section        0  libinit2.o(.ARM.Collect$$libinit$$0000000A)
    .ARM.Collect$$libinit$$0000000C          0x08000212   Section        0  libinit2.o(.ARM.Collect$$libinit$$0000000C)
    .ARM.Collect$$libinit$$0000000E          0x08000212   Section        0  libinit2.o(.ARM.Collect$$libinit$$0000000E)
    .ARM.Collect$$libinit$$0000000F          0x08000212   Section        6  libinit2.o(.ARM.Collect$$libinit$$0000000F)
    .ARM.Collect$$libinit$$00000011          0x08000218   Section        0  libinit2.o(.ARM.Collect$$libinit$$00000011)
    .ARM.Collect$$libinit$$00000013          0x08000218   Section        0  libinit2.o(.ARM.Collect$$libinit$$00000013)
    .ARM.Collect$$libinit$$00000015          0x08000218   Section        0  libinit2.o(.ARM.Collect$$libinit$$00000015)
    .ARM.Collect$$libinit$$00000016          0x08000218   Section       10  libinit2.o(.ARM.Collect$$libinit$$00000016)
    .ARM.Collect$$libinit$$00000017          0x08000222   Section        0  libinit2.o(.ARM.Collect$$libinit$$00000017)
    .ARM.Collect$$libinit$$00000019          0x08000222   Section        0  libinit2.o(.ARM.Collect$$libinit$$00000019)
    .ARM.Collect$$libinit$$0000001B          0x08000222   Section        0  libinit2.o(.ARM.Collect$$libinit$$0000001B)
    .ARM.Collect$$libinit$$0000001D          0x08000222   Section        0  libinit2.o(.ARM.Collect$$libinit$$0000001D)
    .ARM.Collect$$libinit$$0000001F          0x08000222   Section        0  libinit2.o(.ARM.Collect$$libinit$$0000001F)
    .ARM.Collect$$libinit$$00000021          0x08000222   Section        0  libinit2.o(.ARM.Collect$$libinit$$00000021)
    .ARM.Collect$$libinit$$00000023          0x08000222   Section        0  libinit2.o(.ARM.Collect$$libinit$$00000023)
    .ARM.Collect$$libinit$$00000025          0x08000222   Section        0  libinit2.o(.ARM.Collect$$libinit$$00000025)
    .ARM.Collect$$libinit$$0000002C          0x08000222   Section        0  libinit2.o(.ARM.Collect$$libinit$$0000002C)
    .ARM.Collect$$libinit$$0000002E          0x08000222   Section        0  libinit2.o(.ARM.Collect$$libinit$$0000002E)
    .ARM.Collect$$libinit$$00000030          0x08000222   Section        0  libinit2.o(.ARM.Collect$$libinit$$00000030)
    .ARM.Collect$$libinit$$00000032          0x08000222   Section        0  libinit2.o(.ARM.Collect$$libinit$$00000032)
    .ARM.Collect$$libinit$$00000033          0x08000222   Section        2  libinit2.o(.ARM.Collect$$libinit$$00000033)
    .ARM.Collect$$libshutdown$$00000000      0x08000224   Section        2  libshutdown.o(.ARM.Collect$$libshutdown$$00000000)
    .ARM.Collect$$libshutdown$$00000002      0x08000226   Section        0  libshutdown2.o(.ARM.Collect$$libshutdown$$00000002)
    .ARM.Collect$$libshutdown$$00000004      0x08000226   Section        0  libshutdown2.o(.ARM.Collect$$libshutdown$$00000004)
    .ARM.Collect$$libshutdown$$00000007      0x08000226   Section        0  libshutdown2.o(.ARM.Collect$$libshutdown$$00000007)
    .ARM.Collect$$libshutdown$$0000000A      0x08000226   Section        0  libshutdown2.o(.ARM.Collect$$libshutdown$$0000000A)
    .ARM.Collect$$libshutdown$$0000000C      0x08000226   Section        0  libshutdown2.o(.ARM.Collect$$libshutdown$$0000000C)
    .ARM.Collect$$libshutdown$$0000000F      0x08000226   Section        0  libshutdown2.o(.ARM.Collect$$libshutdown$$0000000F)
    .ARM.Collect$$libshutdown$$00000010      0x08000226   Section        2  libshutdown2.o(.ARM.Collect$$libshutdown$$00000010)
    .ARM.Collect$$rtentry$$00000000          0x08000228   Section        0  __rtentry.o(.ARM.Collect$$rtentry$$00000000)
    .ARM.Collect$$rtentry$$00000002          0x08000228   Section        0  __rtentry2.o(.ARM.Collect$$rtentry$$00000002)
    .ARM.Collect$$rtentry$$00000004          0x08000228   Section        6  __rtentry4.o(.ARM.Collect$$rtentry$$00000004)
    .ARM.Collect$$rtentry$$00000009          0x0800022e   Section        0  __rtentry2.o(.ARM.Collect$$rtentry$$00000009)
    .ARM.Collect$$rtentry$$0000000A          0x0800022e   Section        4  __rtentry2.o(.ARM.Collect$$rtentry$$0000000A)
    .ARM.Collect$$rtentry$$0000000C          0x08000232   Section        0  __rtentry2.o(.ARM.Collect$$rtentry$$0000000C)
    .ARM.Collect$$rtentry$$0000000D          0x08000232   Section        8  __rtentry2.o(.ARM.Collect$$rtentry$$0000000D)
    .ARM.Collect$$rtexit$$00000000           0x0800023a   Section        2  rtexit.o(.ARM.Collect$$rtexit$$00000000)
    .ARM.Collect$$rtexit$$00000002           0x0800023c   Section        0  rtexit2.o(.ARM.Collect$$rtexit$$00000002)
    .ARM.Collect$$rtexit$$00000003           0x0800023c   Section        4  rtexit2.o(.ARM.Collect$$rtexit$$00000003)
    .ARM.Collect$$rtexit$$00000004           0x08000240   Section        6  rtexit2.o(.ARM.Collect$$rtexit$$00000004)
    .text                                    0x08000248   Section       64  startup_stm32f40_41xxx.o(.text)
    $v0                                      0x08000248   Number         0  startup_stm32f40_41xxx.o(.text)
    .text                                    0x08000288   Section        2  use_no_semi_2.o(.text)
    .text                                    0x0800028c   Section        0  noretval__2printf.o(.text)
    .text                                    0x080002a4   Section        0  noretval__2sprintf.o(.text)
    .text                                    0x080002cc   Section        0  _printf_dec.o(.text)
    .text                                    0x08000344   Section        0  __printf_wp.o(.text)
    .text                                    0x08000452   Section       68  rt_memclr.o(.text)
    .text                                    0x08000496   Section       78  rt_memclr_w.o(.text)
    .text                                    0x080004e4   Section      128  strcmpv7m.o(.text)
    .text                                    0x08000564   Section        0  heapauxi.o(.text)
    .text                                    0x0800056a   Section        2  use_no_semi.o(.text)
    .text                                    0x0800056c   Section        0  _printf_intcommon.o(.text)
    .text                                    0x0800061e   Section        0  _printf_fp_dec.o(.text)
    _fp_digits                               0x08000621   Thumb Code   432  _printf_fp_dec.o(.text)
    .text                                    0x08000a3c   Section        0  _printf_char_common.o(.text)
    _printf_input_char                       0x08000a3d   Thumb Code    10  _printf_char_common.o(.text)
    .text                                    0x08000a6c   Section        0  _sputc.o(.text)
    .text                                    0x08000a78   Section        0  _printf_char_file.o(.text)
    .text                                    0x08000a9c   Section        8  rt_locale_intlibspace.o(.text)
    .text                                    0x08000aa4   Section      138  lludiv10.o(.text)
    .text                                    0x08000b30   Section        0  _printf_fp_infnan.o(.text)
    .text                                    0x08000bb0   Section        0  bigflt0.o(.text)
    .text                                    0x08000c94   Section        0  ferror.o(.text)
    .text                                    0x08000c9c   Section        8  libspace.o(.text)
    .text                                    0x08000ca4   Section       74  sys_stackheap_outer.o(.text)
    .text                                    0x08000cee   Section        0  exit.o(.text)
    CL$$btod_d2e                             0x08000d00   Section       62  btod.o(CL$$btod_d2e)
    CL$$btod_d2e_denorm_low                  0x08000d3e   Section       70  btod.o(CL$$btod_d2e_denorm_low)
    CL$$btod_d2e_norm_op1                    0x08000d84   Section       96  btod.o(CL$$btod_d2e_norm_op1)
    CL$$btod_div_common                      0x08000de4   Section      824  btod.o(CL$$btod_div_common)
    CL$$btod_e2e                             0x0800111c   Section      220  btod.o(CL$$btod_e2e)
    CL$$btod_ediv                            0x080011f8   Section       42  btod.o(CL$$btod_ediv)
    CL$$btod_emul                            0x08001222   Section       42  btod.o(CL$$btod_emul)
    CL$$btod_mult_common                     0x0800124c   Section      580  btod.o(CL$$btod_mult_common)
    i.Bluetooth_Init                         0x08001490   Section        0  bluetooth.o(i.Bluetooth_Init)
    i.Ch2o_Init                              0x08001544   Section        0  ch2o.o(i.Ch2o_Init)
    i.CheckSum                               0x080015f4   Section        0  ch2o.o(i.CheckSum)
    i.Dht11_Date                             0x080016c4   Section        0  dht11.o(i.Dht11_Date)
    i.Dht11_Init                             0x08001718   Section        0  dht11.o(i.Dht11_Init)
    i.Dht11_Pin_Mode                         0x08001758   Section        0  dht11.o(i.Dht11_Pin_Mode)
    i.Dht11_Recv_Byte                        0x08001784   Section        0  dht11.o(i.Dht11_Recv_Byte)
    i.Dht11_Start                            0x0800181c   Section        0  dht11.o(i.Dht11_Start)
    i.GPIO_Init                              0x080018c8   Section        0  stm32f4xx_gpio.o(i.GPIO_Init)
    i.GPIO_PinAFConfig                       0x08001958   Section        0  stm32f4xx_gpio.o(i.GPIO_PinAFConfig)
    i.GPIO_ReadInputDataBit                  0x0800199e   Section        0  stm32f4xx_gpio.o(i.GPIO_ReadInputDataBit)
    i.GPIO_ReadOutputDataBit                 0x080019b0   Section        0  stm32f4xx_gpio.o(i.GPIO_ReadOutputDataBit)
    i.GPIO_ResetBits                         0x080019c2   Section        0  stm32f4xx_gpio.o(i.GPIO_ResetBits)
    i.GPIO_SetBits                           0x080019c6   Section        0  stm32f4xx_gpio.o(i.GPIO_SetBits)
    i.GPIO_ToggleBits                        0x080019ca   Section        0  stm32f4xx_gpio.o(i.GPIO_ToggleBits)
    i.Get_Hcsr04_Value                       0x080019d4   Section        0  hcsr04.o(i.Get_Hcsr04_Value)
    i.Hcsr04_Init                            0x08001a7c   Section        0  hcsr04.o(i.Hcsr04_Init)
    i.I2C_Configuration                      0x08001b00   Section        0  oled_i2c.o(i.I2C_Configuration)
    i.I2C_WriteByte                          0x08001b48   Section        0  oled_i2c.o(i.I2C_WriteByte)
    i.Iic_Init                               0x08001bb4   Section        0  iic.o(i.Iic_Init)
    i.Led_Init                               0x08001bfc   Section        0  led.o(i.Led_Init)
    i.NVIC_Init                              0x08001c38   Section        0  misc.o(i.NVIC_Init)
    i.OLED_Fill                              0x08001cb0   Section        0  oled_i2c.o(i.OLED_Fill)
    i.OLED_Iic_OLED_SDA_Mode                 0x08001cec   Section        0  oled_i2c.o(i.OLED_Iic_OLED_SDA_Mode)
    i.OLED_Iic_Recv_Ack                      0x08001d18   Section        0  oled_i2c.o(i.OLED_Iic_Recv_Ack)
    i.OLED_Iic_Send_Byte                     0x08001d5c   Section        0  oled_i2c.o(i.OLED_Iic_Send_Byte)
    i.OLED_Iic_Start                         0x08001db8   Section        0  oled_i2c.o(i.OLED_Iic_Start)
    i.OLED_Iic_Stop                          0x08001df4   Section        0  oled_i2c.o(i.OLED_Iic_Stop)
    i.OLED_Init                              0x08001e2c   Section        0  oled_i2c.o(i.OLED_Init)
    i.OLED_SetPos                            0x08001ede   Section        0  oled_i2c.o(i.OLED_SetPos)
    i.OLED_ShowStr                           0x08001f08   Section        0  oled_i2c.o(i.OLED_ShowStr)
    i.Pwm_Init                               0x08001ff4   Section        0  pwm.o(i.Pwm_Init)
    i.RCC_AHB1PeriphClockCmd                 0x08002104   Section        0  stm32f4xx_rcc.o(i.RCC_AHB1PeriphClockCmd)
    i.RCC_APB1PeriphClockCmd                 0x08002124   Section        0  stm32f4xx_rcc.o(i.RCC_APB1PeriphClockCmd)
    i.RCC_APB2PeriphClockCmd                 0x08002144   Section        0  stm32f4xx_rcc.o(i.RCC_APB2PeriphClockCmd)
    i.RCC_GetClocksFreq                      0x08002164   Section        0  stm32f4xx_rcc.o(i.RCC_GetClocksFreq)
    i.SetSysClock                            0x0800224c   Section        0  system_stm32f4xx.o(i.SetSysClock)
    SetSysClock                              0x0800224d   Thumb Code   220  system_stm32f4xx.o(i.SetSysClock)
    i.SystemInit                             0x08002338   Section        0  system_stm32f4xx.o(i.SystemInit)
    i.TIM2_IRQHandler                        0x080023a0   Section        0  main.o(i.TIM2_IRQHandler)
    i.TIM_ARRPreloadConfig                   0x080023fc   Section        0  stm32f4xx_tim.o(i.TIM_ARRPreloadConfig)
    i.TIM_ClearITPendingBit                  0x08002414   Section        0  stm32f4xx_tim.o(i.TIM_ClearITPendingBit)
    i.TIM_Cmd                                0x0800241a   Section        0  stm32f4xx_tim.o(i.TIM_Cmd)
    i.TIM_GetITStatus                        0x08002432   Section        0  stm32f4xx_tim.o(i.TIM_GetITStatus)
    i.TIM_ITConfig                           0x08002454   Section        0  stm32f4xx_tim.o(i.TIM_ITConfig)
    i.TIM_OC1Init                            0x08002468   Section        0  stm32f4xx_tim.o(i.TIM_OC1Init)
    i.TIM_OC1PreloadConfig                   0x080024e4   Section        0  stm32f4xx_tim.o(i.TIM_OC1PreloadConfig)
    i.TIM_OC2Init                            0x080024f8   Section        0  stm32f4xx_tim.o(i.TIM_OC2Init)
    i.TIM_OC2PreloadConfig                   0x0800259c   Section        0  stm32f4xx_tim.o(i.TIM_OC2PreloadConfig)
    i.TIM_OC3Init                            0x080025b8   Section        0  stm32f4xx_tim.o(i.TIM_OC3Init)
    i.TIM_OC3PreloadConfig                   0x08002658   Section        0  stm32f4xx_tim.o(i.TIM_OC3PreloadConfig)
    i.TIM_OC4Init                            0x0800266c   Section        0  stm32f4xx_tim.o(i.TIM_OC4Init)
    i.TIM_OC4PreloadConfig                   0x080026e4   Section        0  stm32f4xx_tim.o(i.TIM_OC4PreloadConfig)
    i.TIM_SetCompare1                        0x080026fe   Section        0  stm32f4xx_tim.o(i.TIM_SetCompare1)
    i.TIM_SetCompare2                        0x08002702   Section        0  stm32f4xx_tim.o(i.TIM_SetCompare2)
    i.TIM_SetCompare3                        0x08002706   Section        0  stm32f4xx_tim.o(i.TIM_SetCompare3)
    i.TIM_SetCompare4                        0x0800270a   Section        0  stm32f4xx_tim.o(i.TIM_SetCompare4)
    i.TIM_TimeBaseInit                       0x08002710   Section        0  stm32f4xx_tim.o(i.TIM_TimeBaseInit)
    i.Tim3_Init                              0x08002794   Section        0  tim3.o(i.Tim3_Init)
    i.USART1_IRQHandler                      0x08002818   Section        0  main.o(i.USART1_IRQHandler)
    i.USART3_IRQHandler                      0x080028b8   Section        0  ch2o.o(i.USART3_IRQHandler)
    i.USART_ClearITPendingBit                0x08002938   Section        0  stm32f4xx_usart.o(i.USART_ClearITPendingBit)
    i.USART_Cmd                              0x08002956   Section        0  stm32f4xx_usart.o(i.USART_Cmd)
    i.USART_GetFlagStatus                    0x0800296e   Section        0  stm32f4xx_usart.o(i.USART_GetFlagStatus)
    i.USART_GetITStatus                      0x08002988   Section        0  stm32f4xx_usart.o(i.USART_GetITStatus)
    i.USART_ITConfig                         0x080029dc   Section        0  stm32f4xx_usart.o(i.USART_ITConfig)
    i.USART_Init                             0x08002a28   Section        0  stm32f4xx_usart.o(i.USART_Init)
    i.USART_ReceiveData                      0x08002afc   Section        0  stm32f4xx_usart.o(i.USART_ReceiveData)
    i.USART_SendData                         0x08002b06   Section        0  stm32f4xx_usart.o(i.USART_SendData)
    i.WriteCmd                               0x08002b0e   Section        0  oled_i2c.o(i.WriteCmd)
    i.WriteDat                               0x08002b1c   Section        0  oled_i2c.o(i.WriteDat)
    i.__ARM_fpclassify                       0x08002b2a   Section        0  fpclassify.o(i.__ARM_fpclassify)
    i._is_digit                              0x08002b5a   Section        0  __printf_wp.o(i._is_digit)
    i._sys_exit                              0x08002b68   Section        0  printf.o(i._sys_exit)
    i.beep_Init                              0x08002b70   Section        0  beep.o(i.beep_Init)
    i.ch2oInit                               0x08002bac   Section        0  ch2o.o(i.ch2oInit)
    i.co2Init                                0x08002bb8   Section        0  ch2o.o(i.co2Init)
    i.delay_ms                               0x08002bc4   Section        0  delay.o(i.delay_ms)
    i.delay_s                                0x08002c10   Section        0  delay.o(i.delay_s)
    i.delay_us                               0x08002c30   Section        0  delay.o(i.delay_us)
    i.fputc                                  0x08002c7c   Section        0  printf.o(i.fputc)
    i.main                                   0x08002ca0   Section        0  main.o(i.main)
    i.tvocInit                               0x080031d0   Section        0  ch2o.o(i.tvocInit)
    locale$$code                             0x080031dc   Section       44  lc_numeric_c.o(locale$$code)
    x$fpl$d2f                                0x08003208   Section       98  d2f.o(x$fpl$d2f)
    $v0                                      0x08003208   Number         0  d2f.o(x$fpl$d2f)
    x$fpl$dcmpinf                            0x0800326a   Section       24  dcmpi.o(x$fpl$dcmpinf)
    $v0                                      0x0800326a   Number         0  dcmpi.o(x$fpl$dcmpinf)
    x$fpl$dflt                               0x08003282   Section       46  dflt_clz.o(x$fpl$dflt)
    $v0                                      0x08003282   Number         0  dflt_clz.o(x$fpl$dflt)
    x$fpl$dleqf                              0x080032b0   Section      120  dleqf.o(x$fpl$dleqf)
    $v0                                      0x080032b0   Number         0  dleqf.o(x$fpl$dleqf)
    x$fpl$dmul                               0x08003328   Section      340  dmul.o(x$fpl$dmul)
    $v0                                      0x08003328   Number         0  dmul.o(x$fpl$dmul)
    x$fpl$dnaninf                            0x0800347c   Section      156  dnaninf.o(x$fpl$dnaninf)
    $v0                                      0x0800347c   Number         0  dnaninf.o(x$fpl$dnaninf)
    x$fpl$dretinf                            0x08003518   Section       12  dretinf.o(x$fpl$dretinf)
    $v0                                      0x08003518   Number         0  dretinf.o(x$fpl$dretinf)
    x$fpl$drleqf                             0x08003524   Section      108  drleqf.o(x$fpl$drleqf)
    $v0                                      0x08003524   Number         0  drleqf.o(x$fpl$drleqf)
    x$fpl$f2d                                0x08003590   Section       86  f2d.o(x$fpl$f2d)
    $v0                                      0x08003590   Number         0  f2d.o(x$fpl$f2d)
    x$fpl$fnaninf                            0x080035e6   Section      140  fnaninf.o(x$fpl$fnaninf)
    $v0                                      0x080035e6   Number         0  fnaninf.o(x$fpl$fnaninf)
    x$fpl$fpinit                             0x08003672   Section       10  fpinit.o(x$fpl$fpinit)
    $v0                                      0x08003672   Number         0  fpinit.o(x$fpl$fpinit)
    x$fpl$fretinf                            0x0800367c   Section       10  fretinf.o(x$fpl$fretinf)
    $v0                                      0x0800367c   Number         0  fretinf.o(x$fpl$fretinf)
    x$fpl$printf1                            0x08003686   Section        4  printf1.o(x$fpl$printf1)
    $v0                                      0x08003686   Number         0  printf1.o(x$fpl$printf1)
    .constdata                               0x0800368a   Section     2072  oled_i2c.o(.constdata)
    x$fpl$usenofp                            0x0800368a   Section        0  usenofp.o(x$fpl$usenofp)
    .constdata                               0x08003ea4   Section      148  bigflt0.o(.constdata)
    tenpwrs_x                                0x08003ea4   Data          60  bigflt0.o(.constdata)
    tenpwrs_i                                0x08003ee0   Data          64  bigflt0.o(.constdata)
    locale$$data                             0x08003f58   Section       28  lc_numeric_c.o(locale$$data)
    __lcnum_c_name                           0x08003f5c   Data           2  lc_numeric_c.o(locale$$data)
    __lcnum_c_start                          0x08003f64   Data           0  lc_numeric_c.o(locale$$data)
    __lcnum_c_point                          0x08003f70   Data           0  lc_numeric_c.o(locale$$data)
    __lcnum_c_thousands                      0x08003f72   Data           0  lc_numeric_c.o(locale$$data)
    __lcnum_c_grouping                       0x08003f73   Data           0  lc_numeric_c.o(locale$$data)
    __lcnum_c_end                            0x08003f74   Data           0  lc_numeric_c.o(locale$$data)
    .data                                    0x20000000   Section       35  main.o(.data)
    .data                                    0x20000024   Section        4  printf.o(.data)
    .data                                    0x20000028   Section        8  delay.o(.data)
    .data                                    0x20000030   Section       16  ch2o.o(.data)
    .data                                    0x20000040   Section       16  stm32f4xx_rcc.o(.data)
    APBAHBPrescTable                         0x20000040   Data          16  stm32f4xx_rcc.o(.data)
    .bss                                     0x20000050   Section       64  main.o(.bss)
    .bss                                     0x20000090   Section       18  ch2o.o(.bss)
    .bss                                     0x200000a4   Section       96  libspace.o(.bss)
    HEAP                                     0x20000108   Section      512  startup_stm32f40_41xxx.o(HEAP)
    Heap_Mem                                 0x20000108   Data         512  startup_stm32f40_41xxx.o(HEAP)
    STACK                                    0x20000308   Section     1024  startup_stm32f40_41xxx.o(STACK)
    Stack_Mem                                0x20000308   Data        1024  startup_stm32f40_41xxx.o(STACK)
    __initial_sp                             0x20000708   Data           0  startup_stm32f40_41xxx.o(STACK)

    Global Symbols

    Symbol Name                              Value     Ov Type        Size  Object(Section)

    BuildAttributes$$THM_ISAv4$E$P$D$K$B$S$7EM$VFPi3$EXTD16$VFPS$VFMA$PE$A:L22UL41UL21$X:L11$S22US41US21$IEEE1$IW$USESV6$~STKCKD$USESV7$~SHL$OTIME$ROPI$IEEEJ$EBA8$UX$STANDARDLIB$REQ8$PRES8$EABIv2 0x00000000   Number         0  anon$$obj.o ABSOLUTE
    __ARM_use_no_argv                        0x00000000   Number         0  main.o ABSOLUTE
    _printf_flags                            0x00000000   Number         0  printf_stubs.o ABSOLUTE
    _printf_return_value                     0x00000000   Number         0  printf_stubs.o ABSOLUTE
    _printf_sizespec                         0x00000000   Number         0  printf_stubs.o ABSOLUTE
    _printf_widthprec                        0x00000000   Number         0  printf_stubs.o ABSOLUTE
    __ARM_exceptions_init                     - Undefined Weak Reference
    __alloca_initialize                       - Undefined Weak Reference
    __arm_preinit_                            - Undefined Weak Reference
    __cpp_initialize__aeabi_                  - Undefined Weak Reference
    __cxa_finalize                            - Undefined Weak Reference
    __sigvec_lookup                           - Undefined Weak Reference
    _atexit_init                              - Undefined Weak Reference
    _call_atexit_fns                          - Undefined Weak Reference
    _clock_init                               - Undefined Weak Reference
    _fp_trap_init                             - Undefined Weak Reference
    _fp_trap_shutdown                         - Undefined Weak Reference
    _get_lc_collate                           - Undefined Weak Reference
    _get_lc_ctype                             - Undefined Weak Reference
    _get_lc_monetary                          - Undefined Weak Reference
    _get_lc_time                              - Undefined Weak Reference
    _getenv_init                              - Undefined Weak Reference
    _handle_redirection                       - Undefined Weak Reference
    _init_alloc                               - Undefined Weak Reference
    _init_user_alloc                          - Undefined Weak Reference
    _initio                                   - Undefined Weak Reference
    _mutex_acquire                            - Undefined Weak Reference
    _mutex_release                            - Undefined Weak Reference
    _printf_post_padding                      - Undefined Weak Reference
    _printf_pre_padding                       - Undefined Weak Reference
    _printf_truncate_signed                   - Undefined Weak Reference
    _printf_truncate_unsigned                 - Undefined Weak Reference
    _rand_init                                - Undefined Weak Reference
    _signal_finish                            - Undefined Weak Reference
    _signal_init                              - Undefined Weak Reference
    _terminate_alloc                          - Undefined Weak Reference
    _terminate_user_alloc                     - Undefined Weak Reference
    _terminateio                              - Undefined Weak Reference
    __Vectors_Size                           0x00000188   Number         0  startup_stm32f40_41xxx.o ABSOLUTE
    __Vectors                                0x08000000   Data           4  startup_stm32f40_41xxx.o(RESET)
    __Vectors_End                            0x08000188   Data           0  startup_stm32f40_41xxx.o(RESET)
    __main                                   0x08000189   Thumb Code     8  __main.o(!!!main)
    __scatterload                            0x08000191   Thumb Code     0  __scatter.o(!!!scatter)
    __scatterload_rt2                        0x08000191   Thumb Code    44  __scatter.o(!!!scatter)
    __scatterload_rt2_thumb_only             0x08000191   Thumb Code     0  __scatter.o(!!!scatter)
    __scatterload_null                       0x0800019f   Thumb Code     0  __scatter.o(!!!scatter)
    __scatterload_copy                       0x080001c5   Thumb Code    26  __scatter_copy.o(!!handler_copy)
    __scatterload_zeroinit                   0x080001e1   Thumb Code    28  __scatter_zi.o(!!handler_zi)
    _printf_f                                0x080001fd   Thumb Code     0  _printf_f.o(.ARM.Collect$$_printf_percent$$00000003)
    _printf_percent                          0x080001fd   Thumb Code     0  _printf_percent.o(.ARM.Collect$$_printf_percent$$00000000)
    _printf_d                                0x08000203   Thumb Code     0  _printf_d.o(.ARM.Collect$$_printf_percent$$00000009)
    _printf_percent_end                      0x08000209   Thumb Code     0  _printf_percent_end.o(.ARM.Collect$$_printf_percent$$00000017)
    __rt_lib_init                            0x0800020d   Thumb Code     0  libinit.o(.ARM.Collect$$libinit$$00000000)
    __rt_lib_init_fp_1                       0x0800020f   Thumb Code     0  libinit2.o(.ARM.Collect$$libinit$$00000001)
    __rt_lib_init_heap_1                     0x08000213   Thumb Code     0  libinit2.o(.ARM.Collect$$libinit$$0000000A)
    __rt_lib_init_lc_common                  0x08000213   Thumb Code     0  libinit2.o(.ARM.Collect$$libinit$$0000000F)
    __rt_lib_init_preinit_1                  0x08000213   Thumb Code     0  libinit2.o(.ARM.Collect$$libinit$$00000004)
    __rt_lib_init_rand_1                     0x08000213   Thumb Code     0  libinit2.o(.ARM.Collect$$libinit$$0000000E)
    __rt_lib_init_user_alloc_1               0x08000213   Thumb Code     0  libinit2.o(.ARM.Collect$$libinit$$0000000C)
    __rt_lib_init_lc_collate_1               0x08000219   Thumb Code     0  libinit2.o(.ARM.Collect$$libinit$$00000011)
    __rt_lib_init_lc_ctype_1                 0x08000219   Thumb Code     0  libinit2.o(.ARM.Collect$$libinit$$00000013)
    __rt_lib_init_lc_monetary_1              0x08000219   Thumb Code     0  libinit2.o(.ARM.Collect$$libinit$$00000015)
    __rt_lib_init_lc_numeric_2               0x08000219   Thumb Code     0  libinit2.o(.ARM.Collect$$libinit$$00000016)
    __rt_lib_init_alloca_1                   0x08000223   Thumb Code     0  libinit2.o(.ARM.Collect$$libinit$$0000002E)
    __rt_lib_init_argv_1                     0x08000223   Thumb Code     0  libinit2.o(.ARM.Collect$$libinit$$0000002C)
    __rt_lib_init_atexit_1                   0x08000223   Thumb Code     0  libinit2.o(.ARM.Collect$$libinit$$0000001B)
    __rt_lib_init_clock_1                    0x08000223   Thumb Code     0  libinit2.o(.ARM.Collect$$libinit$$00000021)
    __rt_lib_init_cpp_1                      0x08000223   Thumb Code     0  libinit2.o(.ARM.Collect$$libinit$$00000032)
    __rt_lib_init_exceptions_1               0x08000223   Thumb Code     0  libinit2.o(.ARM.Collect$$libinit$$00000030)
    __rt_lib_init_fp_trap_1                  0x08000223   Thumb Code     0  libinit2.o(.ARM.Collect$$libinit$$0000001F)
    __rt_lib_init_getenv_1                   0x08000223   Thumb Code     0  libinit2.o(.ARM.Collect$$libinit$$00000023)
    __rt_lib_init_lc_numeric_1               0x08000223   Thumb Code     0  libinit2.o(.ARM.Collect$$libinit$$00000017)
    __rt_lib_init_lc_time_1                  0x08000223   Thumb Code     0  libinit2.o(.ARM.Collect$$libinit$$00000019)
    __rt_lib_init_return                     0x08000223   Thumb Code     0  libinit2.o(.ARM.Collect$$libinit$$00000033)
    __rt_lib_init_signal_1                   0x08000223   Thumb Code     0  libinit2.o(.ARM.Collect$$libinit$$0000001D)
    __rt_lib_init_stdio_1                    0x08000223   Thumb Code     0  libinit2.o(.ARM.Collect$$libinit$$00000025)
    __rt_lib_shutdown                        0x08000225   Thumb Code     0  libshutdown.o(.ARM.Collect$$libshutdown$$00000000)
    __rt_lib_shutdown_cpp_1                  0x08000227   Thumb Code     0  libshutdown2.o(.ARM.Collect$$libshutdown$$00000002)
    __rt_lib_shutdown_fp_trap_1              0x08000227   Thumb Code     0  libshutdown2.o(.ARM.Collect$$libshutdown$$00000007)
    __rt_lib_shutdown_heap_1                 0x08000227   Thumb Code     0  libshutdown2.o(.ARM.Collect$$libshutdown$$0000000F)
    __rt_lib_shutdown_return                 0x08000227   Thumb Code     0  libshutdown2.o(.ARM.Collect$$libshutdown$$00000010)
    __rt_lib_shutdown_signal_1               0x08000227   Thumb Code     0  libshutdown2.o(.ARM.Collect$$libshutdown$$0000000A)
    __rt_lib_shutdown_stdio_1                0x08000227   Thumb Code     0  libshutdown2.o(.ARM.Collect$$libshutdown$$00000004)
    __rt_lib_shutdown_user_alloc_1           0x08000227   Thumb Code     0  libshutdown2.o(.ARM.Collect$$libshutdown$$0000000C)
    __rt_entry                               0x08000229   Thumb Code     0  __rtentry.o(.ARM.Collect$$rtentry$$00000000)
    __rt_entry_presh_1                       0x08000229   Thumb Code     0  __rtentry2.o(.ARM.Collect$$rtentry$$00000002)
    __rt_entry_sh                            0x08000229   Thumb Code     0  __rtentry4.o(.ARM.Collect$$rtentry$$00000004)
    __rt_entry_li                            0x0800022f   Thumb Code     0  __rtentry2.o(.ARM.Collect$$rtentry$$0000000A)
    __rt_entry_postsh_1                      0x0800022f   Thumb Code     0  __rtentry2.o(.ARM.Collect$$rtentry$$00000009)
    __rt_entry_main                          0x08000233   Thumb Code     0  __rtentry2.o(.ARM.Collect$$rtentry$$0000000D)
    __rt_entry_postli_1                      0x08000233   Thumb Code     0  __rtentry2.o(.ARM.Collect$$rtentry$$0000000C)
    __rt_exit                                0x0800023b   Thumb Code     0  rtexit.o(.ARM.Collect$$rtexit$$00000000)
    __rt_exit_ls                             0x0800023d   Thumb Code     0  rtexit2.o(.ARM.Collect$$rtexit$$00000003)
    __rt_exit_prels_1                        0x0800023d   Thumb Code     0  rtexit2.o(.ARM.Collect$$rtexit$$00000002)
    __rt_exit_exit                           0x08000241   Thumb Code     0  rtexit2.o(.ARM.Collect$$rtexit$$00000004)
    Reset_Handler                            0x08000249   Thumb Code     8  startup_stm32f40_41xxx.o(.text)
    NMI_Handler                              0x08000251   Thumb Code     2  startup_stm32f40_41xxx.o(.text)
    HardFault_Handler                        0x08000253   Thumb Code     2  startup_stm32f40_41xxx.o(.text)
    MemManage_Handler                        0x08000255   Thumb Code     2  startup_stm32f40_41xxx.o(.text)
    BusFault_Handler                         0x08000257   Thumb Code     2  startup_stm32f40_41xxx.o(.text)
    UsageFault_Handler                       0x08000259   Thumb Code     2  startup_stm32f40_41xxx.o(.text)
    SVC_Handler                              0x0800025b   Thumb Code     2  startup_stm32f40_41xxx.o(.text)
    DebugMon_Handler                         0x0800025d   Thumb Code     2  startup_stm32f40_41xxx.o(.text)
    PendSV_Handler                           0x0800025f   Thumb Code     2  startup_stm32f40_41xxx.o(.text)
    SysTick_Handler                          0x08000261   Thumb Code     2  startup_stm32f40_41xxx.o(.text)
    ADC_IRQHandler                           0x08000263   Thumb Code     0  startup_stm32f40_41xxx.o(.text)
    CAN1_RX0_IRQHandler                      0x08000263   Thumb Code     0  startup_stm32f40_41xxx.o(.text)
    CAN1_RX1_IRQHandler                      0x08000263   Thumb Code     0  startup_stm32f40_41xxx.o(.text)
    CAN1_SCE_IRQHandler                      0x08000263   Thumb Code     0  startup_stm32f40_41xxx.o(.text)
    CAN1_TX_IRQHandler                       0x08000263   Thumb Code     0  startup_stm32f40_41xxx.o(.text)
    CAN2_RX0_IRQHandler                      0x08000263   Thumb Code     0  startup_stm32f40_41xxx.o(.text)
    CAN2_RX1_IRQHandler                      0x08000263   Thumb Code     0  startup_stm32f40_41xxx.o(.text)
    CAN2_SCE_IRQHandler                      0x08000263   Thumb Code     0  startup_stm32f40_41xxx.o(.text)
    CAN2_TX_IRQHandler                       0x08000263   Thumb Code     0  startup_stm32f40_41xxx.o(.text)
    CRYP_IRQHandler                          0x08000263   Thumb Code     0  startup_stm32f40_41xxx.o(.text)
    DCMI_IRQHandler                          0x08000263   Thumb Code     0  startup_stm32f40_41xxx.o(.text)
    DMA1_Stream0_IRQHandler                  0x08000263   Thumb Code     0  startup_stm32f40_41xxx.o(.text)
    DMA1_Stream1_IRQHandler                  0x08000263   Thumb Code     0  startup_stm32f40_41xxx.o(.text)
    DMA1_Stream2_IRQHandler                  0x08000263   Thumb Code     0  startup_stm32f40_41xxx.o(.text)
    DMA1_Stream3_IRQHandler                  0x08000263   Thumb Code     0  startup_stm32f40_41xxx.o(.text)
    DMA1_Stream4_IRQHandler                  0x08000263   Thumb Code     0  startup_stm32f40_41xxx.o(.text)
    DMA1_Stream5_IRQHandler                  0x08000263   Thumb Code     0  startup_stm32f40_41xxx.o(.text)
    DMA1_Stream6_IRQHandler                  0x08000263   Thumb Code     0  startup_stm32f40_41xxx.o(.text)
    DMA1_Stream7_IRQHandler                  0x08000263   Thumb Code     0  startup_stm32f40_41xxx.o(.text)
    DMA2_Stream0_IRQHandler                  0x08000263   Thumb Code     0  startup_stm32f40_41xxx.o(.text)
    DMA2_Stream1_IRQHandler                  0x08000263   Thumb Code     0  startup_stm32f40_41xxx.o(.text)
    DMA2_Stream2_IRQHandler                  0x08000263   Thumb Code     0  startup_stm32f40_41xxx.o(.text)
    DMA2_Stream3_IRQHandler                  0x08000263   Thumb Code     0  startup_stm32f40_41xxx.o(.text)
    DMA2_Stream4_IRQHandler                  0x08000263   Thumb Code     0  startup_stm32f40_41xxx.o(.text)
    DMA2_Stream5_IRQHandler                  0x08000263   Thumb Code     0  startup_stm32f40_41xxx.o(.text)
    DMA2_Stream6_IRQHandler                  0x08000263   Thumb Code     0  startup_stm32f40_41xxx.o(.text)
    DMA2_Stream7_IRQHandler                  0x08000263   Thumb Code     0  startup_stm32f40_41xxx.o(.text)
    ETH_IRQHandler                           0x08000263   Thumb Code     0  startup_stm32f40_41xxx.o(.text)
    ETH_WKUP_IRQHandler                      0x08000263   Thumb Code     0  startup_stm32f40_41xxx.o(.text)
    EXTI0_IRQHandler                         0x08000263   Thumb Code     0  startup_stm32f40_41xxx.o(.text)
    EXTI15_10_IRQHandler                     0x08000263   Thumb Code     0  startup_stm32f40_41xxx.o(.text)
    EXTI1_IRQHandler                         0x08000263   Thumb Code     0  startup_stm32f40_41xxx.o(.text)
    EXTI2_IRQHandler                         0x08000263   Thumb Code     0  startup_stm32f40_41xxx.o(.text)
    EXTI3_IRQHandler                         0x08000263   Thumb Code     0  startup_stm32f40_41xxx.o(.text)
    EXTI4_IRQHandler                         0x08000263   Thumb Code     0  startup_stm32f40_41xxx.o(.text)
    EXTI9_5_IRQHandler                       0x08000263   Thumb Code     0  startup_stm32f40_41xxx.o(.text)
    FLASH_IRQHandler                         0x08000263   Thumb Code     0  startup_stm32f40_41xxx.o(.text)
    FPU_IRQHandler                           0x08000263   Thumb Code     0  startup_stm32f40_41xxx.o(.text)
    FSMC_IRQHandler                          0x08000263   Thumb Code     0  startup_stm32f40_41xxx.o(.text)
    HASH_RNG_IRQHandler                      0x08000263   Thumb Code     0  startup_stm32f40_41xxx.o(.text)
    I2C1_ER_IRQHandler                       0x08000263   Thumb Code     0  startup_stm32f40_41xxx.o(.text)
    I2C1_EV_IRQHandler                       0x08000263   Thumb Code     0  startup_stm32f40_41xxx.o(.text)
    I2C2_ER_IRQHandler                       0x08000263   Thumb Code     0  startup_stm32f40_41xxx.o(.text)
    I2C2_EV_IRQHandler                       0x08000263   Thumb Code     0  startup_stm32f40_41xxx.o(.text)
    I2C3_ER_IRQHandler                       0x08000263   Thumb Code     0  startup_stm32f40_41xxx.o(.text)
    I2C3_EV_IRQHandler                       0x08000263   Thumb Code     0  startup_stm32f40_41xxx.o(.text)
    OTG_FS_IRQHandler                        0x08000263   Thumb Code     0  startup_stm32f40_41xxx.o(.text)
    OTG_FS_WKUP_IRQHandler                   0x08000263   Thumb Code     0  startup_stm32f40_41xxx.o(.text)
    OTG_HS_EP1_IN_IRQHandler                 0x08000263   Thumb Code     0  startup_stm32f40_41xxx.o(.text)
    OTG_HS_EP1_OUT_IRQHandler                0x08000263   Thumb Code     0  startup_stm32f40_41xxx.o(.text)
    OTG_HS_IRQHandler                        0x08000263   Thumb Code     0  startup_stm32f40_41xxx.o(.text)
    OTG_HS_WKUP_IRQHandler                   0x08000263   Thumb Code     0  startup_stm32f40_41xxx.o(.text)
    PVD_IRQHandler                           0x08000263   Thumb Code     0  startup_stm32f40_41xxx.o(.text)
    RCC_IRQHandler                           0x08000263   Thumb Code     0  startup_stm32f40_41xxx.o(.text)
    RTC_Alarm_IRQHandler                     0x08000263   Thumb Code     0  startup_stm32f40_41xxx.o(.text)
    RTC_WKUP_IRQHandler                      0x08000263   Thumb Code     0  startup_stm32f40_41xxx.o(.text)
    SDIO_IRQHandler                          0x08000263   Thumb Code     0  startup_stm32f40_41xxx.o(.text)
    SPI1_IRQHandler                          0x08000263   Thumb Code     0  startup_stm32f40_41xxx.o(.text)
    SPI2_IRQHandler                          0x08000263   Thumb Code     0  startup_stm32f40_41xxx.o(.text)
    SPI3_IRQHandler                          0x08000263   Thumb Code     0  startup_stm32f40_41xxx.o(.text)
    TAMP_STAMP_IRQHandler                    0x08000263   Thumb Code     0  startup_stm32f40_41xxx.o(.text)
    TIM1_BRK_TIM9_IRQHandler                 0x08000263   Thumb Code     0  startup_stm32f40_41xxx.o(.text)
    TIM1_CC_IRQHandler                       0x08000263   Thumb Code     0  startup_stm32f40_41xxx.o(.text)
    TIM1_TRG_COM_TIM11_IRQHandler            0x08000263   Thumb Code     0  startup_stm32f40_41xxx.o(.text)
    TIM1_UP_TIM10_IRQHandler                 0x08000263   Thumb Code     0  startup_stm32f40_41xxx.o(.text)
    TIM3_IRQHandler                          0x08000263   Thumb Code     0  startup_stm32f40_41xxx.o(.text)
    TIM4_IRQHandler                          0x08000263   Thumb Code     0  startup_stm32f40_41xxx.o(.text)
    TIM5_IRQHandler                          0x08000263   Thumb Code     0  startup_stm32f40_41xxx.o(.text)
    TIM6_DAC_IRQHandler                      0x08000263   Thumb Code     0  startup_stm32f40_41xxx.o(.text)
    TIM7_IRQHandler                          0x08000263   Thumb Code     0  startup_stm32f40_41xxx.o(.text)
    TIM8_BRK_TIM12_IRQHandler                0x08000263   Thumb Code     0  startup_stm32f40_41xxx.o(.text)
    TIM8_CC_IRQHandler                       0x08000263   Thumb Code     0  startup_stm32f40_41xxx.o(.text)
    TIM8_TRG_COM_TIM14_IRQHandler            0x08000263   Thumb Code     0  startup_stm32f40_41xxx.o(.text)
    TIM8_UP_TIM13_IRQHandler                 0x08000263   Thumb Code     0  startup_stm32f40_41xxx.o(.text)
    UART4_IRQHandler                         0x08000263   Thumb Code     0  startup_stm32f40_41xxx.o(.text)
    UART5_IRQHandler                         0x08000263   Thumb Code     0  startup_stm32f40_41xxx.o(.text)
    USART2_IRQHandler                        0x08000263   Thumb Code     0  startup_stm32f40_41xxx.o(.text)
    USART6_IRQHandler                        0x08000263   Thumb Code     0  startup_stm32f40_41xxx.o(.text)
    WWDG_IRQHandler                          0x08000263   Thumb Code     0  startup_stm32f40_41xxx.o(.text)
    __user_initial_stackheap                 0x08000265   Thumb Code     0  startup_stm32f40_41xxx.o(.text)
    __use_no_semihosting                     0x08000289   Thumb Code     2  use_no_semi_2.o(.text)
    __2printf                                0x0800028d   Thumb Code    20  noretval__2printf.o(.text)
    __2sprintf                               0x080002a5   Thumb Code    34  noretval__2sprintf.o(.text)
    _printf_int_dec                          0x080002cd   Thumb Code   104  _printf_dec.o(.text)
    __printf                                 0x08000345   Thumb Code   270  __printf_wp.o(.text)
    __aeabi_memclr                           0x08000453   Thumb Code     0  rt_memclr.o(.text)
    __rt_memclr                              0x08000453   Thumb Code    68  rt_memclr.o(.text)
    _memset                                  0x08000457   Thumb Code     0  rt_memclr.o(.text)
    __aeabi_memclr4                          0x08000497   Thumb Code     0  rt_memclr_w.o(.text)
    __aeabi_memclr8                          0x08000497   Thumb Code     0  rt_memclr_w.o(.text)
    __rt_memclr_w                            0x08000497   Thumb Code    78  rt_memclr_w.o(.text)
    _memset_w                                0x0800049b   Thumb Code     0  rt_memclr_w.o(.text)
    strcmp                                   0x080004e5   Thumb Code   128  strcmpv7m.o(.text)
    __use_two_region_memory                  0x08000565   Thumb Code     2  heapauxi.o(.text)
    __rt_heap_escrow$2region                 0x08000567   Thumb Code     2  heapauxi.o(.text)
    __rt_heap_expand$2region                 0x08000569   Thumb Code     2  heapauxi.o(.text)
    __I$use$semihosting                      0x0800056b   Thumb Code     0  use_no_semi.o(.text)
    __use_no_semihosting_swi                 0x0800056b   Thumb Code     2  use_no_semi.o(.text)
    _printf_int_common                       0x0800056d   Thumb Code   178  _printf_intcommon.o(.text)
    __lib_sel_fp_printf                      0x0800061f   Thumb Code     2  _printf_fp_dec.o(.text)
    _printf_fp_dec_real                      0x080007d1   Thumb Code   620  _printf_fp_dec.o(.text)
    _printf_char_common                      0x08000a47   Thumb Code    32  _printf_char_common.o(.text)
    _sputc                                   0x08000a6d   Thumb Code    10  _sputc.o(.text)
    _printf_char_file                        0x08000a79   Thumb Code    32  _printf_char_file.o(.text)
    __rt_locale                              0x08000a9d   Thumb Code     8  rt_locale_intlibspace.o(.text)
    _ll_udiv10                               0x08000aa5   Thumb Code   138  lludiv10.o(.text)
    _printf_fp_infnan                        0x08000b31   Thumb Code   112  _printf_fp_infnan.o(.text)
    _btod_etento                             0x08000bb1   Thumb Code   224  bigflt0.o(.text)
    ferror                                   0x08000c95   Thumb Code     8  ferror.o(.text)
    __user_libspace                          0x08000c9d   Thumb Code     8  libspace.o(.text)
    __user_perproc_libspace                  0x08000c9d   Thumb Code     0  libspace.o(.text)
    __user_perthread_libspace                0x08000c9d   Thumb Code     0  libspace.o(.text)
    __user_setup_stackheap                   0x08000ca5   Thumb Code    74  sys_stackheap_outer.o(.text)
    exit                                     0x08000cef   Thumb Code    18  exit.o(.text)
    _btod_d2e                                0x08000d01   Thumb Code    62  btod.o(CL$$btod_d2e)
    _d2e_denorm_low                          0x08000d3f   Thumb Code    70  btod.o(CL$$btod_d2e_denorm_low)
    _d2e_norm_op1                            0x08000d85   Thumb Code    96  btod.o(CL$$btod_d2e_norm_op1)
    __btod_div_common                        0x08000de5   Thumb Code   696  btod.o(CL$$btod_div_common)
    _e2e                                     0x0800111d   Thumb Code   220  btod.o(CL$$btod_e2e)
    _btod_ediv                               0x080011f9   Thumb Code    42  btod.o(CL$$btod_ediv)
    _btod_emul                               0x08001223   Thumb Code    42  btod.o(CL$$btod_emul)
    __btod_mult_common                       0x0800124d   Thumb Code   580  btod.o(CL$$btod_mult_common)
    Bluetooth_Init                           0x08001491   Thumb Code   170  bluetooth.o(i.Bluetooth_Init)
    Ch2o_Init                                0x08001545   Thumb Code   168  ch2o.o(i.Ch2o_Init)
    CheckSum                                 0x080015f5   Thumb Code   176  ch2o.o(i.CheckSum)
    Dht11_Date                               0x080016c5   Thumb Code    82  dht11.o(i.Dht11_Date)
    Dht11_Init                               0x08001719   Thumb Code    54  dht11.o(i.Dht11_Init)
    Dht11_Pin_Mode                           0x08001759   Thumb Code    40  dht11.o(i.Dht11_Pin_Mode)
    Dht11_Recv_Byte                          0x08001785   Thumb Code   144  dht11.o(i.Dht11_Recv_Byte)
    Dht11_Start                              0x0800181d   Thumb Code   168  dht11.o(i.Dht11_Start)
    GPIO_Init                                0x080018c9   Thumb Code   144  stm32f4xx_gpio.o(i.GPIO_Init)
    GPIO_PinAFConfig                         0x08001959   Thumb Code    70  stm32f4xx_gpio.o(i.GPIO_PinAFConfig)
    GPIO_ReadInputDataBit                    0x0800199f   Thumb Code    18  stm32f4xx_gpio.o(i.GPIO_ReadInputDataBit)
    GPIO_ReadOutputDataBit                   0x080019b1   Thumb Code    18  stm32f4xx_gpio.o(i.GPIO_ReadOutputDataBit)
    GPIO_ResetBits                           0x080019c3   Thumb Code     4  stm32f4xx_gpio.o(i.GPIO_ResetBits)
    GPIO_SetBits                             0x080019c7   Thumb Code     4  stm32f4xx_gpio.o(i.GPIO_SetBits)
    GPIO_ToggleBits                          0x080019cb   Thumb Code     8  stm32f4xx_gpio.o(i.GPIO_ToggleBits)
    Get_Hcsr04_Value                         0x080019d5   Thumb Code   160  hcsr04.o(i.Get_Hcsr04_Value)
    Hcsr04_Init                              0x08001a7d   Thumb Code   124  hcsr04.o(i.Hcsr04_Init)
    I2C_Configuration                        0x08001b01   Thumb Code    60  oled_i2c.o(i.I2C_Configuration)
    I2C_WriteByte                            0x08001b49   Thumb Code    90  oled_i2c.o(i.I2C_WriteByte)
    Iic_Init                                 0x08001bb5   Thumb Code    58  iic.o(i.Iic_Init)
    Led_Init                                 0x08001bfd   Thumb Code    54  led.o(i.Led_Init)
    NVIC_Init                                0x08001c39   Thumb Code   106  misc.o(i.NVIC_Init)
    OLED_Fill                                0x08001cb1   Thumb Code    58  oled_i2c.o(i.OLED_Fill)
    OLED_Iic_OLED_SDA_Mode                   0x08001ced   Thumb Code    38  oled_i2c.o(i.OLED_Iic_OLED_SDA_Mode)
    OLED_Iic_Recv_Ack                        0x08001d19   Thumb Code    60  oled_i2c.o(i.OLED_Iic_Recv_Ack)
    OLED_Iic_Send_Byte                       0x08001d5d   Thumb Code    84  oled_i2c.o(i.OLED_Iic_Send_Byte)
    OLED_Iic_Start                           0x08001db9   Thumb Code    50  oled_i2c.o(i.OLED_Iic_Start)
    OLED_Iic_Stop                            0x08001df5   Thumb Code    48  oled_i2c.o(i.OLED_Iic_Stop)
    OLED_Init                                0x08001e2d   Thumb Code   178  oled_i2c.o(i.OLED_Init)
    OLED_SetPos                              0x08001edf   Thumb Code    40  oled_i2c.o(i.OLED_SetPos)
    OLED_ShowStr                             0x08001f09   Thumb Code   228  oled_i2c.o(i.OLED_ShowStr)
    Pwm_Init                                 0x08001ff5   Thumb Code   264  pwm.o(i.Pwm_Init)
    RCC_AHB1PeriphClockCmd                   0x08002105   Thumb Code    26  stm32f4xx_rcc.o(i.RCC_AHB1PeriphClockCmd)
    RCC_APB1PeriphClockCmd                   0x08002125   Thumb Code    26  stm32f4xx_rcc.o(i.RCC_APB1PeriphClockCmd)
    RCC_APB2PeriphClockCmd                   0x08002145   Thumb Code    26  stm32f4xx_rcc.o(i.RCC_APB2PeriphClockCmd)
    RCC_GetClocksFreq                        0x08002165   Thumb Code   214  stm32f4xx_rcc.o(i.RCC_GetClocksFreq)
    SystemInit                               0x08002339   Thumb Code    88  system_stm32f4xx.o(i.SystemInit)
    TIM2_IRQHandler                          0x080023a1   Thumb Code    76  main.o(i.TIM2_IRQHandler)
    TIM_ARRPreloadConfig                     0x080023fd   Thumb Code    24  stm32f4xx_tim.o(i.TIM_ARRPreloadConfig)
    TIM_ClearITPendingBit                    0x08002415   Thumb Code     6  stm32f4xx_tim.o(i.TIM_ClearITPendingBit)
    TIM_Cmd                                  0x0800241b   Thumb Code    24  stm32f4xx_tim.o(i.TIM_Cmd)
    TIM_GetITStatus                          0x08002433   Thumb Code    34  stm32f4xx_tim.o(i.TIM_GetITStatus)
    TIM_ITConfig                             0x08002455   Thumb Code    18  stm32f4xx_tim.o(i.TIM_ITConfig)
    TIM_OC1Init                              0x08002469   Thumb Code   114  stm32f4xx_tim.o(i.TIM_OC1Init)
    TIM_OC1PreloadConfig                     0x080024e5   Thumb Code    18  stm32f4xx_tim.o(i.TIM_OC1PreloadConfig)
    TIM_OC2Init                              0x080024f9   Thumb Code   154  stm32f4xx_tim.o(i.TIM_OC2Init)
    TIM_OC2PreloadConfig                     0x0800259d   Thumb Code    26  stm32f4xx_tim.o(i.TIM_OC2PreloadConfig)
    TIM_OC3Init                              0x080025b9   Thumb Code   150  stm32f4xx_tim.o(i.TIM_OC3Init)
    TIM_OC3PreloadConfig                     0x08002659   Thumb Code    18  stm32f4xx_tim.o(i.TIM_OC3PreloadConfig)
    TIM_OC4Init                              0x0800266d   Thumb Code   112  stm32f4xx_tim.o(i.TIM_OC4Init)
    TIM_OC4PreloadConfig                     0x080026e5   Thumb Code    26  stm32f4xx_tim.o(i.TIM_OC4PreloadConfig)
    TIM_SetCompare1                          0x080026ff   Thumb Code     4  stm32f4xx_tim.o(i.TIM_SetCompare1)
    TIM_SetCompare2                          0x08002703   Thumb Code     4  stm32f4xx_tim.o(i.TIM_SetCompare2)
    TIM_SetCompare3                          0x08002707   Thumb Code     4  stm32f4xx_tim.o(i.TIM_SetCompare3)
    TIM_SetCompare4                          0x0800270b   Thumb Code     4  stm32f4xx_tim.o(i.TIM_SetCompare4)
    TIM_TimeBaseInit                         0x08002711   Thumb Code   104  stm32f4xx_tim.o(i.TIM_TimeBaseInit)
    Tim3_Init                                0x08002795   Thumb Code   126  tim3.o(i.Tim3_Init)
    USART1_IRQHandler                        0x08002819   Thumb Code   134  main.o(i.USART1_IRQHandler)
    USART3_IRQHandler                        0x080028b9   Thumb Code   106  ch2o.o(i.USART3_IRQHandler)
    USART_ClearITPendingBit                  0x08002939   Thumb Code    30  stm32f4xx_usart.o(i.USART_ClearITPendingBit)
    USART_Cmd                                0x08002957   Thumb Code    24  stm32f4xx_usart.o(i.USART_Cmd)
    USART_GetFlagStatus                      0x0800296f   Thumb Code    26  stm32f4xx_usart.o(i.USART_GetFlagStatus)
    USART_GetITStatus                        0x08002989   Thumb Code    84  stm32f4xx_usart.o(i.USART_GetITStatus)
    USART_ITConfig                           0x080029dd   Thumb Code    74  stm32f4xx_usart.o(i.USART_ITConfig)
    USART_Init                               0x08002a29   Thumb Code   204  stm32f4xx_usart.o(i.USART_Init)
    USART_ReceiveData                        0x08002afd   Thumb Code    10  stm32f4xx_usart.o(i.USART_ReceiveData)
    USART_SendData                           0x08002b07   Thumb Code     8  stm32f4xx_usart.o(i.USART_SendData)
    WriteCmd                                 0x08002b0f   Thumb Code    14  oled_i2c.o(i.WriteCmd)
    WriteDat                                 0x08002b1d   Thumb Code    14  oled_i2c.o(i.WriteDat)
    __ARM_fpclassify                         0x08002b2b   Thumb Code    48  fpclassify.o(i.__ARM_fpclassify)
    _is_digit                                0x08002b5b   Thumb Code    14  __printf_wp.o(i._is_digit)
    _sys_exit                                0x08002b69   Thumb Code     6  printf.o(i._sys_exit)
    beep_Init                                0x08002b71   Thumb Code    54  beep.o(i.beep_Init)
    ch2oInit                                 0x08002bad   Thumb Code     8  ch2o.o(i.ch2oInit)
    co2Init                                  0x08002bb9   Thumb Code     6  ch2o.o(i.co2Init)
    delay_ms                                 0x08002bc5   Thumb Code    70  delay.o(i.delay_ms)
    delay_s                                  0x08002c11   Thumb Code    32  delay.o(i.delay_s)
    delay_us                                 0x08002c31   Thumb Code    70  delay.o(i.delay_us)
    fputc                                    0x08002c7d   Thumb Code    32  printf.o(i.fputc)
    main                                     0x08002ca1   Thumb Code   934  main.o(i.main)
    tvocInit                                 0x080031d1   Thumb Code     8  ch2o.o(i.tvocInit)
    _get_lc_numeric                          0x080031dd   Thumb Code    44  lc_numeric_c.o(locale$$code)
    __aeabi_d2f                              0x08003209   Thumb Code     0  d2f.o(x$fpl$d2f)
    _d2f                                     0x08003209   Thumb Code    98  d2f.o(x$fpl$d2f)
    __fpl_dcmp_Inf                           0x0800326b   Thumb Code    24  dcmpi.o(x$fpl$dcmpinf)
    __aeabi_i2d                              0x08003283   Thumb Code     0  dflt_clz.o(x$fpl$dflt)
    _dflt                                    0x08003283   Thumb Code    46  dflt_clz.o(x$fpl$dflt)
    __aeabi_cdcmple                          0x080032b1   Thumb Code     0  dleqf.o(x$fpl$dleqf)
    _dcmple                                  0x080032b1   Thumb Code   120  dleqf.o(x$fpl$dleqf)
    __fpl_dcmple_InfNaN                      0x08003313   Thumb Code     0  dleqf.o(x$fpl$dleqf)
    __aeabi_dmul                             0x08003329   Thumb Code     0  dmul.o(x$fpl$dmul)
    _dmul                                    0x08003329   Thumb Code   332  dmul.o(x$fpl$dmul)
    __fpl_dnaninf                            0x0800347d   Thumb Code   156  dnaninf.o(x$fpl$dnaninf)
    __fpl_dretinf                            0x08003519   Thumb Code    12  dretinf.o(x$fpl$dretinf)
    __aeabi_cdrcmple                         0x08003525   Thumb Code     0  drleqf.o(x$fpl$drleqf)
    _drcmple                                 0x08003525   Thumb Code   108  drleqf.o(x$fpl$drleqf)
    __aeabi_f2d                              0x08003591   Thumb Code     0  f2d.o(x$fpl$f2d)
    _f2d                                     0x08003591   Thumb Code    86  f2d.o(x$fpl$f2d)
    __fpl_fnaninf                            0x080035e7   Thumb Code   140  fnaninf.o(x$fpl$fnaninf)
    _fp_init                                 0x08003673   Thumb Code    10  fpinit.o(x$fpl$fpinit)
    __fplib_config_fpu_vfp                   0x0800367b   Thumb Code     0  fpinit.o(x$fpl$fpinit)
    __fplib_config_pureend_doubles           0x0800367b   Thumb Code     0  fpinit.o(x$fpl$fpinit)
    __fpl_fretinf                            0x0800367d   Thumb Code    10  fretinf.o(x$fpl$fretinf)
    _printf_fp_dec                           0x08003687   Thumb Code     4  printf1.o(x$fpl$printf1)
    F6x8                                     0x0800368a   Data         552  oled_i2c.o(.constdata)
    __I$use$fp                               0x0800368a   Number         0  usenofp.o(x$fpl$usenofp)
    F8X16                                    0x080038b2   Data        1520  oled_i2c.o(.constdata)
    Region$$Table$$Base                      0x08003f38   Number         0  anon$$obj.o(Region$$Table)
    Region$$Table$$Limit                     0x08003f58   Number         0  anon$$obj.o(Region$$Table)
    i                                        0x20000000   Data           1  main.o(.data)
    g_data                                   0x20000001   Data           1  main.o(.data)
    time                                     0x20000004   Data           4  main.o(.data)
    ch2o                                     0x20000008   Data           4  main.o(.data)
    co2                                      0x2000000c   Data           4  main.o(.data)
    tvoc                                     0x20000010   Data           4  main.o(.data)
    Dht11_Tmp                                0x20000014   Data           5  main.o(.data)
    ret                                      0x2000001c   Data           4  main.o(.data)
    g_flag                                   0x20000020   Data           1  main.o(.data)
    rx_i                                     0x20000021   Data           1  main.o(.data)
    g_count                                  0x20000022   Data           1  main.o(.data)
    __stdout                                 0x20000024   Data           4  printf.o(.data)
    my_us                                    0x20000028   Data           4  delay.o(.data)
    my_ms                                    0x2000002c   Data           4  delay.o(.data)
    flag                                     0x20000030   Data           1  ch2o.o(.data)
    count                                    0x20000031   Data           1  ch2o.o(.data)
    ch2o_init                                0x20000034   Data           4  ch2o.o(.data)
    co2_init                                 0x20000038   Data           4  ch2o.o(.data)
    tvoc_init                                0x2000003c   Data           4  ch2o.o(.data)
    g_buffer                                 0x20000050   Data          32  main.o(.bss)
    g_rxbuffer                               0x20000070   Data          32  main.o(.bss)
    data                                     0x20000090   Data           9  ch2o.o(.bss)
    rxdata                                   0x20000099   Data           9  ch2o.o(.bss)
    __libspace_start                         0x200000a4   Data          96  libspace.o(.bss)
    __temporary_stack_top$libspace           0x20000104   Data           0  libspace.o(.bss)



==============================================================================

Memory Map of the image

  Image Entry point : 0x08000189

  Load Region LR_IROM1 (Base: 0x08000000, Size: 0x00003fc4, Max: 0x00080000, ABSOLUTE)

    Execution Region ER_IROM1 (Exec base: 0x08000000, Load base: 0x08000000, Size: 0x00003f74, Max: 0x00080000, ABSOLUTE)

    Exec Addr    Load Addr    Size         Type   Attr      Idx    E Section Name        Object

    0x08000000   0x08000000   0x00000188   Data   RO         2563    RESET               startup_stm32f40_41xxx.o
    0x08000188   0x08000188   0x00000008   Code   RO         2656  * !!!main             c_w.l(__main.o)
    0x08000190   0x08000190   0x00000034   Code   RO         2898    !!!scatter          c_w.l(__scatter.o)
    0x080001c4   0x080001c4   0x0000001a   Code   RO         2900    !!handler_copy      c_w.l(__scatter_copy.o)
    0x080001de   0x080001de   0x00000002   PAD
    0x080001e0   0x080001e0   0x0000001c   Code   RO         2902    !!handler_zi        c_w.l(__scatter_zi.o)
    0x080001fc   0x080001fc   0x00000000   Code   RO         2647    .ARM.Collect$$_printf_percent$$00000000  c_w.l(_printf_percent.o)
    0x080001fc   0x080001fc   0x00000006   Code   RO         2646    .ARM.Collect$$_printf_percent$$00000003  c_w.l(_printf_f.o)
    0x08000202   0x08000202   0x00000006   Code   RO         2645    .ARM.Collect$$_printf_percent$$00000009  c_w.l(_printf_d.o)
    0x08000208   0x08000208   0x00000004   Code   RO         2687    .ARM.Collect$$_printf_percent$$00000017  c_w.l(_printf_percent_end.o)
    0x0800020c   0x0800020c   0x00000002   Code   RO         2775    .ARM.Collect$$libinit$$00000000  c_w.l(libinit.o)
    0x0800020e   0x0800020e   0x00000004   Code   RO         2776    .ARM.Collect$$libinit$$00000001  c_w.l(libinit2.o)
    0x08000212   0x08000212   0x00000000   Code   RO         2779    .ARM.Collect$$libinit$$00000004  c_w.l(libinit2.o)
    0x08000212   0x08000212   0x00000000   Code   RO         2782    .ARM.Collect$$libinit$$0000000A  c_w.l(libinit2.o)
    0x08000212   0x08000212   0x00000000   Code   RO         2784    .ARM.Collect$$libinit$$0000000C  c_w.l(libinit2.o)
    0x08000212   0x08000212   0x00000000   Code   RO         2786    .ARM.Collect$$libinit$$0000000E  c_w.l(libinit2.o)
    0x08000212   0x08000212   0x00000006   Code   RO         2787    .ARM.Collect$$libinit$$0000000F  c_w.l(libinit2.o)
    0x08000218   0x08000218   0x00000000   Code   RO         2789    .ARM.Collect$$libinit$$00000011  c_w.l(libinit2.o)
    0x08000218   0x08000218   0x00000000   Code   RO         2791    .ARM.Collect$$libinit$$00000013  c_w.l(libinit2.o)
    0x08000218   0x08000218   0x00000000   Code   RO         2793    .ARM.Collect$$libinit$$00000015  c_w.l(libinit2.o)
    0x08000218   0x08000218   0x0000000a   Code   RO         2794    .ARM.Collect$$libinit$$00000016  c_w.l(libinit2.o)
    0x08000222   0x08000222   0x00000000   Code   RO         2795    .ARM.Collect$$libinit$$00000017  c_w.l(libinit2.o)
    0x08000222   0x08000222   0x00000000   Code   RO         2797    .ARM.Collect$$libinit$$00000019  c_w.l(libinit2.o)
    0x08000222   0x08000222   0x00000000   Code   RO         2799    .ARM.Collect$$libinit$$0000001B  c_w.l(libinit2.o)
    0x08000222   0x08000222   0x00000000   Code   RO         2801    .ARM.Collect$$libinit$$0000001D  c_w.l(libinit2.o)
    0x08000222   0x08000222   0x00000000   Code   RO         2803    .ARM.Collect$$libinit$$0000001F  c_w.l(libinit2.o)
    0x08000222   0x08000222   0x00000000   Code   RO         2805    .ARM.Collect$$libinit$$00000021  c_w.l(libinit2.o)
    0x08000222   0x08000222   0x00000000   Code   RO         2807    .ARM.Collect$$libinit$$00000023  c_w.l(libinit2.o)
    0x08000222   0x08000222   0x00000000   Code   RO         2809    .ARM.Collect$$libinit$$00000025  c_w.l(libinit2.o)
    0x08000222   0x08000222   0x00000000   Code   RO         2813    .ARM.Collect$$libinit$$0000002C  c_w.l(libinit2.o)
    0x08000222   0x08000222   0x00000000   Code   RO         2815    .ARM.Collect$$libinit$$0000002E  c_w.l(libinit2.o)
    0x08000222   0x08000222   0x00000000   Code   RO         2817    .ARM.Collect$$libinit$$00000030  c_w.l(libinit2.o)
    0x08000222   0x08000222   0x00000000   Code   RO         2819    .ARM.Collect$$libinit$$00000032  c_w.l(libinit2.o)
    0x08000222   0x08000222   0x00000002   Code   RO         2820    .ARM.Collect$$libinit$$00000033  c_w.l(libinit2.o)
    0x08000224   0x08000224   0x00000002   Code   RO         2848    .ARM.Collect$$libshutdown$$00000000  c_w.l(libshutdown.o)
    0x08000226   0x08000226   0x00000000   Code   RO         2857    .ARM.Collect$$libshutdown$$00000002  c_w.l(libshutdown2.o)
    0x08000226   0x08000226   0x00000000   Code   RO         2859    .ARM.Collect$$libshutdown$$00000004  c_w.l(libshutdown2.o)
    0x08000226   0x08000226   0x00000000   Code   RO         2862    .ARM.Collect$$libshutdown$$00000007  c_w.l(libshutdown2.o)
    0x08000226   0x08000226   0x00000000   Code   RO         2865    .ARM.Collect$$libshutdown$$0000000A  c_w.l(libshutdown2.o)
    0x08000226   0x08000226   0x00000000   Code   RO         2867    .ARM.Collect$$libshutdown$$0000000C  c_w.l(libshutdown2.o)
    0x08000226   0x08000226   0x00000000   Code   RO         2870    .ARM.Collect$$libshutdown$$0000000F  c_w.l(libshutdown2.o)
    0x08000226   0x08000226   0x00000002   Code   RO         2871    .ARM.Collect$$libshutdown$$00000010  c_w.l(libshutdown2.o)
    0x08000228   0x08000228   0x00000000   Code   RO         2676    .ARM.Collect$$rtentry$$00000000  c_w.l(__rtentry.o)
    0x08000228   0x08000228   0x00000000   Code   RO         2700    .ARM.Collect$$rtentry$$00000002  c_w.l(__rtentry2.o)
    0x08000228   0x08000228   0x00000006   Code   RO         2712    .ARM.Collect$$rtentry$$00000004  c_w.l(__rtentry4.o)
    0x0800022e   0x0800022e   0x00000000   Code   RO         2702    .ARM.Collect$$rtentry$$00000009  c_w.l(__rtentry2.o)
    0x0800022e   0x0800022e   0x00000004   Code   RO         2703    .ARM.Collect$$rtentry$$0000000A  c_w.l(__rtentry2.o)
    0x08000232   0x08000232   0x00000000   Code   RO         2705    .ARM.Collect$$rtentry$$0000000C  c_w.l(__rtentry2.o)
    0x08000232   0x08000232   0x00000008   Code   RO         2706    .ARM.Collect$$rtentry$$0000000D  c_w.l(__rtentry2.o)
    0x0800023a   0x0800023a   0x00000002   Code   RO         2821    .ARM.Collect$$rtexit$$00000000  c_w.l(rtexit.o)
    0x0800023c   0x0800023c   0x00000000   Code   RO         2828    .ARM.Collect$$rtexit$$00000002  c_w.l(rtexit2.o)
    0x0800023c   0x0800023c   0x00000004   Code   RO         2829    .ARM.Collect$$rtexit$$00000003  c_w.l(rtexit2.o)
    0x08000240   0x08000240   0x00000006   Code   RO         2830    .ARM.Collect$$rtexit$$00000004  c_w.l(rtexit2.o)
    0x08000246   0x08000246   0x00000002   PAD
    0x08000248   0x08000248   0x00000040   Code   RO         2564    .text               startup_stm32f40_41xxx.o
    0x08000288   0x08000288   0x00000002   Code   RO         2611    .text               c_w.l(use_no_semi_2.o)
    0x0800028a   0x0800028a   0x00000002   PAD
    0x0800028c   0x0800028c   0x00000018   Code   RO         2617    .text               c_w.l(noretval__2printf.o)
    0x080002a4   0x080002a4   0x00000028   Code   RO         2619    .text               c_w.l(noretval__2sprintf.o)
    0x080002cc   0x080002cc   0x00000078   Code   RO         2623    .text               c_w.l(_printf_dec.o)
    0x08000344   0x08000344   0x0000010e   Code   RO         2633    .text               c_w.l(__printf_wp.o)
    0x08000452   0x08000452   0x00000044   Code   RO         2648    .text               c_w.l(rt_memclr.o)
    0x08000496   0x08000496   0x0000004e   Code   RO         2650    .text               c_w.l(rt_memclr_w.o)
    0x080004e4   0x080004e4   0x00000080   Code   RO         2652    .text               c_w.l(strcmpv7m.o)
    0x08000564   0x08000564   0x00000006   Code   RO         2654    .text               c_w.l(heapauxi.o)
    0x0800056a   0x0800056a   0x00000002   Code   RO         2674    .text               c_w.l(use_no_semi.o)
    0x0800056c   0x0800056c   0x000000b2   Code   RO         2677    .text               c_w.l(_printf_intcommon.o)
    0x0800061e   0x0800061e   0x0000041e   Code   RO         2679    .text               c_w.l(_printf_fp_dec.o)
    0x08000a3c   0x08000a3c   0x00000030   Code   RO         2681    .text               c_w.l(_printf_char_common.o)
    0x08000a6c   0x08000a6c   0x0000000a   Code   RO         2683    .text               c_w.l(_sputc.o)
    0x08000a76   0x08000a76   0x00000002   PAD
    0x08000a78   0x08000a78   0x00000024   Code   RO         2685    .text               c_w.l(_printf_char_file.o)
    0x08000a9c   0x08000a9c   0x00000008   Code   RO         2717    .text               c_w.l(rt_locale_intlibspace.o)
    0x08000aa4   0x08000aa4   0x0000008a   Code   RO         2719    .text               c_w.l(lludiv10.o)
    0x08000b2e   0x08000b2e   0x00000002   PAD
    0x08000b30   0x08000b30   0x00000080   Code   RO         2721    .text               c_w.l(_printf_fp_infnan.o)
    0x08000bb0   0x08000bb0   0x000000e4   Code   RO         2725    .text               c_w.l(bigflt0.o)
    0x08000c94   0x08000c94   0x00000008   Code   RO         2750    .text               c_w.l(ferror.o)
    0x08000c9c   0x08000c9c   0x00000008   Code   RO         2763    .text               c_w.l(libspace.o)
    0x08000ca4   0x08000ca4   0x0000004a   Code   RO         2766    .text               c_w.l(sys_stackheap_outer.o)
    0x08000cee   0x08000cee   0x00000012   Code   RO         2768    .text               c_w.l(exit.o)
    0x08000d00   0x08000d00   0x0000003e   Code   RO         2728    CL$$btod_d2e        c_w.l(btod.o)
    0x08000d3e   0x08000d3e   0x00000046   Code   RO         2730    CL$$btod_d2e_denorm_low  c_w.l(btod.o)
    0x08000d84   0x08000d84   0x00000060   Code   RO         2729    CL$$btod_d2e_norm_op1  c_w.l(btod.o)
    0x08000de4   0x08000de4   0x00000338   Code   RO         2738    CL$$btod_div_common  c_w.l(btod.o)
    0x0800111c   0x0800111c   0x000000dc   Code   RO         2735    CL$$btod_e2e        c_w.l(btod.o)
    0x080011f8   0x080011f8   0x0000002a   Code   RO         2732    CL$$btod_ediv       c_w.l(btod.o)
    0x08001222   0x08001222   0x0000002a   Code   RO         2731    CL$$btod_emul       c_w.l(btod.o)
    0x0800124c   0x0800124c   0x00000244   Code   RO         2737    CL$$btod_mult_common  c_w.l(btod.o)
    0x08001490   0x08001490   0x000000b4   Code   RO          177    i.Bluetooth_Init    bluetooth.o
    0x08001544   0x08001544   0x000000b0   Code   RO          413    i.Ch2o_Init         ch2o.o
    0x080015f4   0x080015f4   0x000000d0   Code   RO          414    i.CheckSum          ch2o.o
    0x080016c4   0x080016c4   0x00000052   Code   RO          337    i.Dht11_Date        dht11.o
    0x08001716   0x08001716   0x00000002   PAD
    0x08001718   0x08001718   0x00000040   Code   RO          338    i.Dht11_Init        dht11.o
    0x08001758   0x08001758   0x0000002c   Code   RO          339    i.Dht11_Pin_Mode    dht11.o
    0x08001784   0x08001784   0x00000098   Code   RO          340    i.Dht11_Recv_Byte   dht11.o
    0x0800181c   0x0800181c   0x000000ac   Code   RO          341    i.Dht11_Start       dht11.o
    0x080018c8   0x080018c8   0x00000090   Code   RO          841    i.GPIO_Init         stm32f4xx_gpio.o
    0x08001958   0x08001958   0x00000046   Code   RO          842    i.GPIO_PinAFConfig  stm32f4xx_gpio.o
    0x0800199e   0x0800199e   0x00000012   Code   RO          845    i.GPIO_ReadInputDataBit  stm32f4xx_gpio.o
    0x080019b0   0x080019b0   0x00000012   Code   RO          847    i.GPIO_ReadOutputDataBit  stm32f4xx_gpio.o
    0x080019c2   0x080019c2   0x00000004   Code   RO          848    i.GPIO_ResetBits    stm32f4xx_gpio.o
    0x080019c6   0x080019c6   0x00000004   Code   RO          849    i.GPIO_SetBits      stm32f4xx_gpio.o
    0x080019ca   0x080019ca   0x00000008   Code   RO          851    i.GPIO_ToggleBits   stm32f4xx_gpio.o
    0x080019d2   0x080019d2   0x00000002   PAD
    0x080019d4   0x080019d4   0x000000a8   Code   RO          238    i.Get_Hcsr04_Value  hcsr04.o
    0x08001a7c   0x08001a7c   0x00000084   Code   RO          239    i.Hcsr04_Init       hcsr04.o
    0x08001b00   0x08001b00   0x00000048   Code   RO          475    i.I2C_Configuration  oled_i2c.o
    0x08001b48   0x08001b48   0x0000006c   Code   RO          476    i.I2C_WriteByte     oled_i2c.o
    0x08001bb4   0x08001bb4   0x00000048   Code   RO          621    i.Iic_Init          iic.o
    0x08001bfc   0x08001bfc   0x0000003c   Code   RO          313    i.Led_Init          led.o
    0x08001c38   0x08001c38   0x00000078   Code   RO          726    i.NVIC_Init         misc.o
    0x08001cb0   0x08001cb0   0x0000003a   Code   RO          479    i.OLED_Fill         oled_i2c.o
    0x08001cea   0x08001cea   0x00000002   PAD
    0x08001cec   0x08001cec   0x0000002c   Code   RO          480    i.OLED_Iic_OLED_SDA_Mode  oled_i2c.o
    0x08001d18   0x08001d18   0x00000044   Code   RO          481    i.OLED_Iic_Recv_Ack  oled_i2c.o
    0x08001d5c   0x08001d5c   0x0000005c   Code   RO          484    i.OLED_Iic_Send_Byte  oled_i2c.o
    0x08001db8   0x08001db8   0x0000003c   Code   RO          485    i.OLED_Iic_Start    oled_i2c.o
    0x08001df4   0x08001df4   0x00000038   Code   RO          486    i.OLED_Iic_Stop     oled_i2c.o
    0x08001e2c   0x08001e2c   0x000000b2   Code   RO          487    i.OLED_Init         oled_i2c.o
    0x08001ede   0x08001ede   0x00000028   Code   RO          490    i.OLED_SetPos       oled_i2c.o
    0x08001f06   0x08001f06   0x00000002   PAD
    0x08001f08   0x08001f08   0x000000ec   Code   RO          492    i.OLED_ShowStr      oled_i2c.o
    0x08001ff4   0x08001ff4   0x00000110   Code   RO          153    i.Pwm_Init          pwm.o
    0x08002104   0x08002104   0x00000020   Code   RO         1056    i.RCC_AHB1PeriphClockCmd  stm32f4xx_rcc.o
    0x08002124   0x08002124   0x00000020   Code   RO         1065    i.RCC_APB1PeriphClockCmd  stm32f4xx_rcc.o
    0x08002144   0x08002144   0x00000020   Code   RO         1068    i.RCC_APB2PeriphClockCmd  stm32f4xx_rcc.o
    0x08002164   0x08002164   0x000000e8   Code   RO         1077    i.RCC_GetClocksFreq  stm32f4xx_rcc.o
    0x0800224c   0x0800224c   0x000000ec   Code   RO         2571    i.SetSysClock       system_stm32f4xx.o
    0x08002338   0x08002338   0x00000068   Code   RO         2573    i.SystemInit        system_stm32f4xx.o
    0x080023a0   0x080023a0   0x0000005c   Code   RO            4    i.TIM2_IRQHandler   main.o
    0x080023fc   0x080023fc   0x00000018   Code   RO         1810    i.TIM_ARRPreloadConfig  stm32f4xx_tim.o
    0x08002414   0x08002414   0x00000006   Code   RO         1817    i.TIM_ClearITPendingBit  stm32f4xx_tim.o
    0x0800241a   0x0800241a   0x00000018   Code   RO         1822    i.TIM_Cmd           stm32f4xx_tim.o
    0x08002432   0x08002432   0x00000022   Code   RO         1843    i.TIM_GetITStatus   stm32f4xx_tim.o
    0x08002454   0x08002454   0x00000012   Code   RO         1847    i.TIM_ITConfig      stm32f4xx_tim.o
    0x08002466   0x08002466   0x00000002   PAD
    0x08002468   0x08002468   0x0000007c   Code   RO         1851    i.TIM_OC1Init       stm32f4xx_tim.o
    0x080024e4   0x080024e4   0x00000012   Code   RO         1854    i.TIM_OC1PreloadConfig  stm32f4xx_tim.o
    0x080024f6   0x080024f6   0x00000002   PAD
    0x080024f8   0x080024f8   0x000000a4   Code   RO         1856    i.TIM_OC2Init       stm32f4xx_tim.o
    0x0800259c   0x0800259c   0x0000001a   Code   RO         1859    i.TIM_OC2PreloadConfig  stm32f4xx_tim.o
    0x080025b6   0x080025b6   0x00000002   PAD
    0x080025b8   0x080025b8   0x000000a0   Code   RO         1861    i.TIM_OC3Init       stm32f4xx_tim.o
    0x08002658   0x08002658   0x00000012   Code   RO         1864    i.TIM_OC3PreloadConfig  stm32f4xx_tim.o
    0x0800266a   0x0800266a   0x00000002   PAD
    0x0800266c   0x0800266c   0x00000078   Code   RO         1866    i.TIM_OC4Init       stm32f4xx_tim.o
    0x080026e4   0x080026e4   0x0000001a   Code   RO         1868    i.TIM_OC4PreloadConfig  stm32f4xx_tim.o
    0x080026fe   0x080026fe   0x00000004   Code   RO         1884    i.TIM_SetCompare1   stm32f4xx_tim.o
    0x08002702   0x08002702   0x00000004   Code   RO         1885    i.TIM_SetCompare2   stm32f4xx_tim.o
    0x08002706   0x08002706   0x00000004   Code   RO         1886    i.TIM_SetCompare3   stm32f4xx_tim.o
    0x0800270a   0x0800270a   0x00000004   Code   RO         1887    i.TIM_SetCompare4   stm32f4xx_tim.o
    0x0800270e   0x0800270e   0x00000002   PAD
    0x08002710   0x08002710   0x00000084   Code   RO         1894    i.TIM_TimeBaseInit  stm32f4xx_tim.o
    0x08002794   0x08002794   0x00000084   Code   RO          389    i.Tim3_Init         tim3.o
    0x08002818   0x08002818   0x000000a0   Code   RO            5    i.USART1_IRQHandler  main.o
    0x080028b8   0x080028b8   0x00000080   Code   RO          415    i.USART3_IRQHandler  ch2o.o
    0x08002938   0x08002938   0x0000001e   Code   RO         2373    i.USART_ClearITPendingBit  stm32f4xx_usart.o
    0x08002956   0x08002956   0x00000018   Code   RO         2376    i.USART_Cmd         stm32f4xx_usart.o
    0x0800296e   0x0800296e   0x0000001a   Code   RO         2379    i.USART_GetFlagStatus  stm32f4xx_usart.o
    0x08002988   0x08002988   0x00000054   Code   RO         2380    i.USART_GetITStatus  stm32f4xx_usart.o
    0x080029dc   0x080029dc   0x0000004a   Code   RO         2382    i.USART_ITConfig    stm32f4xx_usart.o
    0x08002a26   0x08002a26   0x00000002   PAD
    0x08002a28   0x08002a28   0x000000d4   Code   RO         2383    i.USART_Init        stm32f4xx_usart.o
    0x08002afc   0x08002afc   0x0000000a   Code   RO         2390    i.USART_ReceiveData  stm32f4xx_usart.o
    0x08002b06   0x08002b06   0x00000008   Code   RO         2393    i.USART_SendData    stm32f4xx_usart.o
    0x08002b0e   0x08002b0e   0x0000000e   Code   RO          493    i.WriteCmd          oled_i2c.o
    0x08002b1c   0x08002b1c   0x0000000e   Code   RO          494    i.WriteDat          oled_i2c.o
    0x08002b2a   0x08002b2a   0x00000030   Code   RO         2761    i.__ARM_fpclassify  m_wm.l(fpclassify.o)
    0x08002b5a   0x08002b5a   0x0000000e   Code   RO         2635    i._is_digit         c_w.l(__printf_wp.o)
    0x08002b68   0x08002b68   0x00000006   Code   RO          201    i._sys_exit         printf.o
    0x08002b6e   0x08002b6e   0x00000002   PAD
    0x08002b70   0x08002b70   0x0000003c   Code   RO          702    i.beep_Init         beep.o
    0x08002bac   0x08002bac   0x0000000c   Code   RO          416    i.ch2oInit          ch2o.o
    0x08002bb8   0x08002bb8   0x0000000c   Code   RO          417    i.co2Init           ch2o.o
    0x08002bc4   0x08002bc4   0x0000004c   Code   RO          269    i.delay_ms          delay.o
    0x08002c10   0x08002c10   0x00000020   Code   RO          270    i.delay_s           delay.o
    0x08002c30   0x08002c30   0x0000004c   Code   RO          271    i.delay_us          delay.o
    0x08002c7c   0x08002c7c   0x00000024   Code   RO          202    i.fputc             printf.o
    0x08002ca0   0x08002ca0   0x00000530   Code   RO            6    i.main              main.o
    0x080031d0   0x080031d0   0x0000000c   Code   RO          418    i.tvocInit          ch2o.o
    0x080031dc   0x080031dc   0x0000002c   Code   RO         2755    locale$$code        c_w.l(lc_numeric_c.o)
    0x08003208   0x08003208   0x00000062   Code   RO         2658    x$fpl$d2f           fz_wm.l(d2f.o)
    0x0800326a   0x0800326a   0x00000018   Code   RO         2757    x$fpl$dcmpinf       fz_wm.l(dcmpi.o)
    0x08003282   0x08003282   0x0000002e   Code   RO         2661    x$fpl$dflt          fz_wm.l(dflt_clz.o)
    0x080032b0   0x080032b0   0x00000078   Code   RO         2688    x$fpl$dleqf         fz_wm.l(dleqf.o)
    0x08003328   0x08003328   0x00000154   Code   RO         2666    x$fpl$dmul          fz_wm.l(dmul.o)
    0x0800347c   0x0800347c   0x0000009c   Code   RO         2690    x$fpl$dnaninf       fz_wm.l(dnaninf.o)
    0x08003518   0x08003518   0x0000000c   Code   RO         2692    x$fpl$dretinf       fz_wm.l(dretinf.o)
    0x08003524   0x08003524   0x0000006c   Code   RO         2668    x$fpl$drleqf        fz_wm.l(drleqf.o)
    0x08003590   0x08003590   0x00000056   Code   RO         2670    x$fpl$f2d           fz_wm.l(f2d.o)
    0x080035e6   0x080035e6   0x0000008c   Code   RO         2694    x$fpl$fnaninf       fz_wm.l(fnaninf.o)
    0x08003672   0x08003672   0x0000000a   Code   RO         2825    x$fpl$fpinit        fz_wm.l(fpinit.o)
    0x0800367c   0x0800367c   0x0000000a   Code   RO         2696    x$fpl$fretinf       fz_wm.l(fretinf.o)
    0x08003686   0x08003686   0x00000004   Code   RO         2672    x$fpl$printf1       fz_wm.l(printf1.o)
    0x0800368a   0x0800368a   0x00000000   Code   RO         2698    x$fpl$usenofp       fz_wm.l(usenofp.o)
    0x0800368a   0x0800368a   0x00000818   Data   RO          495    .constdata          oled_i2c.o
    0x08003ea2   0x08003ea2   0x00000002   PAD
    0x08003ea4   0x08003ea4   0x00000094   Data   RO         2726    .constdata          c_w.l(bigflt0.o)
    0x08003f38   0x08003f38   0x00000020   Data   RO         2896    Region$$Table       anon$$obj.o
    0x08003f58   0x08003f58   0x0000001c   Data   RO         2754    locale$$data        c_w.l(lc_numeric_c.o)


    Execution Region RW_IRAM2 (Exec base: 0x10000000, Load base: 0x08003fc4, Size: 0x00000000, Max: 0x00010000, ABSOLUTE)

    **** No section assigned to this execution region ****


    Execution Region RW_IRAM1 (Exec base: 0x20000000, Load base: 0x08003f74, Size: 0x00000708, Max: 0x00020000, ABSOLUTE)

    Exec Addr    Load Addr    Size         Type   Attr      Idx    E Section Name        Object

    0x20000000   0x08003f74   0x00000023   Data   RW            8    .data               main.o
    0x20000023   0x08003f97   0x00000001   PAD
    0x20000024   0x08003f98   0x00000004   Data   RW          203    .data               printf.o
    0x20000028   0x08003f9c   0x00000008   Data   RW          272    .data               delay.o
    0x20000030   0x08003fa4   0x00000010   Data   RW          420    .data               ch2o.o
    0x20000040   0x08003fb4   0x00000010   Data   RW         1108    .data               stm32f4xx_rcc.o
    0x20000050        -       0x00000040   Zero   RW            7    .bss                main.o
    0x20000090        -       0x00000012   Zero   RW          419    .bss                ch2o.o
    0x200000a2   0x08003fc4   0x00000002   PAD
    0x200000a4        -       0x00000060   Zero   RW         2764    .bss                c_w.l(libspace.o)
    0x20000104   0x08003fc4   0x00000004   PAD
    0x20000108        -       0x00000200   Zero   RW         2562    HEAP                startup_stm32f40_41xxx.o
    0x20000308        -       0x00000400   Zero   RW         2561    STACK               startup_stm32f40_41xxx.o


==============================================================================

Image component sizes


      Code (inc. data)   RO Data    RW Data    ZI Data      Debug   Object Name

        60          6          0          0          0        492   beep.o
       180         10          0          0          0        661   bluetooth.o
       548         76          0         16         18       3989   ch2o.o
       184         12          0          8          0       1794   delay.o
       514         26          0          0          0       3523   dht11.o
       300         16          0          0          0       1313   hcsr04.o
        72         14          0          0          0        491   iic.o
        60          6          0          0          0        487   led.o
      1580        436          0         35         64     302532   main.o
       120         14          0          0          0       1288   misc.o
      1040         78       2072          0          0       7935   oled_i2c.o
        42          4          0          4          0       2810   printf.o
       272          8          0          0          0        691   pwm.o
        64         26        392          0       1536        848   startup_stm32f40_41xxx.o
       266          0          0          0          0       5338   stm32f4xx_gpio.o
       328         36          0         16          0       5051   stm32f4xx_rcc.o
       910         66          0          0          0      13025   stm32f4xx_tim.o
       468          8          0          0          0       6795   stm32f4xx_usart.o
       340         32          0          0          0       1705   system_stm32f4xx.o
       132          6          0          0          0        568   tim3.o

    ----------------------------------------------------------------------
      7502        880       2498         80       1620     361336   Object Totals
         0          0         32          0          0          0   (incl. Generated)
        22          0          2          1          2          0   (incl. Padding)

    ----------------------------------------------------------------------

      Code (inc. data)   RO Data    RW Data    ZI Data      Debug   Library Member Name

         8          0          0          0          0         68   __main.o
       284          0          0          0          0        156   __printf_wp.o
         0          0          0          0          0          0   __rtentry.o
        12          0          0          0          0          0   __rtentry2.o
         6          0          0          0          0          0   __rtentry4.o
        52          8          0          0          0          0   __scatter.o
        26          0          0          0          0          0   __scatter_copy.o
        28          0          0          0          0          0   __scatter_zi.o
        48          6          0          0          0         96   _printf_char_common.o
        36          4          0          0          0         80   _printf_char_file.o
         6          0          0          0          0          0   _printf_d.o
       120         16          0          0          0         92   _printf_dec.o
         6          0          0          0          0          0   _printf_f.o
      1054          0          0          0          0        216   _printf_fp_dec.o
       128         16          0          0          0         84   _printf_fp_infnan.o
       178          0          0          0          0         88   _printf_intcommon.o
         0          0          0          0          0          0   _printf_percent.o
         4          0          0          0          0          0   _printf_percent_end.o
        10          0          0          0          0         68   _sputc.o
       228          4        148          0          0         96   bigflt0.o
      1936        128          0          0          0        672   btod.o
        18          0          0          0          0         80   exit.o
         8          0          0          0          0         68   ferror.o
         6          0          0          0          0        152   heapauxi.o
        44         10         28          0          0         76   lc_numeric_c.o
         2          0          0          0          0          0   libinit.o
        22          0          0          0          0          0   libinit2.o
         2          0          0          0          0          0   libshutdown.o
         2          0          0          0          0          0   libshutdown2.o
         8          4          0          0         96         68   libspace.o
       138          0          0          0          0         80   lludiv10.o
        24          4          0          0          0         84   noretval__2printf.o
        40          6          0          0          0         84   noretval__2sprintf.o
         8          4          0          0          0         68   rt_locale_intlibspace.o
        68          0          0          0          0         68   rt_memclr.o
        78          0          0          0          0         80   rt_memclr_w.o
         2          0          0          0          0          0   rtexit.o
        10          0          0          0          0          0   rtexit2.o
       128          0          0          0          0         68   strcmpv7m.o
        74          0          0          0          0         80   sys_stackheap_outer.o
         2          0          0          0          0         68   use_no_semi.o
         2          0          0          0          0         68   use_no_semi_2.o
        98          4          0          0          0        140   d2f.o
        24          0          0          0          0        116   dcmpi.o
        46          0          0          0          0        116   dflt_clz.o
       120          4          0          0          0        140   dleqf.o
       340         12          0          0          0        152   dmul.o
       156          4          0          0          0        140   dnaninf.o
        12          0          0          0          0        116   dretinf.o
       108          0          0          0          0        128   drleqf.o
        86          4          0          0          0        132   f2d.o
       140          4          0          0          0        132   fnaninf.o
        10          0          0          0          0        116   fpinit.o
        10          0          0          0          0        116   fretinf.o
         4          0          0          0          0        116   printf1.o
         0          0          0          0          0          0   usenofp.o
        48          0          0          0          0        124   fpclassify.o

    ----------------------------------------------------------------------
      6068        242        176          0        100       4692   Library Totals
        10          0          0          0          4          0   (incl. Padding)

    ----------------------------------------------------------------------

      Code (inc. data)   RO Data    RW Data    ZI Data      Debug   Library Name

      4856        210        176          0         96       2908   c_w.l
      1154         32          0          0          0       1660   fz_wm.l
        48          0          0          0          0        124   m_wm.l

    ----------------------------------------------------------------------
      6068        242        176          0        100       4692   Library Totals

    ----------------------------------------------------------------------

==============================================================================


      Code (inc. data)   RO Data    RW Data    ZI Data      Debug   

     13570       1122       2674         80       1720     355716   Grand Totals
     13570       1122       2674         80       1720     355716   ELF Image Totals
     13570       1122       2674         80          0          0   ROM Totals

==============================================================================

    Total RO  Size (Code + RO Data)                16244 (  15.86kB)
    Total RW  Size (RW Data + ZI Data)              1800 (   1.76kB)
    Total ROM Size (Code + RO Data + RW Data)      16324 (  15.94kB)

==============================================================================

